Archive member included to satisfy reference by file (symbol)

/usr/lib/gcc/arm-none-eabi/12.2.1/../../../arm-none-eabi/lib/thumb/v8-m.main+fp/softfp/libm.a(lib_a-wf_sqrt.o)
                              CMakeFiles/rp2040-logic-analyzer.dir/home/devel/pico2/pico-sdk/src/rp2_common/pico_float/float_math.c.o (sqrtf)
/usr/lib/gcc/arm-none-eabi/12.2.1/../../../arm-none-eabi/lib/thumb/v8-m.main+fp/softfp/libm.a(lib_a-ef_sqrt.o)
                              /usr/lib/gcc/arm-none-eabi/12.2.1/../../../arm-none-eabi/lib/thumb/v8-m.main+fp/softfp/libm.a(lib_a-wf_sqrt.o) (__ieee754_sqrtf)
/usr/lib/gcc/arm-none-eabi/12.2.1/../../../arm-none-eabi/lib/thumb/v8-m.main+fp/softfp/libm.a(lib_a-s_lib_ver.o)
                              /usr/lib/gcc/arm-none-eabi/12.2.1/../../../arm-none-eabi/lib/thumb/v8-m.main+fp/softfp/libm.a(lib_a-wf_sqrt.o) (__fdlib_version)
/usr/lib/gcc/arm-none-eabi/12.2.1/thumb/v8-m.main+fp/softfp/libgcc.a(_arm_addsubdf3.o)
                              CMakeFiles/rp2040-logic-analyzer.dir/rp2040-logic-analyzer.c.o (__aeabi_f2d)
/usr/lib/gcc/arm-none-eabi/12.2.1/thumb/v8-m.main+fp/softfp/libgcc.a(_aeabi_ldivmod.o)
                              CMakeFiles/rp2040-logic-analyzer.dir/home/devel/pico2/pico-sdk/src/common/pico_time/time.c.o (__aeabi_ldivmod)
/usr/lib/gcc/arm-none-eabi/12.2.1/thumb/v8-m.main+fp/softfp/libgcc.a(_aeabi_uldivmod.o)
                              CMakeFiles/rp2040-logic-analyzer.dir/home/devel/pico2/pico-sdk/src/rp2_common/hardware_clocks/clocks.c.o (__aeabi_uldivmod)
/usr/lib/gcc/arm-none-eabi/12.2.1/thumb/v8-m.main+fp/softfp/libgcc.a(_udivmoddi4.o)
                              /usr/lib/gcc/arm-none-eabi/12.2.1/thumb/v8-m.main+fp/softfp/libgcc.a(_aeabi_ldivmod.o) (__udivmoddi4)
/usr/lib/gcc/arm-none-eabi/12.2.1/thumb/v8-m.main+fp/softfp/libgcc.a(_dvmd_tls.o)
                              /usr/lib/gcc/arm-none-eabi/12.2.1/thumb/v8-m.main+fp/softfp/libgcc.a(_aeabi_ldivmod.o) (__aeabi_ldiv0)
/usr/lib/gcc/arm-none-eabi/12.2.1/../../../arm-none-eabi/lib/thumb/v8-m.main+fp/softfp/libg.a(lib_a-atexit.o)
                              /usr/lib/gcc/arm-none-eabi/12.2.1/../../../arm-none-eabi/lib/thumb/v8-m.main+fp/softfp/crt0.o (atexit)
/usr/lib/gcc/arm-none-eabi/12.2.1/../../../arm-none-eabi/lib/thumb/v8-m.main+fp/softfp/libg.a(lib_a-calloc.o)
                              CMakeFiles/rp2040-logic-analyzer.dir/home/devel/pico2/pico-sdk/src/rp2_common/pico_malloc/malloc.c.o (calloc)
/usr/lib/gcc/arm-none-eabi/12.2.1/../../../arm-none-eabi/lib/thumb/v8-m.main+fp/softfp/libg.a(lib_a-callocr.o)
                              /usr/lib/gcc/arm-none-eabi/12.2.1/../../../arm-none-eabi/lib/thumb/v8-m.main+fp/softfp/libg.a(lib_a-calloc.o) (_calloc_r)
/usr/lib/gcc/arm-none-eabi/12.2.1/../../../arm-none-eabi/lib/thumb/v8-m.main+fp/softfp/libg.a(lib_a-ctype_.o)
                              CMakeFiles/rp2040-logic-analyzer.dir/rp2040-logic-analyzer.c.o (_ctype_)
/usr/lib/gcc/arm-none-eabi/12.2.1/../../../arm-none-eabi/lib/thumb/v8-m.main+fp/softfp/libg.a(lib_a-errno.o)
                              /usr/lib/gcc/arm-none-eabi/12.2.1/../../../arm-none-eabi/lib/thumb/v8-m.main+fp/softfp/libm.a(lib_a-wf_sqrt.o) (__errno)
/usr/lib/gcc/arm-none-eabi/12.2.1/../../../arm-none-eabi/lib/thumb/v8-m.main+fp/softfp/libg.a(lib_a-fini.o)
                              /usr/lib/gcc/arm-none-eabi/12.2.1/../../../arm-none-eabi/lib/thumb/v8-m.main+fp/softfp/crt0.o (__libc_fini_array)
/usr/lib/gcc/arm-none-eabi/12.2.1/../../../arm-none-eabi/lib/thumb/v8-m.main+fp/softfp/libg.a(lib_a-impure.o)
                              /usr/lib/gcc/arm-none-eabi/12.2.1/../../../arm-none-eabi/lib/thumb/v8-m.main+fp/softfp/libg.a(lib_a-calloc.o) (_impure_ptr)
/usr/lib/gcc/arm-none-eabi/12.2.1/../../../arm-none-eabi/lib/thumb/v8-m.main+fp/softfp/libg.a(lib_a-init.o)
                              /usr/lib/gcc/arm-none-eabi/12.2.1/../../../arm-none-eabi/lib/thumb/v8-m.main+fp/softfp/crt0.o (__libc_init_array)
/usr/lib/gcc/arm-none-eabi/12.2.1/../../../arm-none-eabi/lib/thumb/v8-m.main+fp/softfp/libg.a(lib_a-lcltime_r.o)
                              CMakeFiles/rp2040-logic-analyzer.dir/home/devel/pico2/pico-sdk/src/common/pico_util/datetime.c.o (localtime_r)
/usr/lib/gcc/arm-none-eabi/12.2.1/../../../arm-none-eabi/lib/thumb/v8-m.main+fp/softfp/libg.a(lib_a-malloc.o)
                              CMakeFiles/rp2040-logic-analyzer.dir/home/devel/pico2/pico-sdk/src/rp2_common/pico_malloc/malloc.c.o (malloc)
/usr/lib/gcc/arm-none-eabi/12.2.1/../../../arm-none-eabi/lib/thumb/v8-m.main+fp/softfp/libg.a(lib_a-mallocr.o)
                              /usr/lib/gcc/arm-none-eabi/12.2.1/../../../arm-none-eabi/lib/thumb/v8-m.main+fp/softfp/libg.a(lib_a-callocr.o) (_malloc_r)
/usr/lib/gcc/arm-none-eabi/12.2.1/../../../arm-none-eabi/lib/thumb/v8-m.main+fp/softfp/libg.a(lib_a-memcmp.o)
                              CMakeFiles/rp2040-logic-analyzer.dir/home/devel/pico2/pico-sdk/src/rp2_common/pico_atomic/atomic.c.o (memcmp)
[...]
Memory Configuration

Name             Origin             Length             Attributes
FLASH            0x10000000         0x00400000         xr
RAM              0x20000000         0x00080000         xrw
SCRATCH_X        0x20080000         0x00001000         xrw
SCRATCH_Y        0x20081000         0x00001000         xrw
*default*        0x00000000         0xffffffff

Linker script and memory map

LOAD /usr/lib/gcc/arm-none-eabi/12.2.1/thumb/v8-m.main+fp/softfp/crti.o
LOAD /usr/lib/gcc/arm-none-eabi/12.2.1/thumb/v8-m.main+fp/softfp/crtbegin.o
LOAD /usr/lib/gcc/arm-none-eabi/12.2.1/../../../arm-none-eabi/lib/thumb/v8-m.main+fp/softfp/crt0.o

.flash_begin    0x10000000        0x0
                0x10000000                        __flash_binary_start = .

.text           0x10000000     0x6e00
                0x10000000                        __logical_binary_start = .
 *(.vectors)
 .vectors       0x10000000      0x124 CMakeFiles/rp2040-logic-analyzer.dir/home/devel/pico2/pico-sdk/src/rp2_common/pico_crt0/crt0.S.o
                0x10000000                __vectors
                0x10000000                __VECTOR_TABLE
                0x10000110                isr_invalid
                0x10000110                __default_isrs_start
                0x10000112                isr_nmi
                0x10000114                isr_hardfault
                0x10000116                isr_svcall
                0x10000118                isr_pendsv
                0x1000011a                isr_systick
                0x1000011c                isr_irq30
                0x1000011c                __unhandled_user_irq
                0x1000011c                isr_irq49
                0x1000011c                isr_irq13
                0x1000011c                isr_irq43
                0x1000011c                isr_irq45
                0x1000011c                isr_irq27
                0x1000011c                isr_irq32
                0x1000011c                isr_irq31
                0x1000011c                isr_irq5
                0x1000011c                isr_irq11
                0x1000011c                isr_irq23
                0x1000011c                isr_irq48
                0x1000011c                isr_irq35
                0x1000011c                isr_irq18
                0x1000011c                isr_irq50
                0x1000011c                isr_irq40
                0x1000011c                isr_irq28
                0x1000011c                isr_irq19
                0x1000011c                isr_irq36
                0x1000011c                isr_irq41
                0x1000011c                isr_irq0
                0x1000011c                isr_irq6
                0x1000011c                isr_irq37
                0x1000011c                isr_irq42
                0x1000011c                isr_irq22
                0x1000011c                isr_irq17
                0x1000011c                isr_irq38
                0x1000011c                isr_irq14
                0x1000011c                isr_irq2
                0x1000011c                isr_irq10
                0x1000011c                isr_irq8
                0x1000011c                isr_irq24
                0x1000011c                isr_irq46
                0x1000011c                isr_irq1
                0x1000011c                isr_irq47
                0x1000011c                isr_irq51
                0x1000011c                isr_irq7
                0x1000011c                isr_irq21
                0x1000011c                isr_irq39
                0x1000011c                isr_irq20
                0x1000011c                isr_irq15
                0x1000011c                isr_irq25
                0x1000011c                isr_irq34
                0x1000011c                isr_irq4
                0x1000011c                isr_irq16
                0x1000011c                isr_irq44
                0x1000011c                isr_irq29
                0x1000011c                isr_irq26
                0x1000011c                __default_isrs_end
                0x1000011c                isr_irq33
                0x1000011c                isr_irq3
                0x1000011c                isr_irq12
                0x1000011c                isr_irq9
                0x10000122                unhandled_user_irq_num_in_r0
 *(.binary_info_header)
 .binary_info_header
                0x10000124       0x14 CMakeFiles/rp2040-logic-analyzer.dir/home/devel/pico2/pico-sdk/src/rp2_common/pico_crt0/crt0.S.o
                0x10000138                        __binary_info_header_end = .
 *(.embedded_block)
 .embedded_block
                0x10000138       0x14 CMakeFiles/rp2040-logic-analyzer.dir/home/devel/pico2/pico-sdk/src/rp2_common/pico_crt0/crt0.S.o
                0x1000014c                        __embedded_block_end = .
 *(.reset)
 .reset         0x1000014c       0xa0 CMakeFiles/rp2040-logic-analyzer.dir/home/devel/pico2/pico-sdk/src/rp2_common/pico_crt0/crt0.S.o
                0x1000014c                _entry_point
 *(.init)
 .init          0x100001ec        0x4 /usr/lib/gcc/arm-none-eabi/12.2.1/thumb/v8-m.main+fp/softfp/crti.o
                0x100001ec                _init
 *libgcc.a:cmse_nonsecure_call.o()
 *(EXCLUDE_FILE(*libm.a: *libc.a:*lib_a-mem*.o *libgcc.a:) .text*)
 .text          0x100001f0       0x8c /usr/lib/gcc/arm-none-eabi/12.2.1/thumb/v8-m.main+fp/softfp/crtbegin.o
 .text.read_user_input
                0x1000027c      0x250 CMakeFiles/rp2040-logic-analyzer.dir/rp2040-logic-analyzer.c.o
                0x1000027c                read_user_input
 .text.startup.main
                0x100004cc      0x290 CMakeFiles/rp2040-logic-analyzer.dir/rp2040-logic-analyzer.c.o
                0x100004cc                main
 .text.gpio_init
                0x1000075c       0x48 CMakeFiles/rp2040-logic-analyzer.dir/home/devel/pico2/pico-sdk/src/rp2_common/hardware_gpio/gpio.c.o
                0x1000075c                gpio_init
 .text.panic    0x100007a4       0x30 CMakeFiles/rp2040-logic-analyzer.dir/home/devel/pico2/pico-sdk/src/rp2_common/pico_platform_panic/panic.c.o
                0x100007a4                panic
 .text.hw_claim_lock
                0x100007d4       0x24 CMakeFiles/rp2040-logic-analyzer.dir/home/devel/pico2/pico-sdk/src/common/hardware_claim/claim.c.o
                0x100007d4                hw_claim_lock
 .text.hw_claim_unlock
                0x100007f8       0x14 CMakeFiles/rp2040-logic-analyzer.dir/home/devel/pico2/pico-sdk/src/common/hardware_claim/claim.c.o
                0x100007f8                hw_claim_unlock
 .text.hw_claim_or_assert
                0x1000080c       0x58 CMakeFiles/rp2040-logic-analyzer.dir/home/devel/pico2/pico-sdk/src/common/hardware_claim/claim.c.o
                0x1000080c                hw_claim_or_assert
 .text.hw_claim_unused_from_range
                0x10000864       0x9c CMakeFiles/rp2040-logic-analyzer.dir/home/devel/pico2/pico-sdk/src/common/hardware_claim/claim.c.o
                0x10000864                hw_claim_unused_from_range
 .text.next_striped_spin_lock_num
                0x10000900       0x18 CMakeFiles/rp2040-logic-analyzer.dir/home/devel/pico2/pico-sdk/src/rp2_common/hardware_sync/sync.c.o
                0x10000900                next_striped_spin_lock_num
 .text.spin_lock_claim_unused
                0x10000918       0x20 CMakeFiles/rp2040-logic-analyzer.dir/home/devel/pico2/pico-sdk/src/rp2_common/hardware_sync/sync.c.o
                0x10000918                spin_lock_claim_unused
 .text.spinlock_set_extexclall
                0x10000938       0x10 CMakeFiles/rp2040-logic-analyzer.dir/home/devel/pico2/pico-sdk/src/rp2_common/hardware_sync_spin_lock/sync_spin_lock.c.o
 .text.spin_locks_reset
                0x10000948       0x18 CMakeFiles/rp2040-logic-analyzer.dir/home/devel/pico2/pico-sdk/src/rp2_common/hardware_sync_spin_lock/sync_spin_lock.c.o
                0x10000948                spin_locks_reset
 .text.runtime_init_per_core_irq_priorities
                0x10000960       0x40 CMakeFiles/rp2040-logic-analyzer.dir/home/devel/pico2/pico-sdk/src/rp2_common/hardware_irq/irq.c.o
                0x10000960                runtime_init_per_core_irq_priorities
 .text.irq_set_enabled
                0x100009a0       0x2c CMakeFiles/rp2040-logic-analyzer.dir/home/devel/pico2/pico-sdk/src/rp2_common/hardware_irq/irq.c.o
                0x100009a0                irq_set_enabled
 .text.irq_is_enabled
                0x100009cc       0x20 CMakeFiles/rp2040-logic-analyzer.dir/home/devel/pico2/pico-sdk/src/rp2_common/hardware_irq/irq.c.o
                0x100009cc                irq_is_enabled
 .text.irq_set_pending
                0x100009ec       0x18 CMakeFiles/rp2040-logic-analyzer.dir/home/devel/pico2/pico-sdk/src/rp2_common/hardware_irq/irq.c.o
                0x100009ec                irq_set_pending
 .text.irq_has_shared_handler
                0x10000a04       0x24 CMakeFiles/rp2040-logic-analyzer.dir/home/devel/pico2/pico-sdk/src/rp2_common/hardware_irq/irq.c.o
                0x10000a04                irq_has_shared_handler
 .text.irq_set_exclusive_handler
                0x10000a28       0x60 CMakeFiles/rp2040-logic-analyzer.dir/home/devel/pico2/pico-sdk/src/rp2_common/hardware_irq/irq.c.o
                0x10000a28                irq_set_exclusive_handler
 .text.irq_add_shared_handler
                0x10000a88      0x204 CMakeFiles/rp2040-logic-analyzer.dir/home/devel/pico2/pico-sdk/src/rp2_common/hardware_irq/irq.c.o
                0x10000a88                irq_add_shared_handler
 .text.irq_add_tail_to_free_list
                0x10000c8c       0xbc CMakeFiles/rp2040-logic-analyzer.dir/home/devel/pico2/pico-sdk/src/rp2_common/hardware_irq/irq.c.o
                0x10000c8c                irq_add_tail_to_free_list
 .text.user_irq_claim_unused
                0x10000d48       0x28 CMakeFiles/rp2040-logic-analyzer.dir/home/devel/pico2/pico-sdk/src/rp2_common/hardware_irq/irq.c.o
                0x10000d48                user_irq_claim_unused
 .text.lock_init
                0x10000d70        0xc CMakeFiles/rp2040-logic-analyzer.dir/home/devel/pico2/pico-sdk/src/common/pico_sync/lock_core.c.o
                0x10000d70                lock_init
 .text.runtime_init_mutex
                0x10000d7c       0x54 CMakeFiles/rp2040-logic-analyzer.dir/home/devel/pico2/pico-sdk/src/common/pico_sync/mutex.c.o
                0x10000d7c                runtime_init_mutex
 .text.mutex_init
                0x10000dd0       0x1c CMakeFiles/rp2040-logic-analyzer.dir/home/devel/pico2/pico-sdk/src/common/pico_sync/mutex.c.o
                0x10000dd0                mutex_init
 .text.critical_section_init
                0x10000dec       0x1c CMakeFiles/rp2040-logic-analyzer.dir/home/devel/pico2/pico-sdk/src/common/pico_sync/critical_section.c.o
                0x10000dec                critical_section_init
 .text.critical_section_init_with_lock_num
                0x10000e08       0x10 CMakeFiles/rp2040-logic-analyzer.dir/home/devel/pico2/pico-sdk/src/common/pico_sync/critical_section.c.o
                0x10000e08                critical_section_init_with_lock_num
 .text.sleep_until_callback
                0x10000e18       0x3c CMakeFiles/rp2040-logic-analyzer.dir/home/devel/pico2/pico-sdk/src/common/pico_time/time.c.o
 *fill*         0x10000e54        0x4 
 .text.alarm_pool_irq_handler
                0x10000e58      0x2e0 CMakeFiles/rp2040-logic-analyzer.dir/home/devel/pico2/pico-sdk/src/common/pico_time/time.c.o
 .text.runtime_init_default_alarm_pool
                0x10001138      0x100 CMakeFiles/rp2040-logic-analyzer.dir/home/devel/pico2/pico-sdk/src/common/pico_time/time.c.o
                0x10001138                runtime_init_default_alarm_pool
 .text.alarm_pool_get_default
                0x10001238        0x8 CMakeFiles/rp2040-logic-analyzer.dir/home/devel/pico2/pico-sdk/src/common/pico_time/time.c.o
                0x10001238                alarm_pool_get_default
 .text.alarm_pool_add_alarm_at
                0x10001240       0xdc CMakeFiles/rp2040-logic-analyzer.dir/home/devel/pico2/pico-sdk/src/common/pico_time/time.c.o
                0x10001240                alarm_pool_add_alarm_at
 .text.alarm_pool_add_alarm_at_force_in_context
                0x1000131c       0xc8 CMakeFiles/rp2040-logic-analyzer.dir/home/devel/pico2/pico-sdk/src/common/pico_time/time.c.o
                0x1000131c                alarm_pool_add_alarm_at_force_in_context
 .text.alarm_pool_cancel_alarm
                0x100013e4       0x80 CMakeFiles/rp2040-logic-analyzer.dir/home/devel/pico2/pico-sdk/src/common/pico_time/time.c.o
                0x100013e4                alarm_pool_cancel_alarm
 .text.alarm_pool_core_num
                0x10001464        0x4 CMakeFiles/rp2040-logic-analyzer.dir/home/devel/pico2/pico-sdk/src/common/pico_time/time.c.o
                0x10001464                alarm_pool_core_num
 .text.sleep_until
                0x10001468       0xbc CMakeFiles/rp2040-logic-analyzer.dir/home/devel/pico2/pico-sdk/src/common/pico_time/time.c.o
                0x10001468                sleep_until
 .text.sleep_ms
                0x10001524       0x2c CMakeFiles/rp2040-logic-analyzer.dir/home/devel/pico2/pico-sdk/src/common/pico_time/time.c.o
                0x10001524                sleep_ms
 .text.best_effort_wfe_or_timeout
                0x10001550       0xb8 CMakeFiles/rp2040-logic-analyzer.dir/home/devel/pico2/pico-sdk/src/common/pico_time/time.c.o
                0x10001550                best_effort_wfe_or_timeout
 .text.timer_hardware_alarm_claim
                0x10001608       0x24 CMakeFiles/rp2040-logic-analyzer.dir/home/devel/pico2/pico-sdk/src/rp2_common/hardware_timer/timer.c.o
                0x10001608                timer_hardware_alarm_claim
 .text.timer_time_us_64
                0x1000162c       0x10 CMakeFiles/rp2040-logic-analyzer.dir/home/devel/pico2/pico-sdk/src/rp2_common/hardware_timer/timer.c.o
                0x1000162c                timer_time_us_64
 .text.time_us_64
                0x1000163c       0x14 CMakeFiles/rp2040-logic-analyzer.dir/home/devel/pico2/pico-sdk/src/rp2_common/hardware_timer/timer.c.o
                0x1000163c                time_us_64
 .text.busy_wait_us
                0x10001650       0x5c CMakeFiles/rp2040-logic-analyzer.dir/home/devel/pico2/pico-sdk/src/rp2_common/hardware_timer/timer.c.o
                0x10001650                busy_wait_us
 .text.busy_wait_until
                0x100016ac       0x24 CMakeFiles/rp2040-logic-analyzer.dir/home/devel/pico2/pico-sdk/src/rp2_common/hardware_timer/timer.c.o
                0x100016ac                busy_wait_until
 .text.clock_configure_undivided
                0x100016d0       0xd0 CMakeFiles/rp2040-logic-analyzer.dir/home/devel/pico2/pico-sdk/src/rp2_common/hardware_clocks/clocks.c.o
                0x100016d0                clock_configure_undivided
 .text.clock_get_hz
                0x100017a0        0xc CMakeFiles/rp2040-logic-analyzer.dir/home/devel/pico2/pico-sdk/src/rp2_common/hardware_clocks/clocks.c.o
                0x100017a0                clock_get_hz
 .text.pll_init
                0x100017ac       0x8c CMakeFiles/rp2040-logic-analyzer.dir/home/devel/pico2/pico-sdk/src/rp2_common/hardware_pll/pll.c.o
                0x100017ac                pll_init
 .text.watchdog_reboot
                0x10001838       0x98 CMakeFiles/rp2040-logic-analyzer.dir/home/devel/pico2/pico-sdk/src/rp2_common/hardware_watchdog/watchdog.c.o
                0x10001838                watchdog_reboot
 .text.tick_start
                0x100018d0       0x18 CMakeFiles/rp2040-logic-analyzer.dir/home/devel/pico2/pico-sdk/src/rp2_common/hardware_ticks/ticks.c.o
                0x100018d0                tick_start
 .text.rom_reboot.constprop.0.isra.0
                0x100018e8       0x34 CMakeFiles/rp2040-logic-analyzer.dir/home/devel/pico2/pico-sdk/src/rp2_common/pico_bootrom/bootrom.c.o
 .text.rom_func_lookup
                0x1000191c       0x18 CMakeFiles/rp2040-logic-analyzer.dir/home/devel/pico2/pico-sdk/src/rp2_common/pico_bootrom/bootrom.c.o
                0x1000191c                rom_func_lookup
 .text.rom_reset_usb_boot_extra
                0x10001934       0x1c CMakeFiles/rp2040-logic-analyzer.dir/home/devel/pico2/pico-sdk/src/rp2_common/pico_bootrom/bootrom.c.o
                0x10001934                rom_reset_usb_boot_extra
 .text.runtime_init_bootrom_locking_enable
                0x10001950       0x14 CMakeFiles/rp2040-logic-analyzer.dir/home/devel/pico2/pico-sdk/src/rp2_common/pico_bootrom/bootrom_lock.c.o
                0x10001950                runtime_init_bootrom_locking_enable
 .text.runtime_init_boot_locks_reset
                0x10001964       0x1c CMakeFiles/rp2040-logic-analyzer.dir/home/devel/pico2/pico-sdk/src/rp2_common/hardware_boot_lock/boot_lock.c.o
                0x10001964                runtime_init_boot_locks_reset
 .text.xosc_init
                0x10001980       0x2c CMakeFiles/rp2040-logic-analyzer.dir/home/devel/pico2/pico-sdk/src/rp2_common/hardware_xosc/xosc.c.o
                0x10001980                xosc_init
 .text.first_per_core_initializer
                0x100019ac        0x4 CMakeFiles/rp2040-logic-analyzer.dir/home/devel/pico2/pico-sdk/src/rp2_common/pico_runtime/runtime.c.o
 .text.hard_assertion_failure
                0x100019b0        0xc CMakeFiles/rp2040-logic-analyzer.dir/home/devel/pico2/pico-sdk/src/rp2_common/pico_runtime/runtime.c.o
                0x100019b0                hard_assertion_failure
 .text.runtime_run_initializers
                0x100019bc       0x20 CMakeFiles/rp2040-logic-analyzer.dir/home/devel/pico2/pico-sdk/src/rp2_common/pico_runtime/runtime.c.o
                0x100019bc                runtime_run_initializers
 .text.runtime_init_early_resets
                0x100019dc       0x34 CMakeFiles/rp2040-logic-analyzer.dir/home/devel/pico2/pico-sdk/src/rp2_common/pico_runtime_init/runtime_init.c.o
                0x100019dc                runtime_init_early_resets
 .text.runtime_init_usb_power_down
                0x10001a10       0x1c CMakeFiles/rp2040-logic-analyzer.dir/home/devel/pico2/pico-sdk/src/rp2_common/pico_runtime_init/runtime_init.c.o
                0x10001a10                runtime_init_usb_power_down
 .text.runtime_init_per_core_enable_coprocessors
                0x10001a2c       0x1c CMakeFiles/rp2040-logic-analyzer.dir/home/devel/pico2/pico-sdk/src/rp2_common/pico_runtime_init/runtime_init.c.o
                0x10001a2c                runtime_init_per_core_enable_coprocessors
 .text.runtime_init_post_clock_resets
                0x10001a48       0x20 CMakeFiles/rp2040-logic-analyzer.dir/home/devel/pico2/pico-sdk/src/rp2_common/pico_runtime_init/runtime_init.c.o
                0x10001a48                runtime_init_post_clock_resets
 .text.runtime_init_bootrom_reset
                0x10001a68       0x14 CMakeFiles/rp2040-logic-analyzer.dir/home/devel/pico2/pico-sdk/src/rp2_common/pico_runtime_init/runtime_init.c.o
                0x10001a68                runtime_init_bootrom_reset
 .text.runtime_init_per_core_bootrom_reset
                0x10001a7c       0x14 CMakeFiles/rp2040-logic-analyzer.dir/home/devel/pico2/pico-sdk/src/rp2_common/pico_runtime_init/runtime_init.c.o
                0x10001a7c                runtime_init_per_core_bootrom_reset
 .text.runtime_init_spin_locks_reset
                0x10001a90        0x4 CMakeFiles/rp2040-logic-analyzer.dir/home/devel/pico2/pico-sdk/src/rp2_common/pico_runtime_init/runtime_init.c.o
                0x10001a90                runtime_init_spin_locks_reset
 .text.runtime_init_install_ram_vector_table
                0x10001a94       0x20 CMakeFiles/rp2040-logic-analyzer.dir/home/devel/pico2/pico-sdk/src/rp2_common/pico_runtime_init/runtime_init.c.o
                0x10001a94                runtime_init_install_ram_vector_table
 .text.runtime_init_clocks
                0x10001ab4       0xdc CMakeFiles/rp2040-logic-analyzer.dir/home/devel/pico2/pico-sdk/src/rp2_common/pico_runtime_init/runtime_init_clocks.c.o
                0x10001ab4                runtime_init_clocks
 .text.__rp2350_dcp_engaged_state_save_restore
                0x10001b90       0x3a CMakeFiles/rp2040-logic-analyzer.dir/home/devel/pico2/pico-sdk/src/rp2_common/pico_double/double_aeabi_dcp.S.o
 *fill*         0x10001bca        0x2 
 .text.__wrap___aeabi_dadd
                0x10001bcc       0x28 CMakeFiles/rp2040-logic-analyzer.dir/home/devel/pico2/pico-sdk/src/rp2_common/pico_double/double_aeabi_dcp.S.o
                0x10001bd4                __wrap___aeabi_dadd
 .text.__wrap___aeabi_dsub
                0x10001bf4       0x28 CMakeFiles/rp2040-logic-analyzer.dir/home/devel/pico2/pico-sdk/src/rp2_common/pico_double/double_aeabi_dcp.S.o
                0x10001bfc                __wrap___aeabi_dsub
 .text.__wrap___aeabi_dmul
                0x10001c1c       0x4c CMakeFiles/rp2040-logic-analyzer.dir/home/devel/pico2/pico-sdk/src/rp2_common/pico_double/double_aeabi_dcp.S.o
                0x10001c24                __wrap___aeabi_dmul
 .text.__wrap___aeabi_ddiv
                0x10001c68       0x9c CMakeFiles/rp2040-logic-analyzer.dir/home/devel/pico2/pico-sdk/src/rp2_common/pico_double/double_aeabi_dcp.S.o
                0x10001c70                __wrap___aeabi_ddiv
 .text.__wrap___aeabi_i2d
                0x10001d04       0x24 CMakeFiles/rp2040-logic-analyzer.dir/home/devel/pico2/pico-sdk/src/rp2_common/pico_double/double_aeabi_dcp.S.o
                0x10001d0c                __wrap___aeabi_i2d
 .text.__wrap___aeabi_ui2d
                0x10001d28       0x24 CMakeFiles/rp2040-logic-analyzer.dir/home/devel/pico2/pico-sdk/src/rp2_common/pico_double/double_aeabi_dcp.S.o
                0x10001d30                __wrap___aeabi_ui2d
 .text.__wrap___aeabi_d2iz
                0x10001d4c       0x24 CMakeFiles/rp2040-logic-analyzer.dir/home/devel/pico2/pico-sdk/src/rp2_common/pico_double/double_aeabi_dcp.S.o
                0x10001d54                __wrap___aeabi_d2iz
 .text.__wrap___aeabi_d2uiz
                0x10001d70       0x24 CMakeFiles/rp2040-logic-analyzer.dir/home/devel/pico2/pico-sdk/src/rp2_common/pico_double/double_aeabi_dcp.S.o
                0x10001d78                __wrap___aeabi_d2uiz
 .text.__wrap___aeabi_dcmpun
                0x10001d94       0x24 CMakeFiles/rp2040-logic-analyzer.dir/home/devel/pico2/pico-sdk/src/rp2_common/pico_double/double_aeabi_dcp.S.o
                0x10001d9c                __wrap___aeabi_dcmpun
 .text.__wrap___aeabi_dcmplt
                0x10001db8       0x28 CMakeFiles/rp2040-logic-analyzer.dir/home/devel/pico2/pico-sdk/src/rp2_common/pico_double/double_aeabi_dcp.S.o
                0x10001dc0                __wrap___aeabi_dcmplt
 .text.__wrap___aeabi_dcmpge
                0x10001de0       0x28 CMakeFiles/rp2040-logic-analyzer.dir/home/devel/pico2/pico-sdk/src/rp2_common/pico_double/double_aeabi_dcp.S.o
                0x10001de8                __wrap___aeabi_dcmpge
 .text.__wrap___aeabi_dcmpgt
                0x10001e08       0x28 CMakeFiles/rp2040-logic-analyzer.dir/home/devel/pico2/pico-sdk/src/rp2_common/pico_double/double_aeabi_dcp.S.o
                0x10001e10                __wrap___aeabi_dcmpgt
 .text.__wrap_malloc
                0x10001e30       0x24 CMakeFiles/rp2040-logic-analyzer.dir/home/devel/pico2/pico-sdk/src/rp2_common/pico_malloc/malloc.c.o
                0x10001e30                __wrap_malloc
 .text.__wrap_free
                0x10001e54        0x4 CMakeFiles/rp2040-logic-analyzer.dir/home/devel/pico2/pico-sdk/src/rp2_common/pico_malloc/malloc.c.o
                0x10001e54                __wrap_free
 .text._out_null
                0x10001e58        0x4 CMakeFiles/rp2040-logic-analyzer.dir/home/devel/pico2/pico-sdk/src/rp2_common/pico_printf/printf.c.o
 .text._out_rev
                0x10001e5c       0x98 CMakeFiles/rp2040-logic-analyzer.dir/home/devel/pico2/pico-sdk/src/rp2_common/pico_printf/printf.c.o
 .text._ntoa_format
                0x10001ef4      0x294 CMakeFiles/rp2040-logic-analyzer.dir/home/devel/pico2/pico-sdk/src/rp2_common/pico_printf/printf.c.o
 .text._out_char
                0x10002188        0x8 CMakeFiles/rp2040-logic-analyzer.dir/home/devel/pico2/pico-sdk/src/rp2_common/pico_printf/printf.c.o
 .text._out_fct
                0x10002190        0xc CMakeFiles/rp2040-logic-analyzer.dir/home/devel/pico2/pico-sdk/src/rp2_common/pico_printf/printf.c.o
 *fill*         0x1000219c        0x4 
 .text._etoa    0x100021a0      0x458 CMakeFiles/rp2040-logic-analyzer.dir/home/devel/pico2/pico-sdk/src/rp2_common/pico_printf/printf.c.o
 .text._ftoa    0x100025f8      0x3f8 CMakeFiles/rp2040-logic-analyzer.dir/home/devel/pico2/pico-sdk/src/rp2_common/pico_printf/printf.c.o
 .text._vsnprintf
                0x100029f0      0x9e4 CMakeFiles/rp2040-logic-analyzer.dir/home/devel/pico2/pico-sdk/src/rp2_common/pico_printf/printf.c.o
 .text.vfctprintf
                0x100033d4       0x28 CMakeFiles/rp2040-logic-analyzer.dir/home/devel/pico2/pico-sdk/src/rp2_common/pico_printf/printf.c.o
                0x100033d4                vfctprintf
 .text.weak_raw_vprintf
                0x100033fc       0x30 CMakeFiles/rp2040-logic-analyzer.dir/home/devel/pico2/pico-sdk/src/rp2_common/pico_printf/printf.c.o
                0x100033fc                weak_raw_vprintf
 .text._exit    0x1000342c        0x4 CMakeFiles/rp2040-logic-analyzer.dir/home/devel/pico2/pico-sdk/src/rp2_common/pico_clib_interface/newlib_interface.c.o
                0x1000342c                _exit
 .text._sbrk    0x10003430       0x2c CMakeFiles/rp2040-logic-analyzer.dir/home/devel/pico2/pico-sdk/src/rp2_common/pico_clib_interface/newlib_interface.c.o
                0x10003430                _sbrk
 .text.exit     0x1000345c        0x8 CMakeFiles/rp2040-logic-analyzer.dir/home/devel/pico2/pico-sdk/src/rp2_common/pico_clib_interface/newlib_interface.c.o
                0x1000345c                exit
 .text.runtime_init
                0x10003464       0x24 CMakeFiles/rp2040-logic-analyzer.dir/home/devel/pico2/pico-sdk/src/rp2_common/pico_clib_interface/newlib_interface.c.o
                0x10003464                runtime_init
 .text.stdio_out_chars_no_crlf
                0x10003488        0x8 CMakeFiles/rp2040-logic-analyzer.dir/home/devel/pico2/pico-sdk/src/rp2_common/pico_stdio/stdio.c.o
 .text.stdio_out_chars_crlf
                0x10003490       0xb8 CMakeFiles/rp2040-logic-analyzer.dir/home/devel/pico2/pico-sdk/src/rp2_common/pico_stdio/stdio.c.o
 .text.stdio_buffered_printer
                0x10003548       0x60 CMakeFiles/rp2040-logic-analyzer.dir/home/devel/pico2/pico-sdk/src/rp2_common/pico_stdio/stdio.c.o
 .text.stdio_put_string
                0x100035a8       0xf0 CMakeFiles/rp2040-logic-analyzer.dir/home/devel/pico2/pico-sdk/src/rp2_common/pico_stdio/stdio.c.o
                0x100035a8                stdio_put_string
 .text.stdio_set_driver_enabled
                0x10003698       0x28 CMakeFiles/rp2040-logic-analyzer.dir/home/devel/pico2/pico-sdk/src/rp2_common/pico_stdio/stdio.c.o
                0x10003698                stdio_set_driver_enabled
 .text.stdio_init_all
                0x100036c0        0x4 CMakeFiles/rp2040-logic-analyzer.dir/home/devel/pico2/pico-sdk/src/rp2_common/pico_stdio/stdio.c.o
                0x100036c0                stdio_init_all
 .text.stdio_getchar_timeout_us
                0x100036c4       0x8c CMakeFiles/rp2040-logic-analyzer.dir/home/devel/pico2/pico-sdk/src/rp2_common/pico_stdio/stdio.c.o
                0x100036c4                stdio_getchar_timeout_us
 .text.__wrap_putchar
                0x10003750       0x84 CMakeFiles/rp2040-logic-analyzer.dir/home/devel/pico2/pico-sdk/src/rp2_common/pico_stdio/stdio.c.o
                0x10003750                stdio_putchar
                0x10003750                __wrap_putchar
 .text.__wrap_puts
                0x100037d4       0x3c CMakeFiles/rp2040-logic-analyzer.dir/home/devel/pico2/pico-sdk/src/rp2_common/pico_stdio/stdio.c.o
                0x100037d4                __wrap_puts
                0x100037d4                stdio_puts
 .text.__wrap_vprintf
                0x10003810       0xc8 CMakeFiles/rp2040-logic-analyzer.dir/home/devel/pico2/pico-sdk/src/rp2_common/pico_stdio/stdio.c.o
                0x10003810                __wrap_vprintf
                0x10003810                stdio_vprintf
 .text.__wrap_printf
                0x100038d8       0x1c CMakeFiles/rp2040-logic-analyzer.dir/home/devel/pico2/pico-sdk/src/rp2_common/pico_stdio/stdio.c.o
                0x100038d8                stdio_printf
                0x100038d8                __wrap_printf
 .text.resetd_init
                0x100038f4        0x4 CMakeFiles/rp2040-logic-analyzer.dir/home/devel/pico2/pico-sdk/src/rp2_common/pico_stdio_usb/reset_interface.c.o
 .text.resetd_reset
                0x100038f8        0xc CMakeFiles/rp2040-logic-analyzer.dir/home/devel/pico2/pico-sdk/src/rp2_common/pico_stdio_usb/reset_interface.c.o
 .text.resetd_open
                0x10003904       0x28 CMakeFiles/rp2040-logic-analyzer.dir/home/devel/pico2/pico-sdk/src/rp2_common/pico_stdio_usb/reset_interface.c.o
 .text.resetd_xfer_cb
                0x1000392c        0x4 CMakeFiles/rp2040-logic-analyzer.dir/home/devel/pico2/pico-sdk/src/rp2_common/pico_stdio_usb/reset_interface.c.o
 .text.resetd_control_xfer_cb
                0x10003930       0x50 CMakeFiles/rp2040-logic-analyzer.dir/home/devel/pico2/pico-sdk/src/rp2_common/pico_stdio_usb/reset_interface.c.o
 .text.tud_descriptor_bos_cb
                0x10003980        0x8 CMakeFiles/rp2040-logic-analyzer.dir/home/devel/pico2/pico-sdk/src/rp2_common/pico_stdio_usb/reset_interface.c.o
                0x10003980                tud_descriptor_bos_cb
 .text.tud_vendor_control_xfer_cb
                0x10003988       0x28 CMakeFiles/rp2040-logic-analyzer.dir/home/devel/pico2/pico-sdk/src/rp2_common/pico_stdio_usb/reset_interface.c.o
                0x10003988                tud_vendor_control_xfer_cb
 .text.usbd_app_driver_get_cb
                0x100039b0       0x10 CMakeFiles/rp2040-logic-analyzer.dir/home/devel/pico2/pico-sdk/src/rp2_common/pico_stdio_usb/reset_interface.c.o
                0x100039b0                usbd_app_driver_get_cb
 .text.tud_cdc_line_coding_cb
                0x100039c0       0x18 CMakeFiles/rp2040-logic-analyzer.dir/home/devel/pico2/pico-sdk/src/rp2_common/pico_stdio_usb/reset_interface.c.o
                0x100039c0                tud_cdc_line_coding_cb
 .text.stdio_usb_set_chars_available_callback
                0x100039d8       0x14 CMakeFiles/rp2040-logic-analyzer.dir/home/devel/pico2/pico-sdk/src/rp2_common/pico_stdio_usb/stdio_usb.c.o
                0x100039d8                stdio_usb_set_chars_available_callback
 .text.timer_task
                0x100039ec       0x70 CMakeFiles/rp2040-logic-analyzer.dir/home/devel/pico2/pico-sdk/src/rp2_common/pico_stdio_usb/stdio_usb.c.o
 .text.usb_irq  0x10003a5c        0xc CMakeFiles/rp2040-logic-analyzer.dir/home/devel/pico2/pico-sdk/src/rp2_common/pico_stdio_usb/stdio_usb.c.o
 .text.stdio_usb_in_chars
                0x10003a68       0x88 CMakeFiles/rp2040-logic-analyzer.dir/home/devel/pico2/pico-sdk/src/rp2_common/pico_stdio_usb/stdio_usb.c.o
                0x10003a68                stdio_usb_in_chars
 .text.stdio_usb_out_flush
                0x10003af0       0x54 CMakeFiles/rp2040-logic-analyzer.dir/home/devel/pico2/pico-sdk/src/rp2_common/pico_stdio_usb/stdio_usb.c.o
 .text.stdio_usb_out_chars
                0x10003b44       0xf8 CMakeFiles/rp2040-logic-analyzer.dir/home/devel/pico2/pico-sdk/src/rp2_common/pico_stdio_usb/stdio_usb.c.o
 .text.low_priority_worker_irq
                0x10003c3c       0xd8 CMakeFiles/rp2040-logic-analyzer.dir/home/devel/pico2/pico-sdk/src/rp2_common/pico_stdio_usb/stdio_usb.c.o
 .text.stdio_usb_init
                0x10003d14       0xe4 CMakeFiles/rp2040-logic-analyzer.dir/home/devel/pico2/pico-sdk/src/rp2_common/pico_stdio_usb/stdio_usb.c.o
                0x10003d14                stdio_usb_init
 .text.tud_descriptor_device_cb
                0x10003df8        0x8 CMakeFiles/rp2040-logic-analyzer.dir/home/devel/pico2/pico-sdk/src/rp2_common/pico_stdio_usb/stdio_usb_descriptors.c.o
                0x10003df8                tud_descriptor_device_cb
 .text.tud_descriptor_configuration_cb
                0x10003e00        0x8 CMakeFiles/rp2040-logic-analyzer.dir/home/devel/pico2/pico-sdk/src/rp2_common/pico_stdio_usb/stdio_usb_descriptors.c.o
                0x10003e00                tud_descriptor_configuration_cb
 .text.tud_descriptor_string_cb
                0x10003e08       0x70 CMakeFiles/rp2040-logic-analyzer.dir/home/devel/pico2/pico-sdk/src/rp2_common/pico_stdio_usb/stdio_usb_descriptors.c.o
                0x10003e08                tud_descriptor_string_cb
 .text.startup._retrieve_unique_id_on_boot
                0x10003e78       0x30 CMakeFiles/rp2040-logic-analyzer.dir/home/devel/pico2/pico-sdk/src/rp2_common/pico_unique_id/unique_id.c.o
 .text.pico_get_unique_board_id_string
                0x10003ea8      0x184 CMakeFiles/rp2040-logic-analyzer.dir/home/devel/pico2/pico-sdk/src/rp2_common/pico_unique_id/unique_id.c.o
                0x10003ea8                pico_get_unique_board_id_string
 .text.dcd_init
                0x1000402c       0x94 CMakeFiles/rp2040-logic-analyzer.dir/home/devel/pico2/pico-sdk/lib/tinyusb/src/portable/raspberrypi/rp2040/dcd_rp2040.c.o
                0x1000402c                dcd_init
 .text.dcd_int_enable
                0x100040c0        0x8 CMakeFiles/rp2040-logic-analyzer.dir/home/devel/pico2/pico-sdk/lib/tinyusb/src/portable/raspberrypi/rp2040/dcd_rp2040.c.o
                0x100040c0                dcd_int_enable
 .text.dcd_set_address
                0x100040c8       0x10 CMakeFiles/rp2040-logic-analyzer.dir/home/devel/pico2/pico-sdk/lib/tinyusb/src/portable/raspberrypi/rp2040/dcd_rp2040.c.o
                0x100040c8                dcd_set_address
 .text.dcd_sof_enable
                0x100040d8       0x1c CMakeFiles/rp2040-logic-analyzer.dir/home/devel/pico2/pico-sdk/lib/tinyusb/src/portable/raspberrypi/rp2040/dcd_rp2040.c.o
                0x100040d8                dcd_sof_enable
 .text.dcd_edpt0_status_complete
                0x100040f4       0x1c CMakeFiles/rp2040-logic-analyzer.dir/home/devel/pico2/pico-sdk/lib/tinyusb/src/portable/raspberrypi/rp2040/dcd_rp2040.c.o
                0x100040f4                dcd_edpt0_status_complete
 .text.dcd_edpt_open
                0x10004110       0xfc CMakeFiles/rp2040-logic-analyzer.dir/home/devel/pico2/pico-sdk/lib/tinyusb/src/portable/raspberrypi/rp2040/dcd_rp2040.c.o
                0x10004110                dcd_edpt_open
 .text.dcd_edpt_close_all
                0x1000420c        0x4 CMakeFiles/rp2040-logic-analyzer.dir/home/devel/pico2/pico-sdk/lib/tinyusb/src/portable/raspberrypi/rp2040/dcd_rp2040.c.o
                0x1000420c                dcd_edpt_close_all
 .text.dcd_edpt_xfer
                0x10004210       0x28 CMakeFiles/rp2040-logic-analyzer.dir/home/devel/pico2/pico-sdk/lib/tinyusb/src/portable/raspberrypi/rp2040/dcd_rp2040.c.o
                0x10004210                dcd_edpt_xfer
 .text.dcd_edpt_stall
                0x10004238       0x30 CMakeFiles/rp2040-logic-analyzer.dir/home/devel/pico2/pico-sdk/lib/tinyusb/src/portable/raspberrypi/rp2040/dcd_rp2040.c.o
                0x10004238                dcd_edpt_stall
 .text.dcd_edpt_clear_stall
                0x10004268       0x2c CMakeFiles/rp2040-logic-analyzer.dir/home/devel/pico2/pico-sdk/lib/tinyusb/src/portable/raspberrypi/rp2040/dcd_rp2040.c.o
                0x10004268                dcd_edpt_clear_stall
 .text.rp2040_usb_init
                0x10004294       0x40 CMakeFiles/rp2040-logic-analyzer.dir/home/devel/pico2/pico-sdk/lib/tinyusb/src/portable/raspberrypi/rp2040/rp2040_usb.c.o
                0x10004294                rp2040_usb_init
 .text.hw_endpoint_xfer_start
                0x100042d4       0x40 CMakeFiles/rp2040-logic-analyzer.dir/home/devel/pico2/pico-sdk/lib/tinyusb/src/portable/raspberrypi/rp2040/rp2040_usb.c.o
                0x100042d4                hw_endpoint_xfer_start
 .text.configuration_reset
                0x10004314       0x8c CMakeFiles/rp2040-logic-analyzer.dir/home/devel/pico2/pico-sdk/lib/tinyusb/src/device/usbd.c.o
 .text.tud_event_hook_cb
                0x100043a0        0x4 CMakeFiles/rp2040-logic-analyzer.dir/home/devel/pico2/pico-sdk/lib/tinyusb/src/device/usbd.c.o
                0x100043a0                tud_event_hook_cb
 .text.tud_sof_cb
                0x100043a4        0x4 CMakeFiles/rp2040-logic-analyzer.dir/home/devel/pico2/pico-sdk/lib/tinyusb/src/device/usbd.c.o
                0x100043a4                tud_sof_cb
 .text.tud_descriptor_device_qualifier_cb
                0x100043a8        0x4 CMakeFiles/rp2040-logic-analyzer.dir/home/devel/pico2/pico-sdk/lib/tinyusb/src/device/usbd.c.o
                0x100043a8                tud_descriptor_device_qualifier_cb
 .text.tud_descriptor_other_speed_configuration_cb
                0x100043ac        0x4 CMakeFiles/rp2040-logic-analyzer.dir/home/devel/pico2/pico-sdk/lib/tinyusb/src/device/usbd.c.o
                0x100043ac                tud_descriptor_other_speed_configuration_cb
 .text.tud_mount_cb
                0x100043b0        0x4 CMakeFiles/rp2040-logic-analyzer.dir/home/devel/pico2/pico-sdk/lib/tinyusb/src/device/usbd.c.o
                0x100043b0                tud_mount_cb
 .text.tud_umount_cb
                0x100043b4        0x4 CMakeFiles/rp2040-logic-analyzer.dir/home/devel/pico2/pico-sdk/lib/tinyusb/src/device/usbd.c.o
                0x100043b4                tud_umount_cb
 .text.tud_suspend_cb
                0x100043b8        0x4 CMakeFiles/rp2040-logic-analyzer.dir/home/devel/pico2/pico-sdk/lib/tinyusb/src/device/usbd.c.o
                0x100043b8                tud_suspend_cb
 .text.tud_resume_cb
                0x100043bc        0x4 CMakeFiles/rp2040-logic-analyzer.dir/home/devel/pico2/pico-sdk/lib/tinyusb/src/device/usbd.c.o
                0x100043bc                tud_resume_cb
 .text.tud_mounted
                0x100043c0       0x10 CMakeFiles/rp2040-logic-analyzer.dir/home/devel/pico2/pico-sdk/lib/tinyusb/src/device/usbd.c.o
                0x100043c0                tud_mounted
 .text.tud_suspended
                0x100043d0       0x10 CMakeFiles/rp2040-logic-analyzer.dir/home/devel/pico2/pico-sdk/lib/tinyusb/src/device/usbd.c.o
                0x100043d0                tud_suspended
 .text.tud_init
                0x100043e0       0xe4 CMakeFiles/rp2040-logic-analyzer.dir/home/devel/pico2/pico-sdk/lib/tinyusb/src/device/usbd.c.o
                0x100043e0                tud_init
 .text.tud_task_ext
                0x100044c4      0x7ac CMakeFiles/rp2040-logic-analyzer.dir/home/devel/pico2/pico-sdk/lib/tinyusb/src/device/usbd.c.o
                0x100044c4                tud_task_ext
 .text.usbd_open_edpt_pair
                0x10004c70       0x9c CMakeFiles/rp2040-logic-analyzer.dir/home/devel/pico2/pico-sdk/lib/tinyusb/src/device/usbd.c.o
                0x10004c70                usbd_open_edpt_pair
 .text.usbd_edpt_open
                0x10004d0c       0x44 CMakeFiles/rp2040-logic-analyzer.dir/home/devel/pico2/pico-sdk/lib/tinyusb/src/device/usbd.c.o
                0x10004d0c                usbd_edpt_open
 .text.usbd_edpt_claim
                0x10004d50       0x24 CMakeFiles/rp2040-logic-analyzer.dir/home/devel/pico2/pico-sdk/lib/tinyusb/src/device/usbd.c.o
                0x10004d50                usbd_edpt_claim
 .text.usbd_edpt_release
                0x10004d74       0x24 CMakeFiles/rp2040-logic-analyzer.dir/home/devel/pico2/pico-sdk/lib/tinyusb/src/device/usbd.c.o
                0x10004d74                usbd_edpt_release
 .text.usbd_edpt_xfer
                0x10004d98       0x70 CMakeFiles/rp2040-logic-analyzer.dir/home/devel/pico2/pico-sdk/lib/tinyusb/src/device/usbd.c.o
                0x10004d98                usbd_edpt_xfer
 .text.tud_control_status
                0x10004e08       0x34 CMakeFiles/rp2040-logic-analyzer.dir/home/devel/pico2/pico-sdk/lib/tinyusb/src/device/usbd_control.c.o
                0x10004e08                tud_control_status
 .text.tud_control_xfer
                0x10004e3c       0xac CMakeFiles/rp2040-logic-analyzer.dir/home/devel/pico2/pico-sdk/lib/tinyusb/src/device/usbd_control.c.o
                0x10004e3c                tud_control_xfer
 .text.usbd_control_reset
                0x10004ee8       0x14 CMakeFiles/rp2040-logic-analyzer.dir/home/devel/pico2/pico-sdk/lib/tinyusb/src/device/usbd_control.c.o
                0x10004ee8                usbd_control_reset
 .text.usbd_control_set_complete_callback
                0x10004efc        0xc CMakeFiles/rp2040-logic-analyzer.dir/home/devel/pico2/pico-sdk/lib/tinyusb/src/device/usbd_control.c.o
                0x10004efc                usbd_control_set_complete_callback
 .text.usbd_control_set_request
                0x10004f08       0x1c CMakeFiles/rp2040-logic-analyzer.dir/home/devel/pico2/pico-sdk/lib/tinyusb/src/device/usbd_control.c.o
                0x10004f08                usbd_control_set_request
 .text.usbd_control_xfer_cb
                0x10004f24       0xfc CMakeFiles/rp2040-logic-analyzer.dir/home/devel/pico2/pico-sdk/lib/tinyusb/src/device/usbd_control.c.o
                0x10004f24                usbd_control_xfer_cb
 .text._prep_out_transaction.isra.0
                0x10005020       0x60 CMakeFiles/rp2040-logic-analyzer.dir/home/devel/pico2/pico-sdk/lib/tinyusb/src/class/cdc/cdc_device.c.o
 .text.tud_cdc_n_connected
                0x10005080       0x2c CMakeFiles/rp2040-logic-analyzer.dir/home/devel/pico2/pico-sdk/lib/tinyusb/src/class/cdc/cdc_device.c.o
                0x10005080                tud_cdc_n_connected
 .text.tud_cdc_n_available
                0x100050ac       0x18 CMakeFiles/rp2040-logic-analyzer.dir/home/devel/pico2/pico-sdk/lib/tinyusb/src/class/cdc/cdc_device.c.o
                0x100050ac                tud_cdc_n_available
 .text.tud_cdc_n_read
                0x100050c4       0x90 CMakeFiles/rp2040-logic-analyzer.dir/home/devel/pico2/pico-sdk/lib/tinyusb/src/class/cdc/cdc_device.c.o
                0x100050c4                tud_cdc_n_read
 .text.tud_cdc_n_write_flush
                0x10005154       0x8c CMakeFiles/rp2040-logic-analyzer.dir/home/devel/pico2/pico-sdk/lib/tinyusb/src/class/cdc/cdc_device.c.o
                0x10005154                tud_cdc_n_write_flush
 .text.tud_cdc_n_write
                0x100051e0       0x40 CMakeFiles/rp2040-logic-analyzer.dir/home/devel/pico2/pico-sdk/lib/tinyusb/src/class/cdc/cdc_device.c.o
                0x100051e0                tud_cdc_n_write
 .text.tud_cdc_n_write_available
                0x10005220       0x18 CMakeFiles/rp2040-logic-analyzer.dir/home/devel/pico2/pico-sdk/lib/tinyusb/src/class/cdc/cdc_device.c.o
                0x10005220                tud_cdc_n_write_available
 .text.cdcd_init
                0x10005238       0x78 CMakeFiles/rp2040-logic-analyzer.dir/home/devel/pico2/pico-sdk/lib/tinyusb/src/class/cdc/cdc_device.c.o
                0x10005238                cdcd_init
 .text.cdcd_deinit
                0x100052b0       0x2c CMakeFiles/rp2040-logic-analyzer.dir/home/devel/pico2/pico-sdk/lib/tinyusb/src/class/cdc/cdc_device.c.o
                0x100052b0                cdcd_deinit
 .text.cdcd_reset
                0x100052dc       0x4c CMakeFiles/rp2040-logic-analyzer.dir/home/devel/pico2/pico-sdk/lib/tinyusb/src/class/cdc/cdc_device.c.o
                0x100052dc                cdcd_reset
 .text.cdcd_open
                0x10005328       0xb4 CMakeFiles/rp2040-logic-analyzer.dir/home/devel/pico2/pico-sdk/lib/tinyusb/src/class/cdc/cdc_device.c.o
                0x10005328                cdcd_open
 .text.cdcd_control_xfer_cb
                0x100053dc       0xc4 CMakeFiles/rp2040-logic-analyzer.dir/home/devel/pico2/pico-sdk/lib/tinyusb/src/class/cdc/cdc_device.c.o
                0x100053dc                cdcd_control_xfer_cb
 .text.cdcd_xfer_cb
                0x100054a0       0xfc CMakeFiles/rp2040-logic-analyzer.dir/home/devel/pico2/pico-sdk/lib/tinyusb/src/class/cdc/cdc_device.c.o
                0x100054a0                cdcd_xfer_cb
 .text.vendord_init
                0x1000559c       0x5c CMakeFiles/rp2040-logic-analyzer.dir/home/devel/pico2/pico-sdk/lib/tinyusb/src/class/vendor/vendor_device.c.o
                0x1000559c                vendord_init
 .text.vendord_deinit
                0x100055f8       0x1c CMakeFiles/rp2040-logic-analyzer.dir/home/devel/pico2/pico-sdk/lib/tinyusb/src/class/vendor/vendor_device.c.o
                0x100055f8                vendord_deinit
 .text.vendord_reset
                0x10005614       0x20 CMakeFiles/rp2040-logic-analyzer.dir/home/devel/pico2/pico-sdk/lib/tinyusb/src/class/vendor/vendor_device.c.o
                0x10005614                vendord_reset
 .text.vendord_open
                0x10005634      0x108 CMakeFiles/rp2040-logic-analyzer.dir/home/devel/pico2/pico-sdk/lib/tinyusb/src/class/vendor/vendor_device.c.o
                0x10005634                vendord_open
 .text.vendord_xfer_cb
                0x1000573c       0x88 CMakeFiles/rp2040-logic-analyzer.dir/home/devel/pico2/pico-sdk/lib/tinyusb/src/class/vendor/vendor_device.c.o
                0x1000573c                vendord_xfer_cb
 .text.tusb_init
                0x100057c4       0x1c CMakeFiles/rp2040-logic-analyzer.dir/home/devel/pico2/pico-sdk/lib/tinyusb/src/tusb.c.o
                0x100057c4                tusb_init
 .text.tu_edpt_claim
                0x100057e0       0x54 CMakeFiles/rp2040-logic-analyzer.dir/home/devel/pico2/pico-sdk/lib/tinyusb/src/tusb.c.o
                0x100057e0                tu_edpt_claim
 .text.tu_edpt_release
                0x10005834       0x38 CMakeFiles/rp2040-logic-analyzer.dir/home/devel/pico2/pico-sdk/lib/tinyusb/src/tusb.c.o
                0x10005834                tu_edpt_release
 .text.tu_edpt_validate
                0x1000586c       0x64 CMakeFiles/rp2040-logic-analyzer.dir/home/devel/pico2/pico-sdk/lib/tinyusb/src/tusb.c.o
                0x1000586c                tu_edpt_validate
 .text.tu_edpt_bind_driver
                0x100058d0       0x58 CMakeFiles/rp2040-logic-analyzer.dir/home/devel/pico2/pico-sdk/lib/tinyusb/src/tusb.c.o
                0x100058d0                tu_edpt_bind_driver
 .text.tu_edpt_stream_init
                0x10005928       0x58 CMakeFiles/rp2040-logic-analyzer.dir/home/devel/pico2/pico-sdk/lib/tinyusb/src/tusb.c.o
                0x10005928                tu_edpt_stream_init
 .text.tu_edpt_stream_deinit
                0x10005980        0x4 CMakeFiles/rp2040-logic-analyzer.dir/home/devel/pico2/pico-sdk/lib/tinyusb/src/tusb.c.o
                0x10005980                tu_edpt_stream_deinit
 .text.tu_edpt_stream_write_zlp_if_needed
                0x10005984       0x68 CMakeFiles/rp2040-logic-analyzer.dir/home/devel/pico2/pico-sdk/lib/tinyusb/src/tusb.c.o
                0x10005984                tu_edpt_stream_write_zlp_if_needed
 .text.tu_edpt_stream_write_xfer
                0x100059ec       0x70 CMakeFiles/rp2040-logic-analyzer.dir/home/devel/pico2/pico-sdk/lib/tinyusb/src/tusb.c.o
                0x100059ec                tu_edpt_stream_write_xfer
 .text.tu_edpt_stream_read_xfer
                0x10005a5c       0xd4 CMakeFiles/rp2040-logic-analyzer.dir/home/devel/pico2/pico-sdk/lib/tinyusb/src/tusb.c.o
                0x10005a5c                tu_edpt_stream_read_xfer
 .text.tu_fifo_config
                0x10005b30       0x60 CMakeFiles/rp2040-logic-analyzer.dir/home/devel/pico2/pico-sdk/lib/tinyusb/src/common/tusb_fifo.c.o
                0x10005b30                tu_fifo_config
 .text.tu_fifo_count
                0x10005b90       0x20 CMakeFiles/rp2040-logic-analyzer.dir/home/devel/pico2/pico-sdk/lib/tinyusb/src/common/tusb_fifo.c.o
                0x10005b90                tu_fifo_count
 .text.tu_fifo_empty
                0x10005bb0       0x14 CMakeFiles/rp2040-logic-analyzer.dir/home/devel/pico2/pico-sdk/lib/tinyusb/src/common/tusb_fifo.c.o
                0x10005bb0                tu_fifo_empty
 .text.tu_fifo_remaining
                0x10005bc4       0x24 CMakeFiles/rp2040-logic-analyzer.dir/home/devel/pico2/pico-sdk/lib/tinyusb/src/common/tusb_fifo.c.o
                0x10005bc4                tu_fifo_remaining
 .text.tu_fifo_read
                0x10005be8       0x94 CMakeFiles/rp2040-logic-analyzer.dir/home/devel/pico2/pico-sdk/lib/tinyusb/src/common/tusb_fifo.c.o
                0x10005be8                tu_fifo_read
 .text.tu_fifo_read_n
                0x10005c7c       0xd8 CMakeFiles/rp2040-logic-analyzer.dir/home/devel/pico2/pico-sdk/lib/tinyusb/src/common/tusb_fifo.c.o
                0x10005c7c                tu_fifo_read_n
 .text.tu_fifo_write
                0x10005d54       0x84 CMakeFiles/rp2040-logic-analyzer.dir/home/devel/pico2/pico-sdk/lib/tinyusb/src/common/tusb_fifo.c.o
                0x10005d54                tu_fifo_write
 .text.tu_fifo_write_n
                0x10005dd8      0x194 CMakeFiles/rp2040-logic-analyzer.dir/home/devel/pico2/pico-sdk/lib/tinyusb/src/common/tusb_fifo.c.o
                0x10005dd8                tu_fifo_write_n
 .text.tu_fifo_clear
                0x10005f6c       0x38 CMakeFiles/rp2040-logic-analyzer.dir/home/devel/pico2/pico-sdk/lib/tinyusb/src/common/tusb_fifo.c.o
                0x10005f6c                tu_fifo_clear
 .text.tu_fifo_set_overwritable
                0x10005fa4       0x3c CMakeFiles/rp2040-logic-analyzer.dir/home/devel/pico2/pico-sdk/lib/tinyusb/src/common/tusb_fifo.c.o
                0x10005fa4                tu_fifo_set_overwritable
 .text.pio_add_program
                0x10005fe0       0xf8 CMakeFiles/rp2040-logic-analyzer.dir/home/devel/pico2/pico-sdk/src/rp2_common/hardware_pio/pio.c.o
                0x10005fe0                pio_add_program
 .text.pio_remove_program
                0x100060d8       0x38 CMakeFiles/rp2040-logic-analyzer.dir/home/devel/pico2/pico-sdk/src/rp2_common/hardware_pio/pio.c.o
                0x100060d8                pio_remove_program
 .text.pio_sm_init
                0x10006110       0xa8 CMakeFiles/rp2040-logic-analyzer.dir/home/devel/pico2/pico-sdk/src/rp2_common/hardware_pio/pio.c.o
                0x10006110                pio_sm_init
 .text          0x100061b8        0xc /usr/lib/gcc/arm-none-eabi/12.2.1/../../../arm-none-eabi/lib/thumb/v8-m.main+fp/softfp/libg.a(lib_a-errno.o)
                0x100061b8                __errno
 .text          0x100061c4       0x20 /usr/lib/gcc/arm-none-eabi/12.2.1/../../../arm-none-eabi/lib/thumb/v8-m.main+fp/softfp/libg.a(lib_a-malloc.o)
                0x100061c4                malloc
                0x100061d4                free
 .text          0x100061e4      0x54c /usr/lib/gcc/arm-none-eabi/12.2.1/../../../arm-none-eabi/lib/thumb/v8-m.main+fp/softfp/libg.a(lib_a-mallocr.o)
                0x100061e4                _malloc_r
 .text          0x10006730       0xec /usr/lib/gcc/arm-none-eabi/12.2.1/../../../arm-none-eabi/lib/thumb/v8-m.main+fp/softfp/libg.a(lib_a-memcpy.o)
                0x10006730                memcpy
 .text          0x1000681c       0xa8 /usr/lib/gcc/arm-none-eabi/12.2.1/../../../arm-none-eabi/lib/thumb/v8-m.main+fp/softfp/libg.a(lib_a-memset.o)
                0x1000681c                memset
 .text          0x100068c4        0x8 /usr/lib/gcc/arm-none-eabi/12.2.1/../../../arm-none-eabi/lib/thumb/v8-m.main+fp/softfp/libg.a(lib_a-mlock.o)
                0x100068c4                __malloc_lock
                0x100068c8                __malloc_unlock
 .text          0x100068cc       0x24 /usr/lib/gcc/arm-none-eabi/12.2.1/../../../arm-none-eabi/lib/thumb/v8-m.main+fp/softfp/libg.a(lib_a-sbrkr.o)
                0x100068cc                _sbrk_r
 .text          0x100068f0       0x5c /usr/lib/gcc/arm-none-eabi/12.2.1/../../../arm-none-eabi/lib/thumb/v8-m.main+fp/softfp/libg.a(lib_a-strlen-stub.o)
                0x100068f0                strlen
 .text          0x1000694c      0x170 /usr/lib/gcc/arm-none-eabi/12.2.1/../../../arm-none-eabi/lib/thumb/v8-m.main+fp/softfp/libg.a(lib_a-strtol.o)
                0x10006a4c                _strtol_r
                0x10006a64                strtol_l
                0x10006a90                strtol
 .text          0x10006abc      0x2a0 /usr/lib/gcc/arm-none-eabi/12.2.1/../../../arm-none-eabi/lib/thumb/v8-m.main+fp/softfp/libg.a(lib_a-freer.o)
                0x10006abc                _malloc_trim_r
                0x10006b58                _free_r
 *(.fini)
 .fini          0x10006d5c        0x4 /usr/lib/gcc/arm-none-eabi/12.2.1/thumb/v8-m.main+fp/softfp/crti.o
                0x10006d5c                _fini
 .fini.__stub   0x10006d60       0x58 linker stubs
 *crtbegin.o(.ctors)
 *crtbegin?.o(.ctors)
 *(EXCLUDE_FILE(*crtend.o *crtend?.o) .ctors)
 *(SORT_BY_NAME(.ctors.*))
 *(.ctors)
 *crtbegin.o(.dtors)
 *crtbegin?.o(.dtors)
 *(EXCLUDE_FILE(*crtend.o *crtend?.o) .dtors)
 *(SORT_BY_NAME(.dtors.*))
 *(.dtors)
                0x10006db8                        . = ALIGN (0x4)
                0x10006db8                        PROVIDE (__preinit_array_start = .)
 *(SORT_BY_NAME(.preinit_array.*))
 .preinit_array.00050
                0x10006db8        0x4 CMakeFiles/rp2040-logic-analyzer.dir/home/devel/pico2/pico-sdk/src/rp2_common/pico_runtime_init/runtime_init.c.o
                0x10006db8                __pre_init_runtime_init_bootrom_reset
 .preinit_array.00100
                0x10006dbc        0x4 CMakeFiles/rp2040-logic-analyzer.dir/home/devel/pico2/pico-sdk/src/rp2_common/pico_runtime_init/runtime_init.c.o
                0x10006dbc                __pre_init_runtime_init_early_resets
 .preinit_array.00101
                0x10006dc0        0x4 CMakeFiles/rp2040-logic-analyzer.dir/home/devel/pico2/pico-sdk/src/rp2_common/pico_runtime_init/runtime_init.c.o
                0x10006dc0                __pre_init_runtime_init_usb_power_down
 .preinit_array.00500
                0x10006dc4        0x4 CMakeFiles/rp2040-logic-analyzer.dir/home/devel/pico2/pico-sdk/src/rp2_common/pico_runtime_init/runtime_init.c.o
                0x10006dc4                __pre_init_runtime_init_clocks
 .preinit_array.00600
                0x10006dc8        0x4 CMakeFiles/rp2040-logic-analyzer.dir/home/devel/pico2/pico-sdk/src/rp2_common/pico_runtime_init/runtime_init.c.o
                0x10006dc8                __pre_init_runtime_init_post_clock_resets
 .preinit_array.01000
                0x10006dcc        0x4 CMakeFiles/rp2040-logic-analyzer.dir/home/devel/pico2/pico-sdk/src/rp2_common/hardware_boot_lock/boot_lock.c.o
                0x10006dcc                __pre_init_runtime_init_boot_locks_reset
 .preinit_array.01000
                0x10006dd0        0x4 CMakeFiles/rp2040-logic-analyzer.dir/home/devel/pico2/pico-sdk/src/rp2_common/pico_runtime_init/runtime_init.c.o
                0x10006dd0                __pre_init_runtime_init_spin_locks_reset
 .preinit_array.01010
                0x10006dd4        0x4 CMakeFiles/rp2040-logic-analyzer.dir/home/devel/pico2/pico-sdk/src/rp2_common/pico_bootrom/bootrom_lock.c.o
                0x10006dd4                __pre_init_runtime_init_bootrom_locking_enable
 .preinit_array.01100
                0x10006dd8        0x4 CMakeFiles/rp2040-logic-analyzer.dir/home/devel/pico2/pico-sdk/src/common/pico_sync/mutex.c.o
                0x10006dd8                __pre_init_runtime_init_mutex
 .preinit_array.10080
                0x10006ddc        0x4 CMakeFiles/rp2040-logic-analyzer.dir/home/devel/pico2/pico-sdk/src/rp2_common/pico_runtime_init/runtime_init.c.o
                0x10006ddc                __pre_init_runtime_init_install_ram_vector_table
 .preinit_array.11000
                0x10006de0        0x4 CMakeFiles/rp2040-logic-analyzer.dir/home/devel/pico2/pico-sdk/src/common/pico_time/time.c.o
                0x10006de0                __pre_init_runtime_init_default_alarm_pool
 .preinit_array.YYYYY
                0x10006de4        0x4 CMakeFiles/rp2040-logic-analyzer.dir/home/devel/pico2/pico-sdk/src/rp2_common/pico_runtime/runtime.c.o
                0x10006de4                __pre_init_first_per_core_initializer
 .preinit_array.ZZZZZ.00051
                0x10006de8        0x4 CMakeFiles/rp2040-logic-analyzer.dir/home/devel/pico2/pico-sdk/src/rp2_common/pico_runtime_init/runtime_init.c.o
                0x10006de8                __pre_init_runtime_init_per_core_bootrom_reset
 .preinit_array.ZZZZZ.00200
                0x10006dec        0x4 CMakeFiles/rp2040-logic-analyzer.dir/home/devel/pico2/pico-sdk/src/rp2_common/pico_runtime_init/runtime_init.c.o
                0x10006dec                __pre_init_runtime_init_per_core_enable_coprocessors
 .preinit_array.ZZZZZ.01000
                0x10006df0        0x4 CMakeFiles/rp2040-logic-analyzer.dir/home/devel/pico2/pico-sdk/src/rp2_common/hardware_sync_spin_lock/sync_spin_lock.c.o
                0x10006df0                __pre_init_spinlock_set_extexclall
 .preinit_array.ZZZZZ.01200
                0x10006df4        0x4 CMakeFiles/rp2040-logic-analyzer.dir/home/devel/pico2/pico-sdk/src/rp2_common/hardware_irq/irq.c.o
                0x10006df4                __pre_init_runtime_init_per_core_irq_priorities
 *(.preinit_array)
                0x10006df8                        PROVIDE (__preinit_array_end = .)
                0x10006df8                        . = ALIGN (0x4)
                0x10006df8                        PROVIDE (__init_array_start = .)
 *(SORT_BY_NAME(.init_array.*))
 *(.init_array)
 .init_array    0x10006df8        0x4 /usr/lib/gcc/arm-none-eabi/12.2.1/thumb/v8-m.main+fp/softfp/crtbegin.o
 .init_array    0x10006dfc        0x4 CMakeFiles/rp2040-logic-analyzer.dir/home/devel/pico2/pico-sdk/src/rp2_common/pico_unique_id/unique_id.c.o
                0x10006e00                        PROVIDE (__init_array_end = .)
                0x10006e00                        . = ALIGN (0x4)
                0x10006e00                        PROVIDE (__fini_array_start = .)
 *(SORT_BY_NAME(.fini_array.*))
 *(.fini_array)
                0x10006e00                        PROVIDE (__fini_array_end = .)
 *(.eh_frame*)
 .eh_frame      0x10006e00        0x0 /usr/lib/gcc/arm-none-eabi/12.2.1/thumb/v8-m.main+fp/softfp/crtbegin.o
                0x10006e00                        . = ALIGN (0x4)

.glue_7         0x10006e00        0x0
 .glue_7        0x10006e00        0x0 linker stubs

.glue_7t        0x10006e00        0x0
 .glue_7t       0x10006e00        0x0 linker stubs

.vfp11_veneer   0x10006e00        0x0
 .vfp11_veneer  0x10006e00        0x0 linker stubs

.v4_bx          0x10006e00        0x0
 .v4_bx         0x10006e00        0x0 linker stubs

.iplt           0x10006e00        0x0
 .iplt          0x10006e00        0x0 /usr/lib/gcc/arm-none-eabi/12.2.1/thumb/v8-m.main+fp/softfp/crtbegin.o

.boot2          0x10006e00        0x0
                0x10006e00                        __boot2_start__ = .
 *(.boot2)
                0x10006e00                        __boot2_end__ = .
                0x00000001                        ASSERT (((__boot2_end__ - __boot2_start__) <= 0x100), ERROR: Pico second stage bootloader must be no more than 256 bytes in size)

.rodata         0x10006e00      0x764
 *(EXCLUDE_FILE(*libm.a: *libc.a:*lib_a-mem*.o *libgcc.a:) .rodata*)
 .rodata.read_user_input.str1.4
                0x10006e00      0x1fc CMakeFiles/rp2040-logic-analyzer.dir/rp2040-logic-analyzer.c.o
 .rodata.main.str1.4
                0x10006ffc       0x6b CMakeFiles/rp2040-logic-analyzer.dir/rp2040-logic-analyzer.c.o
 *fill*         0x10007067        0x1 
 .rodata.panic.str1.4
                0x10007068       0x10 CMakeFiles/rp2040-logic-analyzer.dir/home/devel/pico2/pico-sdk/src/rp2_common/pico_platform_panic/panic.c.o
                                 0x12 (size before relaxing)
 .rodata.spin_lock_claim_unused.str1.4
                0x10007078       0x1b CMakeFiles/rp2040-logic-analyzer.dir/home/devel/pico2/pico-sdk/src/rp2_common/hardware_sync/sync.c.o
 *fill*         0x10007093        0x1 
 .rodata.user_irq_claim_unused.str1.4
                0x10007094       0x1b CMakeFiles/rp2040-logic-analyzer.dir/home/devel/pico2/pico-sdk/src/rp2_common/hardware_irq/irq.c.o
 *fill*         0x100070af        0x1 
 .rodata.timer_hardware_alarm_claim.str1.4
                0x100070b0       0x22 CMakeFiles/rp2040-logic-analyzer.dir/home/devel/pico2/pico-sdk/src/rp2_common/hardware_timer/timer.c.o
 *fill*         0x100070d2        0x2 
 .rodata.hard_assertion_failure.str1.4
                0x100070d4        0xc CMakeFiles/rp2040-logic-analyzer.dir/home/devel/pico2/pico-sdk/src/rp2_common/pico_runtime/runtime.c.o
 .rodata.__wrap_malloc.str1.4
                0x100070e0        0xe CMakeFiles/rp2040-logic-analyzer.dir/home/devel/pico2/pico-sdk/src/rp2_common/pico_malloc/malloc.c.o
 *fill*         0x100070ee        0x2 
 .rodata.str1.4
                0x100070f0       0x50 CMakeFiles/rp2040-logic-analyzer.dir/home/devel/pico2/pico-sdk/src/rp2_common/pico_standard_binary_info/standard_binary_info.c.o
 .rodata.__bi_84
                0x10007140        0xc CMakeFiles/rp2040-logic-analyzer.dir/home/devel/pico2/pico-sdk/src/rp2_common/pico_standard_binary_info/standard_binary_info.c.o
 .rodata.__bi_78
                0x1000714c        0xc CMakeFiles/rp2040-logic-analyzer.dir/home/devel/pico2/pico-sdk/src/rp2_common/pico_standard_binary_info/standard_binary_info.c.o
 .rodata.__bi_60
                0x10007158        0xc CMakeFiles/rp2040-logic-analyzer.dir/home/devel/pico2/pico-sdk/src/rp2_common/pico_standard_binary_info/standard_binary_info.c.o
 .rodata.__bi_54
                0x10007164        0xc CMakeFiles/rp2040-logic-analyzer.dir/home/devel/pico2/pico-sdk/src/rp2_common/pico_standard_binary_info/standard_binary_info.c.o
 .rodata.__bi_48
                0x10007170        0xc CMakeFiles/rp2040-logic-analyzer.dir/home/devel/pico2/pico-sdk/src/rp2_common/pico_standard_binary_info/standard_binary_info.c.o
 .rodata.__bi_42
                0x1000717c        0xc CMakeFiles/rp2040-logic-analyzer.dir/home/devel/pico2/pico-sdk/src/rp2_common/pico_standard_binary_info/standard_binary_info.c.o
 .rodata.__bi_34
                0x10007188        0xc CMakeFiles/rp2040-logic-analyzer.dir/home/devel/pico2/pico-sdk/src/rp2_common/pico_standard_binary_info/standard_binary_info.c.o
 .rodata.__bi_26
                0x10007194        0xc CMakeFiles/rp2040-logic-analyzer.dir/home/devel/pico2/pico-sdk/src/rp2_common/pico_standard_binary_info/standard_binary_info.c.o
 .rodata._ftoa.str1.4
                0x100071a0       0x15 CMakeFiles/rp2040-logic-analyzer.dir/home/devel/pico2/pico-sdk/src/rp2_common/pico_printf/printf.c.o
 *fill*         0x100071b5        0x3 
 .rodata.pow10.0
                0x100071b8       0x50 CMakeFiles/rp2040-logic-analyzer.dir/home/devel/pico2/pico-sdk/src/rp2_common/pico_printf/printf.c.o
 .rodata.crlf_str.0
                0x10007208        0x2 CMakeFiles/rp2040-logic-analyzer.dir/home/devel/pico2/pico-sdk/src/rp2_common/pico_stdio/stdio.c.o
 *fill*         0x1000720a        0x2 
 .rodata._resetd_driver
                0x1000720c       0x20 CMakeFiles/rp2040-logic-analyzer.dir/home/devel/pico2/pico-sdk/src/rp2_common/pico_stdio_usb/reset_interface.c.o
 .rodata.desc_ms_os_20
                0x1000722c       0xa6 CMakeFiles/rp2040-logic-analyzer.dir/home/devel/pico2/pico-sdk/src/rp2_common/pico_stdio_usb/reset_interface.c.o
 *fill*         0x100072d2        0x2 
 .rodata.desc_bos
                0x100072d4       0x21 CMakeFiles/rp2040-logic-analyzer.dir/home/devel/pico2/pico-sdk/src/rp2_common/pico_stdio_usb/reset_interface.c.o
                0x100072d4                desc_bos
 *fill*         0x100072f5        0x3 
 .rodata.str1.4
                0x100072f8       0x13 CMakeFiles/rp2040-logic-analyzer.dir/home/devel/pico2/pico-sdk/src/rp2_common/pico_stdio_usb/stdio_usb.c.o
 *fill*         0x1000730b        0x1 
 .rodata.__bi_197.0
                0x1000730c        0xc CMakeFiles/rp2040-logic-analyzer.dir/home/devel/pico2/pico-sdk/src/rp2_common/pico_stdio_usb/stdio_usb.c.o
 .rodata.str1.4
                0x10007318       0x2a CMakeFiles/rp2040-logic-analyzer.dir/home/devel/pico2/pico-sdk/src/rp2_common/pico_stdio_usb/stdio_usb_descriptors.c.o
 *fill*         0x10007342        0x2 
 .rodata.usbd_desc_str
                0x10007344       0x18 CMakeFiles/rp2040-logic-analyzer.dir/home/devel/pico2/pico-sdk/src/rp2_common/pico_stdio_usb/stdio_usb_descriptors.c.o
 .rodata.usbd_desc_cfg
                0x1000735c       0x54 CMakeFiles/rp2040-logic-analyzer.dir/home/devel/pico2/pico-sdk/src/rp2_common/pico_stdio_usb/stdio_usb_descriptors.c.o
 .rodata.usbd_desc_device
                0x100073b0       0x12 CMakeFiles/rp2040-logic-analyzer.dir/home/devel/pico2/pico-sdk/src/rp2_common/pico_stdio_usb/stdio_usb_descriptors.c.o
 *fill*         0x100073c2        0x2 
 .rodata.str1.4
                0x100073c4       0x14 CMakeFiles/rp2040-logic-analyzer.dir/home/devel/pico2/pico-sdk/lib/tinyusb/src/portable/raspberrypi/rp2040/dcd_rp2040.c.o
 .rodata.str1.4
                0x100073d8       0x48 CMakeFiles/rp2040-logic-analyzer.dir/home/devel/pico2/pico-sdk/lib/tinyusb/src/portable/raspberrypi/rp2040/rp2040_usb.c.o
 .rodata._usbd_driver
                0x10007420       0x40 CMakeFiles/rp2040-logic-analyzer.dir/home/devel/pico2/pico-sdk/lib/tinyusb/src/device/usbd.c.o
 .rodata        0x10007460      0x101 /usr/lib/gcc/arm-none-eabi/12.2.1/../../../arm-none-eabi/lib/thumb/v8-m.main+fp/softfp/libg.a(lib_a-ctype_.o)
                0x10007460                _ctype_
 *(.srodata*)
                0x10007564                        . = ALIGN (0x4)
 *fill*         0x10007561        0x3 
 *(SORT_BY_ALIGNMENT(SORT_BY_NAME(.flashdata*)))
                0x10007564                        . = ALIGN (0x4)

.ARM.extab
 *(.ARM.extab* .gnu.linkonce.armextab.*)
                0x10007564                        __exidx_start = .

.ARM.exidx      0x10007564        0x8
 *(.ARM.exidx* .gnu.linkonce.armexidx.*)
 .ARM.exidx     0x10007564        0x8 /usr/lib/gcc/arm-none-eabi/12.2.1/thumb/v8-m.main+fp/softfp/libgcc.a(_udivmoddi4.o)
                0x1000756c                        __exidx_end = .
                0x1000756c                        . = ALIGN (0x4)
                0x1000756c                        __binary_info_start = .

.binary_info    0x1000756c       0x24
 *(.binary_info.keep.*)
 .binary_info.keep.__bi_ptr84
                0x1000756c        0x4 CMakeFiles/rp2040-logic-analyzer.dir/home/devel/pico2/pico-sdk/src/rp2_common/pico_standard_binary_info/standard_binary_info.c.o
 .binary_info.keep.__bi_ptr78
                0x10007570        0x4 CMakeFiles/rp2040-logic-analyzer.dir/home/devel/pico2/pico-sdk/src/rp2_common/pico_standard_binary_info/standard_binary_info.c.o
 .binary_info.keep.__bi_ptr60
                0x10007574        0x4 CMakeFiles/rp2040-logic-analyzer.dir/home/devel/pico2/pico-sdk/src/rp2_common/pico_standard_binary_info/standard_binary_info.c.o
 .binary_info.keep.__bi_ptr54
                0x10007578        0x4 CMakeFiles/rp2040-logic-analyzer.dir/home/devel/pico2/pico-sdk/src/rp2_common/pico_standard_binary_info/standard_binary_info.c.o
 .binary_info.keep.__bi_ptr48
                0x1000757c        0x4 CMakeFiles/rp2040-logic-analyzer.dir/home/devel/pico2/pico-sdk/src/rp2_common/pico_standard_binary_info/standard_binary_info.c.o
 .binary_info.keep.__bi_ptr42
                0x10007580        0x4 CMakeFiles/rp2040-logic-analyzer.dir/home/devel/pico2/pico-sdk/src/rp2_common/pico_standard_binary_info/standard_binary_info.c.o
 .binary_info.keep.__bi_ptr34
                0x10007584        0x4 CMakeFiles/rp2040-logic-analyzer.dir/home/devel/pico2/pico-sdk/src/rp2_common/pico_standard_binary_info/standard_binary_info.c.o
 .binary_info.keep.__bi_ptr26
                0x10007588        0x4 CMakeFiles/rp2040-logic-analyzer.dir/home/devel/pico2/pico-sdk/src/rp2_common/pico_standard_binary_info/standard_binary_info.c.o
 *(.binary_info.*)
 .binary_info.__bi_ptr197
                0x1000758c        0x4 CMakeFiles/rp2040-logic-analyzer.dir/home/devel/pico2/pico-sdk/src/rp2_common/pico_stdio_usb/stdio_usb.c.o
                0x10007590                        __binary_info_end = .
                0x10007590                        . = ALIGN (0x4)

.ram_vector_table
                0x20000000      0x110
 *(.ram_vector_table)
 .ram_vector_table
                0x20000000      0x110 CMakeFiles/rp2040-logic-analyzer.dir/home/devel/pico2/pico-sdk/src/rp2_common/pico_runtime_init/runtime_init.c.o
                0x20000000                ram_vector_table

.uninitialized_data
                0x20000110        0x0
                0x20000110                        . = ALIGN (0x4)
 *(.uninitialized_data*)

.data           0x20000110     0x1cc0 load address 0x10007590
                0x20000110                        __data_start__ = .
 *(vtable)
 *(.time_critical*)
 .time_critical.mutex_try_enter
                0x20000110       0x50 CMakeFiles/rp2040-logic-analyzer.dir/home/devel/pico2/pico-sdk/src/common/pico_sync/mutex.c.o
                0x20000110                mutex_try_enter
 .time_critical.mutex_enter_block_until
                0x20000160       0x70 CMakeFiles/rp2040-logic-analyzer.dir/home/devel/pico2/pico-sdk/src/common/pico_sync/mutex.c.o
                0x20000160                mutex_enter_block_until
 .time_critical.mutex_try_enter_block_until
                0x200001d0       0x6c CMakeFiles/rp2040-logic-analyzer.dir/home/devel/pico2/pico-sdk/src/common/pico_sync/mutex.c.o
                0x200001d0                mutex_try_enter_block_until
 .time_critical.mutex_enter_timeout_ms
                0x2000023c       0x38 CMakeFiles/rp2040-logic-analyzer.dir/home/devel/pico2/pico-sdk/src/common/pico_sync/mutex.c.o
                0x2000023c                mutex_enter_timeout_ms
 .time_critical.mutex_exit
                0x20000274       0x3c CMakeFiles/rp2040-logic-analyzer.dir/home/devel/pico2/pico-sdk/src/common/pico_sync/mutex.c.o
                0x20000274                mutex_exit
 .time_critical.reset_non_control_endpoints
                0x200002b0       0x64 CMakeFiles/rp2040-logic-analyzer.dir/home/devel/pico2/pico-sdk/lib/tinyusb/src/portable/raspberrypi/rp2040/dcd_rp2040.c.o
 .time_critical.hw_handle_buff_status
                0x20000314       0xa4 CMakeFiles/rp2040-logic-analyzer.dir/home/devel/pico2/pico-sdk/lib/tinyusb/src/portable/raspberrypi/rp2040/dcd_rp2040.c.o
 .time_critical.dcd_rp2040_irq
                0x200003b8      0x540 CMakeFiles/rp2040-logic-analyzer.dir/home/devel/pico2/pico-sdk/lib/tinyusb/src/portable/raspberrypi/rp2040/dcd_rp2040.c.o
 .time_critical.prepare_ep_buffer
                0x200008f8       0xd0 CMakeFiles/rp2040-logic-analyzer.dir/home/devel/pico2/pico-sdk/lib/tinyusb/src/portable/raspberrypi/rp2040/rp2040_usb.c.o
 .time_critical.sync_ep_buffer
                0x200009c8       0xb8 CMakeFiles/rp2040-logic-analyzer.dir/home/devel/pico2/pico-sdk/lib/tinyusb/src/portable/raspberrypi/rp2040/rp2040_usb.c.o
 .time_critical._hw_endpoint_xfer_sync
                0x20000a80       0x2c CMakeFiles/rp2040-logic-analyzer.dir/home/devel/pico2/pico-sdk/lib/tinyusb/src/portable/raspberrypi/rp2040/rp2040_usb.c.o
 .time_critical.e15_is_bulkin_ep
                0x20000aac       0x28 CMakeFiles/rp2040-logic-analyzer.dir/home/devel/pico2/pico-sdk/lib/tinyusb/src/portable/raspberrypi/rp2040/rp2040_usb.c.o
 .time_critical.e15_is_critical_frame_period
                0x20000ad4       0x28 CMakeFiles/rp2040-logic-analyzer.dir/home/devel/pico2/pico-sdk/lib/tinyusb/src/portable/raspberrypi/rp2040/rp2040_usb.c.o
 .time_critical.hw_endpoint_reset_transfer
                0x20000afc        0xc CMakeFiles/rp2040-logic-analyzer.dir/home/devel/pico2/pico-sdk/lib/tinyusb/src/portable/raspberrypi/rp2040/rp2040_usb.c.o
                0x20000afc                hw_endpoint_reset_transfer
 .time_critical._hw_endpoint_buffer_control_update32
                0x20000b08       0x44 CMakeFiles/rp2040-logic-analyzer.dir/home/devel/pico2/pico-sdk/lib/tinyusb/src/portable/raspberrypi/rp2040/rp2040_usb.c.o
                0x20000b08                _hw_endpoint_buffer_control_update32
 .time_critical.hw_endpoint_start_next_buffer
                0x20000b4c       0x64 CMakeFiles/rp2040-logic-analyzer.dir/home/devel/pico2/pico-sdk/lib/tinyusb/src/portable/raspberrypi/rp2040/rp2040_usb.c.o
                0x20000b4c                hw_endpoint_start_next_buffer
 .time_critical.hw_endpoint_xfer_continue
                0x20000bb0       0x3c CMakeFiles/rp2040-logic-analyzer.dir/home/devel/pico2/pico-sdk/lib/tinyusb/src/portable/raspberrypi/rp2040/rp2040_usb.c.o
                0x20000bb0                hw_endpoint_xfer_continue
 .time_critical.tinyusb
                0x20000bec      0x224 CMakeFiles/rp2040-logic-analyzer.dir/home/devel/pico2/pico-sdk/lib/tinyusb/src/device/usbd.c.o
                0x20000bec                dcd_event_handler
 *(.text*)
 .text          0x20000e10      0x378 /usr/lib/gcc/arm-none-eabi/12.2.1/thumb/v8-m.main+fp/softfp/libgcc.a(_arm_addsubdf3.o)
                0x20000e10                __aeabi_drsub
                0x20000e18                __aeabi_dsub
                0x20000e18                __subdf3
                0x20000e1c                __adddf3
                0x20000e1c                __aeabi_dadd
                0x20001094                __aeabi_ui2d
                0x20001094                __floatunsidf
                0x200010b4                __floatsidf
                0x200010b4                __aeabi_i2d
                0x200010d8                __extendsfdf2
                0x200010d8                __aeabi_f2d
                0x2000111c                __aeabi_ul2d
                0x2000111c                __floatundidf
                0x2000112c                __floatdidf
                0x2000112c                __aeabi_l2d
 .text          0x20001188       0x30 /usr/lib/gcc/arm-none-eabi/12.2.1/thumb/v8-m.main+fp/softfp/libgcc.a(_aeabi_uldivmod.o)
                0x20001188                __aeabi_uldivmod
 .text          0x200011b8      0x2ec /usr/lib/gcc/arm-none-eabi/12.2.1/thumb/v8-m.main+fp/softfp/libgcc.a(_udivmoddi4.o)
                0x200011b8                __udivmoddi4
 .text          0x200014a4        0x4 /usr/lib/gcc/arm-none-eabi/12.2.1/thumb/v8-m.main+fp/softfp/libgcc.a(_dvmd_tls.o)
                0x200014a4                __aeabi_ldiv0
                0x200014a4                __aeabi_idiv0
 .text.__stub   0x200014a8       0x30 linker stubs
                0x200014d8                        . = ALIGN (0x4)
 *(.rodata*)
                0x200014d8                        . = ALIGN (0x4)
 *(.data*)
 .data.FREQUENCY
                0x200014d8        0x4 CMakeFiles/rp2040-logic-analyzer.dir/rp2040-logic-analyzer.c.o
                0x200014d8                FREQUENCY
 .data.FREQ_DIV
                0x200014dc        0x4 CMakeFiles/rp2040-logic-analyzer.dir/rp2040-logic-analyzer.c.o
                0x200014dc                FREQ_DIV
 .data.CAPTURE_N_SAMPLES
                0x200014e0        0x4 CMakeFiles/rp2040-logic-analyzer.dir/rp2040-logic-analyzer.c.o
                0x200014e0                CAPTURE_N_SAMPLES
 .data.CAPTURE_PIN_COUNT
                0x200014e4        0x4 CMakeFiles/rp2040-logic-analyzer.dir/rp2040-logic-analyzer.c.o
                0x200014e4                CAPTURE_PIN_COUNT
 .data.CAPTURE_PIN_BASE
                0x200014e8        0x4 CMakeFiles/rp2040-logic-analyzer.dir/rp2040-logic-analyzer.c.o
                0x200014e8                CAPTURE_PIN_BASE
 .data.striped_spin_lock_num
                0x200014ec        0x1 CMakeFiles/rp2040-logic-analyzer.dir/home/devel/pico2/pico-sdk/src/rp2_common/hardware_sync/sync.c.o
 *fill*         0x200014ed        0x3 
 .data          0x200014f0       0x48 CMakeFiles/rp2040-logic-analyzer.dir/home/devel/pico2/pico-sdk/src/rp2_common/hardware_irq/irq_handler_chain.S.o
                0x200014f0                irq_handler_chain_slots
                0x20001520                irq_handler_chain_first_slot
                0x2000152a                irq_handler_chain_remove_tail
 .data.default_alarm_pool
                0x20001538       0x18 CMakeFiles/rp2040-logic-analyzer.dir/home/devel/pico2/pico-sdk/src/common/pico_time/time.c.o
 .data.stdio_usb
                0x20001550       0x18 CMakeFiles/rp2040-logic-analyzer.dir/home/devel/pico2/pico-sdk/src/rp2_common/pico_stdio_usb/stdio_usb.c.o
                0x20001550                stdio_usb
 .data._usbd_qdef
                0x20001568       0x1c CMakeFiles/rp2040-logic-analyzer.dir/home/devel/pico2/pico-sdk/lib/tinyusb/src/device/usbd.c.o
                0x20001568                _usbd_qdef
 .data._usbd_rhport
                0x20001584        0x1 CMakeFiles/rp2040-logic-analyzer.dir/home/devel/pico2/pico-sdk/lib/tinyusb/src/device/usbd.c.o
 *fill*         0x20001585        0x3 
 .data          0x20001588      0x430 /usr/lib/gcc/arm-none-eabi/12.2.1/../../../arm-none-eabi/lib/thumb/v8-m.main+fp/softfp/libg.a(lib_a-impure.o)
                0x20001588                _impure_ptr
 .data          0x200019b8      0x410 /usr/lib/gcc/arm-none-eabi/12.2.1/../../../arm-none-eabi/lib/thumb/v8-m.main+fp/softfp/libg.a(lib_a-mallocr.o)
                0x200019b8                __malloc_av_
                0x20001dc0                __malloc_sbrk_base
                0x20001dc4                __malloc_trim_threshold
 *(.sdata*)
                0x20001dc8                        . = ALIGN (0x4)
 *(.after_data.*)
                0x20001dc8                        . = ALIGN (0x4)
                0x20001dc8                        PROVIDE (__mutex_array_start = .)
 *(SORT_BY_NAME(.mutex_array.*))
 *(.mutex_array)
 .mutex_array   0x20001dc8        0x8 CMakeFiles/rp2040-logic-analyzer.dir/home/devel/pico2/pico-sdk/src/rp2_common/pico_stdio/stdio.c.o
                0x20001dd0                        PROVIDE (__mutex_array_end = .)
 *(.jcr)
                0x20001dd0                        . = ALIGN (0x4)

.tm_clone_table
                0x20001dd0        0x0 load address 0x10009250
 .tm_clone_table
                0x20001dd0        0x0 /usr/lib/gcc/arm-none-eabi/12.2.1/thumb/v8-m.main+fp/softfp/crtbegin.o
 .tm_clone_table
                0x20001dd0        0x0 /usr/lib/gcc/arm-none-eabi/12.2.1/thumb/v8-m.main+fp/softfp/crtend.o

.igot.plt       0x20001dd0        0x0 load address 0x10009250
 .igot.plt      0x20001dd0        0x0 /usr/lib/gcc/arm-none-eabi/12.2.1/thumb/v8-m.main+fp/softfp/crtbegin.o

.tdata          0x20001dd0        0x0 load address 0x10009250
                0x20001dd0                        . = ALIGN (0x4)
 *(.tdata .tdata.* .gnu.linkonce.td.*)
                0x20001dd0                        __tdata_end = .
                0x20001dd0                        PROVIDE (__data_end__ = .)
                0x10007590                        __etext = LOADADDR (.data)

.tbss           0x20001dd0        0x0 load address 0x10009250
                0x20001dd0                        . = ALIGN (0x4)
                0x20001dd0                        __bss_start__ = .
                0x20001dd0                        __tls_base = .
 *(.tbss .tbss.* .gnu.linkonce.tb.*)
 *(.tcommon)
                0x20001dd0                        __tls_end = .

.bss            0x20001dd0      0xdf8 load address 0x10009250
                0x20001dd0                        . = ALIGN (0x4)
                0x20001dd0                        __tbss_end = .
 *(SORT_BY_ALIGNMENT(SORT_BY_NAME(.bss*)))
 .bss._cdcd_itf
                0x20001dd0      0x2c8 CMakeFiles/rp2040-logic-analyzer.dir/home/devel/pico2/pico-sdk/lib/tinyusb/src/class/cdc/cdc_device.c.o
 .bss.default_alarm_pool_entries
                0x20002098      0x180 CMakeFiles/rp2040-logic-analyzer.dir/home/devel/pico2/pico-sdk/src/common/pico_time/time.c.o
 .bss.last_avail_time.1
                0x20002218        0x8 CMakeFiles/rp2040-logic-analyzer.dir/home/devel/pico2/pico-sdk/src/rp2_common/pico_stdio_usb/stdio_usb.c.o
 .bss           0x20002220       0x1c /usr/lib/gcc/arm-none-eabi/12.2.1/thumb/v8-m.main+fp/softfp/crtbegin.o
 .bss           0x2000223c       0x34 /usr/lib/gcc/arm-none-eabi/12.2.1/../../../arm-none-eabi/lib/thumb/v8-m.main+fp/softfp/libg.a(lib_a-mallocr.o)
                0x2000223c                __malloc_top_pad
                0x20002240                __malloc_current_mallinfo
                0x20002268                __malloc_max_sbrked_mem
                0x2000226c                __malloc_max_total_mem
 .bss           0x20002270        0x4 /usr/lib/gcc/arm-none-eabi/12.2.1/../../../arm-none-eabi/lib/thumb/v8-m.main+fp/softfp/libg.a(lib_a-reent.o)
                0x20002270                errno
 .bss._app_driver
                0x20002274        0x4 CMakeFiles/rp2040-logic-analyzer.dir/home/devel/pico2/pico-sdk/lib/tinyusb/src/device/usbd.c.o
 .bss._cdcd_fifo_cfg
                0x20002278        0x1 CMakeFiles/rp2040-logic-analyzer.dir/home/devel/pico2/pico-sdk/lib/tinyusb/src/class/cdc/cdc_device.c.o
 *fill*         0x20002279        0x3 
 .bss._ctrl_xfer
                0x2000227c       0x14 CMakeFiles/rp2040-logic-analyzer.dir/home/devel/pico2/pico-sdk/lib/tinyusb/src/device/usbd_control.c.o
 .bss._sw_spin_locks
                0x20002290       0x20 CMakeFiles/rp2040-logic-analyzer.dir/home/devel/pico2/pico-sdk/src/rp2_common/hardware_sync_spin_lock/sync_spin_lock.c.o
                0x20002290                _sw_spin_locks
 .bss._ubsd_mutexdef
                0x200022b0        0x8 CMakeFiles/rp2040-logic-analyzer.dir/home/devel/pico2/pico-sdk/lib/tinyusb/src/device/usbd.c.o
 .bss._usbd_ctrl_buf
                0x200022b8       0x40 CMakeFiles/rp2040-logic-analyzer.dir/home/devel/pico2/pico-sdk/lib/tinyusb/src/device/usbd_control.c.o
 .bss._usbd_dev
                0x200022f8       0x54 CMakeFiles/rp2040-logic-analyzer.dir/home/devel/pico2/pico-sdk/lib/tinyusb/src/device/usbd.c.o
 .bss._usbd_mutex
                0x2000234c        0x4 CMakeFiles/rp2040-logic-analyzer.dir/home/devel/pico2/pico-sdk/lib/tinyusb/src/device/usbd.c.o
 .bss._usbd_q   0x20002350        0x4 CMakeFiles/rp2040-logic-analyzer.dir/home/devel/pico2/pico-sdk/lib/tinyusb/src/device/usbd.c.o
 .bss._usbd_qdef_buf
                0x20002354       0xc0 CMakeFiles/rp2040-logic-analyzer.dir/home/devel/pico2/pico-sdk/lib/tinyusb/src/device/usbd.c.o
                0x20002354                _usbd_qdef_buf
 .bss._used_instruction_space
                0x20002414        0xc CMakeFiles/rp2040-logic-analyzer.dir/home/devel/pico2/pico-sdk/src/rp2_common/hardware_pio/pio.c.o
 .bss._vendord_itf
                0x20002420      0x2cc CMakeFiles/rp2040-logic-analyzer.dir/home/devel/pico2/pico-sdk/lib/tinyusb/src/class/vendor/vendor_device.c.o
 .bss.capture_prog_2
                0x200026ec        0x4 CMakeFiles/rp2040-logic-analyzer.dir/rp2040-logic-analyzer.c.o
                0x200026ec                capture_prog_2
 .bss.chars_available_callback
                0x200026f0        0x4 CMakeFiles/rp2040-logic-analyzer.dir/home/devel/pico2/pico-sdk/src/rp2_common/pico_stdio_usb/stdio_usb.c.o
 .bss.chars_available_param
                0x200026f4        0x4 CMakeFiles/rp2040-logic-analyzer.dir/home/devel/pico2/pico-sdk/src/rp2_common/pico_stdio_usb/stdio_usb.c.o
 .bss.claimed   0x200026f8        0x4 CMakeFiles/rp2040-logic-analyzer.dir/home/devel/pico2/pico-sdk/src/rp2_common/hardware_sync/sync.c.o
 .bss.claimed   0x200026fc        0x2 CMakeFiles/rp2040-logic-analyzer.dir/home/devel/pico2/pico-sdk/src/rp2_common/hardware_timer/timer.c.o
 *fill*         0x200026fe        0x2 
 .bss.configured_freq
                0x20002700       0x28 CMakeFiles/rp2040-logic-analyzer.dir/home/devel/pico2/pico-sdk/src/rp2_common/hardware_clocks/clocks.c.o
 .bss.desc_str.0
                0x20002728       0x28 CMakeFiles/rp2040-logic-analyzer.dir/home/devel/pico2/pico-sdk/src/rp2_common/pico_stdio_usb/stdio_usb_descriptors.c.o
 .bss.drivers   0x20002750        0x4 CMakeFiles/rp2040-logic-analyzer.dir/home/devel/pico2/pico-sdk/src/rp2_common/pico_stdio/stdio.c.o
 .bss.e15_last_sof
                0x20002754        0x4 CMakeFiles/rp2040-logic-analyzer.dir/home/devel/pico2/pico-sdk/lib/tinyusb/src/portable/raspberrypi/rp2040/rp2040_usb.c.o
                0x20002754                e15_last_sof
 .bss.filter    0x20002758        0x4 CMakeFiles/rp2040-logic-analyzer.dir/home/devel/pico2/pico-sdk/src/rp2_common/pico_stdio/stdio.c.o
 .bss.heap_end.0
                0x2000275c        0x4 CMakeFiles/rp2040-logic-analyzer.dir/home/devel/pico2/pico-sdk/src/rp2_common/pico_clib_interface/newlib_interface.c.o
 .bss.hw_endpoints
                0x20002760      0x400 CMakeFiles/rp2040-logic-analyzer.dir/home/devel/pico2/pico-sdk/lib/tinyusb/src/portable/raspberrypi/rp2040/dcd_rp2040.c.o
 .bss.lazy_vsnprintf
                0x20002b60        0x4 CMakeFiles/rp2040-logic-analyzer.dir/home/devel/pico2/pico-sdk/src/rp2_common/pico_printf/printf.c.o
 .bss.load_value
                0x20002b64        0x4 CMakeFiles/rp2040-logic-analyzer.dir/home/devel/pico2/pico-sdk/src/rp2_common/hardware_watchdog/watchdog.c.o
 .bss.next_buffer_ptr
                0x20002b68        0x4 CMakeFiles/rp2040-logic-analyzer.dir/home/devel/pico2/pico-sdk/lib/tinyusb/src/portable/raspberrypi/rp2040/dcd_rp2040.c.o
 .bss.offset    0x20002b6c        0x4 CMakeFiles/rp2040-logic-analyzer.dir/rp2040-logic-analyzer.c.o
                0x20002b6c                offset
 .bss.one_shot_timer_crit_sec
                0x20002b70        0x8 CMakeFiles/rp2040-logic-analyzer.dir/home/devel/pico2/pico-sdk/src/rp2_common/pico_stdio_usb/stdio_usb.c.o
 .bss.pools     0x20002b78       0x20 CMakeFiles/rp2040-logic-analyzer.dir/home/devel/pico2/pico-sdk/src/common/pico_time/time.c.o
 .bss.retrieved_id
                0x20002b98        0x8 CMakeFiles/rp2040-logic-analyzer.dir/home/devel/pico2/pico-sdk/src/rp2_common/pico_unique_id/unique_id.c.o
 .bss.sleep_notifier
                0x20002ba0        0x4 CMakeFiles/rp2040-logic-analyzer.dir/home/devel/pico2/pico-sdk/src/common/pico_time/time.c.o
 .bss.stdio_usb_mutex
                0x20002ba4        0x8 CMakeFiles/rp2040-logic-analyzer.dir/home/devel/pico2/pico-sdk/src/rp2_common/pico_stdio_usb/stdio_usb.c.o
 .bss.usbd_serial_str
                0x20002bac       0x11 CMakeFiles/rp2040-logic-analyzer.dir/home/devel/pico2/pico-sdk/src/rp2_common/pico_stdio_usb/stdio_usb_descriptors.c.o
 .bss.TRIGGER   0x20002bbd        0x1 CMakeFiles/rp2040-logic-analyzer.dir/rp2040-logic-analyzer.c.o
                0x20002bbd                TRIGGER
 .bss._app_driver_count
                0x20002bbe        0x1 CMakeFiles/rp2040-logic-analyzer.dir/home/devel/pico2/pico-sdk/lib/tinyusb/src/device/usbd.c.o
 .bss._sof_enable
                0x20002bbf        0x1 CMakeFiles/rp2040-logic-analyzer.dir/home/devel/pico2/pico-sdk/lib/tinyusb/src/portable/raspberrypi/rp2040/dcd_rp2040.c.o
 .bss._usbd_queued_setup
                0x20002bc0        0x1 CMakeFiles/rp2040-logic-analyzer.dir/home/devel/pico2/pico-sdk/lib/tinyusb/src/device/usbd.c.o
 .bss.irq_handler_chain_free_slot_head
                0x20002bc1        0x1 CMakeFiles/rp2040-logic-analyzer.dir/home/devel/pico2/pico-sdk/src/rp2_common/hardware_irq/irq.c.o
 .bss.itf_num   0x20002bc2        0x1 CMakeFiles/rp2040-logic-analyzer.dir/home/devel/pico2/pico-sdk/src/rp2_common/pico_stdio_usb/reset_interface.c.o
 .bss.low_priority_irq_num
                0x20002bc3        0x1 CMakeFiles/rp2040-logic-analyzer.dir/home/devel/pico2/pico-sdk/src/rp2_common/pico_stdio_usb/stdio_usb.c.o
 .bss.one_shot_timer_pending
                0x20002bc4        0x1 CMakeFiles/rp2040-logic-analyzer.dir/home/devel/pico2/pico-sdk/src/rp2_common/pico_stdio_usb/stdio_usb.c.o
 .bss.user_irq_claimed
                0x20002bc5        0x1 CMakeFiles/rp2040-logic-analyzer.dir/home/devel/pico2/pico-sdk/src/rp2_common/hardware_irq/irq.c.o
 *(COMMON)
                [!provide]                        PROVIDE (__global_pointer$ = (. + 0x800))
 *(.sbss*)
                0x20002bc8                        . = ALIGN (0x4)
 *fill*         0x20002bc6        0x2 
                0x20002bc8                        __bss_end__ = .

.heap           0x20002bc8      0x800 load address 0x10009250
                0x20002bc8                        __end__ = .
                0x20002bc8                        end = __end__
 *(.heap*)
 .heap          0x20002bc8      0x800 CMakeFiles/rp2040-logic-analyzer.dir/home/devel/pico2/pico-sdk/src/rp2_common/pico_crt0/crt0.S.o
                0x20080000                        __HeapLimit = (ORIGIN (RAM) + LENGTH (RAM))

.scratch_x      0x20080000        0x0 load address 0x10009250
                0x20080000                        __scratch_x_start__ = .
 *(.scratch_x.*)
                0x20080000                        . = ALIGN (0x4)
                0x20080000                        __scratch_x_end__ = .
                0x10009250                        __scratch_x_source__ = LOADADDR (.scratch_x)

.scratch_y      0x20081000        0x0 load address 0x10009250
                0x20081000                        __scratch_y_start__ = .
 *(.scratch_y.*)
                0x20081000                        . = ALIGN (0x4)
                0x20081000                        __scratch_y_end__ = .
                0x10009250                        __scratch_y_source__ = LOADADDR (.scratch_y)

.stack1_dummy
 *(.stack1*)

.stack_dummy    0x20081000      0x800
 *(.stack*)
 .stack         0x20081000      0x800 CMakeFiles/rp2040-logic-analyzer.dir/home/devel/pico2/pico-sdk/src/rp2_common/pico_crt0/crt0.S.o

.flash_end      0x10009250       0x14
 *(.embedded_end_block*)
 .embedded_end_block
                0x10009250       0x14 CMakeFiles/rp2040-logic-analyzer.dir/home/devel/pico2/pico-sdk/src/rp2_common/pico_crt0/crt0.S.o
                0x10009264                        PROVIDE (__flash_binary_end = .)
                0x20080000                        __StackLimit = (ORIGIN (RAM) + LENGTH (RAM))
                0x20081000                        __StackOneTop = (ORIGIN (SCRATCH_X) + LENGTH (SCRATCH_X))
                0x20082000                        __StackTop = (ORIGIN (SCRATCH_Y) + LENGTH (SCRATCH_Y))
                0x20081000                        __StackOneBottom = (__StackOneTop - SIZEOF (.stack1_dummy))
                0x20081800                        __StackBottom = (__StackTop - SIZEOF (.stack_dummy))
                0x20082000                        PROVIDE (__stack = __StackTop)
                [!provide]                        PROVIDE (__heap_start = __end__)
                [!provide]                        PROVIDE (__heap_end = __HeapLimit)
                [!provide]                        PROVIDE (__tls_align = MAX (ALIGNOF (.tdata), ALIGNOF (.tbss)))
                [!provide]                        PROVIDE (__tls_size_align = (((__tls_size + __tls_align) - 0x1) & ~ ((__tls_align - 0x1))))
                [!provide]                        PROVIDE (__arm32_tls_tcb_offset = MAX (0x8, __tls_align))
                [!provide]                        PROVIDE (_end = __end__)
                [!provide]                        PROVIDE (__llvm_libc_heap_limit = __HeapLimit)
                0x00000001                        ASSERT ((__StackLimit >= __HeapLimit), region RAM overflowed)
                0x00000001                        ASSERT (((__binary_info_header_end - __logical_binary_start) <= 0x400), Binary info must be in first 1024 bytes of the binary)
                0x00000001                        ASSERT (((__embedded_block_end - __logical_binary_start) <= 0x1000), Embedded block must be in first 4096 bytes of the binary)
LOAD CMakeFiles/rp2040-logic-analyzer.dir/rp2040-logic-analyzer.c.o
LOAD CMakeFiles/rp2040-logic-analyzer.dir/home/devel/pico2/pico-sdk/src/rp2_common/pico_stdlib/stdlib.c.o
LOAD CMakeFiles/rp2040-logic-analyzer.dir/home/devel/pico2/pico-sdk/src/rp2_common/hardware_gpio/gpio.c.o
LOAD CMakeFiles/rp2040-logic-analyzer.dir/home/devel/pico2/pico-sdk/src/rp2350/pico_platform/platform.c.o
LOAD CMakeFiles/rp2040-logic-analyzer.dir/home/devel/pico2/pico-sdk/src/rp2_common/pico_platform_panic/panic.c.o
LOAD CMakeFiles/rp2040-logic-analyzer.dir/home/devel/pico2/pico-sdk/src/common/hardware_claim/claim.c.o
LOAD CMakeFiles/rp2040-logic-analyzer.dir/home/devel/pico2/pico-sdk/src/rp2_common/hardware_sync/sync.c.o
LOAD CMakeFiles/rp2040-logic-analyzer.dir/home/devel/pico2/pico-sdk/src/rp2_common/hardware_sync_spin_lock/sync_spin_lock.c.o
LOAD CMakeFiles/rp2040-logic-analyzer.dir/home/devel/pico2/pico-sdk/src/rp2_common/hardware_irq/irq.c.o
LOAD CMakeFiles/rp2040-logic-analyzer.dir/home/devel/pico2/pico-sdk/src/rp2_common/hardware_irq/irq_handler_chain.S.o
LOAD CMakeFiles/rp2040-logic-analyzer.dir/home/devel/pico2/pico-sdk/src/common/pico_sync/sem.c.o
LOAD CMakeFiles/rp2040-logic-analyzer.dir/home/devel/pico2/pico-sdk/src/common/pico_sync/lock_core.c.o
LOAD CMakeFiles/rp2040-logic-analyzer.dir/home/devel/pico2/pico-sdk/src/common/pico_sync/mutex.c.o
LOAD CMakeFiles/rp2040-logic-analyzer.dir/home/devel/pico2/pico-sdk/src/common/pico_sync/critical_section.c.o
LOAD CMakeFiles/rp2040-logic-analyzer.dir/home/devel/pico2/pico-sdk/src/common/pico_time/time.c.o
LOAD CMakeFiles/rp2040-logic-analyzer.dir/home/devel/pico2/pico-sdk/src/common/pico_time/timeout_helper.c.o
LOAD CMakeFiles/rp2040-logic-analyzer.dir/home/devel/pico2/pico-sdk/src/rp2_common/hardware_timer/timer.c.o
LOAD CMakeFiles/rp2040-logic-analyzer.dir/home/devel/pico2/pico-sdk/src/common/pico_util/datetime.c.o
LOAD CMakeFiles/rp2040-logic-analyzer.dir/home/devel/pico2/pico-sdk/src/common/pico_util/pheap.c.o
LOAD CMakeFiles/rp2040-logic-analyzer.dir/home/devel/pico2/pico-sdk/src/common/pico_util/queue.c.o
LOAD CMakeFiles/rp2040-logic-analyzer.dir/home/devel/pico2/pico-sdk/src/rp2_common/hardware_uart/uart.c.o
LOAD CMakeFiles/rp2040-logic-analyzer.dir/home/devel/pico2/pico-sdk/src/rp2_common/hardware_clocks/clocks.c.o
LOAD CMakeFiles/rp2040-logic-analyzer.dir/home/devel/pico2/pico-sdk/src/rp2_common/hardware_pll/pll.c.o
LOAD CMakeFiles/rp2040-logic-analyzer.dir/home/devel/pico2/pico-sdk/src/rp2_common/hardware_vreg/vreg.c.o
LOAD CMakeFiles/rp2040-logic-analyzer.dir/home/devel/pico2/pico-sdk/src/rp2_common/hardware_watchdog/watchdog.c.o
LOAD CMakeFiles/rp2040-logic-analyzer.dir/home/devel/pico2/pico-sdk/src/rp2_common/hardware_ticks/ticks.c.o
LOAD CMakeFiles/rp2040-logic-analyzer.dir/home/devel/pico2/pico-sdk/src/rp2_common/pico_bootrom/bootrom.c.o