Archive member included to satisfy reference by file (symbol)

/usr/lib/gcc/arm-none-eabi/12.2.1/../../../arm-none-eabi/lib/thumb/v8-m.main+fp/softfp/libm.a(lib_a-wf_sqrt.o)
                              CMakeFiles/hello_freertos2.dir/home/devel/pico2/pico-sdk/src/rp2_common/pico_float/float_math.c.o (sqrtf)
/usr/lib/gcc/arm-none-eabi/12.2.1/../../../arm-none-eabi/lib/thumb/v8-m.main+fp/softfp/libm.a(lib_a-ef_sqrt.o)
                              /usr/lib/gcc/arm-none-eabi/12.2.1/../../../arm-none-eabi/lib/thumb/v8-m.main+fp/softfp/libm.a(lib_a-wf_sqrt.o) (__ieee754_sqrtf)
/usr/lib/gcc/arm-none-eabi/12.2.1/../../../arm-none-eabi/lib/thumb/v8-m.main+fp/softfp/libm.a(lib_a-s_lib_ver.o)
                              /usr/lib/gcc/arm-none-eabi/12.2.1/../../../arm-none-eabi/lib/thumb/v8-m.main+fp/softfp/libm.a(lib_a-wf_sqrt.o) (__fdlib_version)
/usr/lib/gcc/arm-none-eabi/12.2.1/thumb/v8-m.main+fp/softfp/libgcc.a(_arm_addsubdf3.o)
                              CMakeFiles/hello_freertos2.dir/home/devel/pico2/pico-sdk/src/rp2_common/pico_float/float_math.c.o (__aeabi_f2d)
/usr/lib/gcc/arm-none-eabi/12.2.1/thumb/v8-m.main+fp/softfp/libgcc.a(_aeabi_ldivmod.o)
                              CMakeFiles/hello_freertos2.dir/home/devel/pico2/freertos-lib/FreeRTOS-Kernel/portable/ThirdParty/GCC/RP2350_ARM_NTZ/non_secure/port.c.o (__aeabi_ldivmod)
/usr/lib/gcc/arm-none-eabi/12.2.1/thumb/v8-m.main+fp/softfp/libgcc.a(_aeabi_uldivmod.o)
                              CMakeFiles/hello_freertos2.dir/home/devel/pico2/pico-sdk/src/rp2_common/hardware_clocks/clocks.c.o (__aeabi_uldivmod)
/usr/lib/gcc/arm-none-eabi/12.2.1/thumb/v8-m.main+fp/softfp/libgcc.a(_udivmoddi4.o)
                              /usr/lib/gcc/arm-none-eabi/12.2.1/thumb/v8-m.main+fp/softfp/libgcc.a(_aeabi_ldivmod.o) (__udivmoddi4)
/usr/lib/gcc/arm-none-eabi/12.2.1/thumb/v8-m.main+fp/softfp/libgcc.a(_dvmd_tls.o)
                              /usr/lib/gcc/arm-none-eabi/12.2.1/thumb/v8-m.main+fp/softfp/libgcc.a(_aeabi_ldivmod.o) (__aeabi_ldiv0)
/usr/lib/gcc/arm-none-eabi/12.2.1/../../../arm-none-eabi/lib/thumb/v8-m.main+fp/softfp/libg.a(lib_a-atexit.o)
                              /usr/lib/gcc/arm-none-eabi/12.2.1/../../../arm-none-eabi/lib/thumb/v8-m.main+fp/softfp/crt0.o (atexit)
/usr/lib/gcc/arm-none-eabi/12.2.1/../../../arm-none-eabi/lib/thumb/v8-m.main+fp/softfp/libg.a(lib_a-calloc.o)
                              CMakeFiles/hello_freertos2.dir/home/devel/pico2/pico-sdk/src/rp2_common/pico_malloc/malloc.c.o (calloc)
/usr/lib/gcc/arm-none-eabi/12.2.1/../../../arm-none-eabi/lib/thumb/v8-m.main+fp/softfp/libg.a(lib_a-callocr.o)
                              /usr/lib/gcc/arm-none-eabi/12.2.1/../../../arm-none-eabi/lib/thumb/v8-m.main+fp/softfp/libg.a(lib_a-calloc.o) (_calloc_r)
/usr/lib/gcc/arm-none-eabi/12.2.1/../../../arm-none-eabi/lib/thumb/v8-m.main+fp/softfp/libg.a(lib_a-errno.o)
                              /usr/lib/gcc/arm-none-eabi/12.2.1/../../../arm-none-eabi/lib/thumb/v8-m.main+fp/softfp/libm.a(lib_a-wf_sqrt.o) (__errno)
/usr/lib/gcc/arm-none-eabi/12.2.1/../../../arm-none-eabi/lib/thumb/v8-m.main+fp/softfp/libg.a(lib_a-fini.o)
                              /usr/lib/gcc/arm-none-eabi/12.2.1/../../../arm-none-eabi/lib/thumb/v8-m.main+fp/softfp/crt0.o (__libc_fini_array)
/usr/lib/gcc/arm-none-eabi/12.2.1/../../../arm-none-eabi/lib/thumb/v8-m.main+fp/softfp/libg.a(lib_a-impure.o)
                              /usr/lib/gcc/arm-none-eabi/12.2.1/../../../arm-none-eabi/lib/thumb/v8-m.main+fp/softfp/libg.a(lib_a-calloc.o) (_impure_ptr)
/usr/lib/gcc/arm-none-eabi/12.2.1/../../../arm-none-eabi/lib/thumb/v8-m.main+fp/softfp/libg.a(lib_a-init.o)
                              /usr/lib/gcc/arm-none-eabi/12.2.1/../../../arm-none-eabi/lib/thumb/v8-m.main+fp/softfp/crt0.o (__libc_init_array)
/usr/lib/gcc/arm-none-eabi/12.2.1/../../../arm-none-eabi/lib/thumb/v8-m.main+fp/softfp/libg.a(lib_a-lcltime_r.o)
                              CMakeFiles/hello_freertos2.dir/home/devel/pico2/pico-sdk/src/common/pico_util/datetime.c.o (localtime_r)
/usr/lib/gcc/arm-none-eabi/12.2.1/../../../arm-none-eabi/lib/thumb/v8-m.main+fp/softfp/libg.a(lib_a-malloc.o)
                              CMakeFiles/hello_freertos2.dir/home/devel/pico2/pico-sdk/src/rp2_common/pico_malloc/malloc.c.o (malloc)
/usr/lib/gcc/arm-none-eabi/12.2.1/../../../arm-none-eabi/lib/thumb/v8-m.main+fp/softfp/libg.a(lib_a-mallocr.o)
                              /usr/lib/gcc/arm-none-eabi/12.2.1/../../../arm-none-eabi/lib/thumb/v8-m.main+fp/softfp/libg.a(lib_a-callocr.o) (_malloc_r)
/usr/lib/gcc/arm-none-eabi/12.2.1/../../../arm-none-eabi/lib/thumb/v8-m.main+fp/softfp/libg.a(lib_a-memcmp.o)
                              CMakeFiles/hello_freertos2.dir/home/devel/pico2/pico-sdk/src/rp2_common/pico_atomic/atomic.c.o (memcmp)
/usr/lib/gcc/arm-none-eabi/12.2.1/../../../arm-none-eabi/lib/thumb/v8-m.main+fp/softfp/libg.a(lib_a-memcpy.o)
[...]
Memory Configuration

Name             Origin             Length             Attributes
FLASH            0x10000000         0x00400000         xr
RAM              0x20000000         0x00080000         xrw
SCRATCH_X        0x20080000         0x00001000         xrw
SCRATCH_Y        0x20081000         0x00001000         xrw
*default*        0x00000000         0xffffffff

Linker script and memory map

LOAD /usr/lib/gcc/arm-none-eabi/12.2.1/thumb/v8-m.main+fp/softfp/crti.o
LOAD /usr/lib/gcc/arm-none-eabi/12.2.1/thumb/v8-m.main+fp/softfp/crtbegin.o
LOAD /usr/lib/gcc/arm-none-eabi/12.2.1/../../../arm-none-eabi/lib/thumb/v8-m.main+fp/softfp/crt0.o

.flash_begin    0x10000000        0x0
                0x10000000                        __flash_binary_start = .

.text           0x10000000     0x80f8
                0x10000000                        __logical_binary_start = .
 *(.vectors)
 .vectors       0x10000000      0x124 CMakeFiles/hello_freertos2.dir/home/devel/pico2/pico-sdk/src/rp2_common/pico_crt0/crt0.S.o
                0x10000000                __vectors
                0x10000000                __VECTOR_TABLE
                0x10000110                isr_invalid
                0x10000110                __default_isrs_start
                0x10000112                isr_nmi
                0x10000114                isr_hardfault
                0x10000116                isr_svcall
                0x10000118                isr_pendsv
                0x1000011a                isr_systick
                0x1000011c                isr_irq30
                0x1000011c                __unhandled_user_irq
                0x1000011c                isr_irq49
                0x1000011c                isr_irq13
                0x1000011c                isr_irq43
                0x1000011c                isr_irq45
                0x1000011c                isr_irq27
                0x1000011c                isr_irq32
                0x1000011c                isr_irq31
                0x1000011c                isr_irq5
                0x1000011c                isr_irq11
                0x1000011c                isr_irq23
                0x1000011c                isr_irq48
                0x1000011c                isr_irq35
                0x1000011c                isr_irq18
                0x1000011c                isr_irq50
                0x1000011c                isr_irq40
                0x1000011c                isr_irq28
                0x1000011c                isr_irq19
                0x1000011c                isr_irq36
                0x1000011c                isr_irq41
                0x1000011c                isr_irq0
                0x1000011c                isr_irq6
                0x1000011c                isr_irq37
                0x1000011c                isr_irq42
                0x1000011c                isr_irq22
                0x1000011c                isr_irq17
                0x1000011c                isr_irq38
                0x1000011c                isr_irq14
                0x1000011c                isr_irq2
                0x1000011c                isr_irq10
                0x1000011c                isr_irq8
                0x1000011c                isr_irq24
                0x1000011c                isr_irq46
                0x1000011c                isr_irq1
                0x1000011c                isr_irq47
                0x1000011c                isr_irq51
                0x1000011c                isr_irq7
                0x1000011c                isr_irq21
                0x1000011c                isr_irq39
                0x1000011c                isr_irq20
                0x1000011c                isr_irq15
                0x1000011c                isr_irq25
                0x1000011c                isr_irq34
                0x1000011c                isr_irq4
                0x1000011c                isr_irq16
                0x1000011c                isr_irq44
                0x1000011c                isr_irq29
                0x1000011c                isr_irq26
                0x1000011c                __default_isrs_end
                0x1000011c                isr_irq33
                0x1000011c                isr_irq3
                0x1000011c                isr_irq12
                0x1000011c                isr_irq9
                0x10000122                unhandled_user_irq_num_in_r0
 *(.binary_info_header)
 .binary_info_header
                0x10000124       0x14 CMakeFiles/hello_freertos2.dir/home/devel/pico2/pico-sdk/src/rp2_common/pico_crt0/crt0.S.o
                0x10000138                        __binary_info_header_end = .
 *(.embedded_block)
 .embedded_block
                0x10000138       0x14 CMakeFiles/hello_freertos2.dir/home/devel/pico2/pico-sdk/src/rp2_common/pico_crt0/crt0.S.o
                0x1000014c                        __embedded_block_end = .
 *(.reset)
 .reset         0x1000014c       0xa0 CMakeFiles/hello_freertos2.dir/home/devel/pico2/pico-sdk/src/rp2_common/pico_crt0/crt0.S.o
                0x1000014c                _entry_point
 *(.init)
 .init          0x100001ec        0x4 /usr/lib/gcc/arm-none-eabi/12.2.1/thumb/v8-m.main+fp/softfp/crti.o
                0x100001ec                _init
 *libgcc.a:cmse_nonsecure_call.o()
 *(EXCLUDE_FILE(*libm.a: *libc.a:*lib_a-mem*.o *libgcc.a:) .text*)
 .text          0x100001f0       0x8c /usr/lib/gcc/arm-none-eabi/12.2.1/thumb/v8-m.main+fp/softfp/crtbegin.o
 .text.blink_task
                0x1000027c       0x54 CMakeFiles/hello_freertos2.dir/hello_freertos.c.o
                0x1000027c                blink_task
 .text.main_task
                0x100002d0       0xe0 CMakeFiles/hello_freertos2.dir/hello_freertos.c.o
                0x100002d0                main_task
 .text.do_work  0x100003b0       0x74 CMakeFiles/hello_freertos2.dir/hello_freertos.c.o
 .text.vLaunch  0x10000424       0x34 CMakeFiles/hello_freertos2.dir/hello_freertos.c.o
                0x10000424                vLaunch
 .text.startup.main
                0x10000458       0x28 CMakeFiles/hello_freertos2.dir/hello_freertos.c.o
                0x10000458                main
 .text.end_task_func
                0x10000480        0xc CMakeFiles/hello_freertos2.dir/home/devel/pico2/pico-sdk/src/rp2_common/pico_async_context/async_context_freertos.c.o
 .text.async_context_freertos_lock_check
                0x1000048c        0x4 CMakeFiles/hello_freertos2.dir/home/devel/pico2/pico-sdk/src/rp2_common/pico_async_context/async_context_freertos.c.o
 .text.async_context_freertos_acquire_lock_blocking
                0x10000490       0x1c CMakeFiles/hello_freertos2.dir/home/devel/pico2/pico-sdk/src/rp2_common/pico_async_context/async_context_freertos.c.o
 .text.handle_sync_func_call
                0x100004ac       0x20 CMakeFiles/hello_freertos2.dir/home/devel/pico2/pico-sdk/src/rp2_common/pico_async_context/async_context_freertos.c.o
 .text.async_context_freertos_wait_until
                0x100004cc       0x58 CMakeFiles/hello_freertos2.dir/home/devel/pico2/pico-sdk/src/rp2_common/pico_async_context/async_context_freertos.c.o
 .text.async_context_freertos_deinit
                0x10000524       0x48 CMakeFiles/hello_freertos2.dir/home/devel/pico2/pico-sdk/src/rp2_common/pico_async_context/async_context_freertos.c.o
                0x10000524                async_context_freertos_deinit
 .text.async_context_freertos_execute_sync
                0x1000056c       0x70 CMakeFiles/hello_freertos2.dir/home/devel/pico2/pico-sdk/src/rp2_common/pico_async_context/async_context_freertos.c.o
                0x1000056c                async_context_freertos_execute_sync
 .text.async_context_freertos_wait_for_work_until
                0x100005dc       0x78 CMakeFiles/hello_freertos2.dir/home/devel/pico2/pico-sdk/src/rp2_common/pico_async_context/async_context_freertos.c.o
 .text.process_under_lock
                0x10000654       0x80 CMakeFiles/hello_freertos2.dir/home/devel/pico2/pico-sdk/src/rp2_common/pico_async_context/async_context_freertos.c.o
 .text.async_context_freertos_release_lock
                0x100006d4       0x9c CMakeFiles/hello_freertos2.dir/home/devel/pico2/pico-sdk/src/rp2_common/pico_async_context/async_context_freertos.c.o
 .text.async_context_freertos_set_work_pending
                0x10000770       0x5c CMakeFiles/hello_freertos2.dir/home/devel/pico2/pico-sdk/src/rp2_common/pico_async_context/async_context_freertos.c.o
 .text.timer_handler
                0x100007cc       0x5c CMakeFiles/hello_freertos2.dir/home/devel/pico2/pico-sdk/src/rp2_common/pico_async_context/async_context_freertos.c.o
 .text.async_context_task
                0x10000828       0xe4 CMakeFiles/hello_freertos2.dir/home/devel/pico2/pico-sdk/src/rp2_common/pico_async_context/async_context_freertos.c.o
 .text.async_context_freertos_remove_at_time_worker
                0x1000090c       0xc0 CMakeFiles/hello_freertos2.dir/home/devel/pico2/pico-sdk/src/rp2_common/pico_async_context/async_context_freertos.c.o
 .text.async_context_freertos_add_when_pending_worker
                0x100009cc       0xc0 CMakeFiles/hello_freertos2.dir/home/devel/pico2/pico-sdk/src/rp2_common/pico_async_context/async_context_freertos.c.o
 .text.async_context_freertos_remove_when_pending_worker
                0x10000a8c       0xc0 CMakeFiles/hello_freertos2.dir/home/devel/pico2/pico-sdk/src/rp2_common/pico_async_context/async_context_freertos.c.o
 .text.async_context_freertos_add_at_time_worker
                0x10000b4c       0xc0 CMakeFiles/hello_freertos2.dir/home/devel/pico2/pico-sdk/src/rp2_common/pico_async_context/async_context_freertos.c.o
 .text.async_context_freertos_init
                0x10000c0c       0xb0 CMakeFiles/hello_freertos2.dir/home/devel/pico2/pico-sdk/src/rp2_common/pico_async_context/async_context_freertos.c.o
                0x10000c0c                async_context_freertos_init
 .text.async_context_base_add_at_time_worker
                0x10000cbc       0x24 CMakeFiles/hello_freertos2.dir/home/devel/pico2/pico-sdk/src/rp2_common/pico_async_context/async_context_base.c.o
                0x10000cbc                async_context_base_add_at_time_worker
 .text.async_context_base_remove_at_time_worker
                0x10000ce0       0x28 CMakeFiles/hello_freertos2.dir/home/devel/pico2/pico-sdk/src/rp2_common/pico_async_context/async_context_base.c.o
                0x10000ce0                async_context_base_remove_at_time_worker
 .text.async_context_base_add_when_pending_worker
                0x10000d08       0x20 CMakeFiles/hello_freertos2.dir/home/devel/pico2/pico-sdk/src/rp2_common/pico_async_context/async_context_base.c.o
                0x10000d08                async_context_base_add_when_pending_worker
 .text.async_context_base_remove_when_pending_worker
                0x10000d28       0x24 CMakeFiles/hello_freertos2.dir/home/devel/pico2/pico-sdk/src/rp2_common/pico_async_context/async_context_base.c.o
                0x10000d28                async_context_base_remove_when_pending_worker
 .text.async_context_base_execute_once
                0x10000d4c       0xdc CMakeFiles/hello_freertos2.dir/home/devel/pico2/pico-sdk/src/rp2_common/pico_async_context/async_context_base.c.o
                0x10000d4c                async_context_base_execute_once
 .text.panic    0x10000e28       0x30 CMakeFiles/hello_freertos2.dir/home/devel/pico2/pico-sdk/src/rp2_common/pico_platform_panic/panic.c.o
                0x10000e28                panic
 .text.pvPortMalloc
                0x10000e58      0x11c CMakeFiles/hello_freertos2.dir/home/devel/pico2/freertos-lib/FreeRTOS-Kernel/portable/MemMang/heap_4.c.o
                0x10000e58                pvPortMalloc
 .text.vPortFree
                0x10000f74       0x98 CMakeFiles/hello_freertos2.dir/home/devel/pico2/freertos-lib/FreeRTOS-Kernel/portable/MemMang/heap_4.c.o
                0x10000f74                vPortFree
 .text.prvDoorbellInterruptHandler
                0x1000100c       0x30 CMakeFiles/hello_freertos2.dir/home/devel/pico2/freertos-lib/FreeRTOS-Kernel/portable/ThirdParty/GCC/RP2350_ARM_NTZ/non_secure/port.c.o
 .text.prvTaskExitError
                0x1000103c       0x18 CMakeFiles/hello_freertos2.dir/home/devel/pico2/freertos-lib/FreeRTOS-Kernel/portable/ThirdParty/GCC/RP2350_ARM_NTZ/non_secure/port.c.o
 .text.SysTick_Handler
                0x10001054       0x24 CMakeFiles/hello_freertos2.dir/home/devel/pico2/freertos-lib/FreeRTOS-Kernel/portable/ThirdParty/GCC/RP2350_ARM_NTZ/non_secure/port.c.o
                0x10001054                SysTick_Handler
 .text.vPortSetupTimerInterrupt
                0x10001078       0x2c CMakeFiles/hello_freertos2.dir/home/devel/pico2/freertos-lib/FreeRTOS-Kernel/portable/ThirdParty/GCC/RP2350_ARM_NTZ/non_secure/port.c.o
                0x10001078                vPortSetupTimerInterrupt
 .text.xPortStartSchedulerOnCore.isra.0
                0x100010a4      0x10c CMakeFiles/hello_freertos2.dir/home/devel/pico2/freertos-lib/FreeRTOS-Kernel/portable/ThirdParty/GCC/RP2350_ARM_NTZ/non_secure/port.c.o
 .text.prvDisableInterruptsAndPortStartSchedulerOnCore
                0x100011b0       0x10 CMakeFiles/hello_freertos2.dir/home/devel/pico2/freertos-lib/FreeRTOS-Kernel/portable/ThirdParty/GCC/RP2350_ARM_NTZ/non_secure/port.c.o
 .text.vPortYield
                0x100011c0       0x18 CMakeFiles/hello_freertos2.dir/home/devel/pico2/freertos-lib/FreeRTOS-Kernel/portable/ThirdParty/GCC/RP2350_ARM_NTZ/non_secure/port.c.o
                0x100011c0                vPortYield
 .text.vPortSVCHandler_C
                0x100011d8       0x2c CMakeFiles/hello_freertos2.dir/home/devel/pico2/freertos-lib/FreeRTOS-Kernel/portable/ThirdParty/GCC/RP2350_ARM_NTZ/non_secure/port.c.o
                0x100011d8                vPortSVCHandler_C
 .text.pxPortInitialiseStack
                0x10001204       0x78 CMakeFiles/hello_freertos2.dir/home/devel/pico2/freertos-lib/FreeRTOS-Kernel/portable/ThirdParty/GCC/RP2350_ARM_NTZ/non_secure/port.c.o
                0x10001204                pxPortInitialiseStack
 .text.xPortStartScheduler
                0x1000127c       0x50 CMakeFiles/hello_freertos2.dir/home/devel/pico2/freertos-lib/FreeRTOS-Kernel/portable/ThirdParty/GCC/RP2350_ARM_NTZ/non_secure/port.c.o
                0x1000127c                xPortStartScheduler
 .text.vPortValidateInterruptPriority
                0x100012cc       0x14 CMakeFiles/hello_freertos2.dir/home/devel/pico2/freertos-lib/FreeRTOS-Kernel/portable/ThirdParty/GCC/RP2350_ARM_NTZ/non_secure/port.c.o
                0x100012cc                vPortValidateInterruptPriority
 .text.ulPortLockGetCurrentOwnerId
                0x100012e0       0x2c CMakeFiles/hello_freertos2.dir/home/devel/pico2/freertos-lib/FreeRTOS-Kernel/portable/ThirdParty/GCC/RP2350_ARM_NTZ/non_secure/port.c.o
                0x100012e0                ulPortLockGetCurrentOwnerId
 .text.vPortLockInternalSpinUnlockWithNotify
                0x1000130c       0x94 CMakeFiles/hello_freertos2.dir/home/devel/pico2/freertos-lib/FreeRTOS-Kernel/portable/ThirdParty/GCC/RP2350_ARM_NTZ/non_secure/port.c.o
                0x1000130c                vPortLockInternalSpinUnlockWithNotify
 .text.xPortLockInternalSpinUnlockWithBestEffortWaitOrTimeout
                0x100013a0       0xec CMakeFiles/hello_freertos2.dir/home/devel/pico2/freertos-lib/FreeRTOS-Kernel/portable/ThirdParty/GCC/RP2350_ARM_NTZ/non_secure/port.c.o
                0x100013a0                xPortLockInternalSpinUnlockWithBestEffortWaitOrTimeout
 .text.startup.prvRuntimeInitializer
                0x1000148c       0x10 CMakeFiles/hello_freertos2.dir/home/devel/pico2/freertos-lib/FreeRTOS-Kernel/portable/ThirdParty/GCC/RP2350_ARM_NTZ/non_secure/port.c.o
 .text.vYieldCore
                0x1000149c       0x18 CMakeFiles/hello_freertos2.dir/home/devel/pico2/freertos-lib/FreeRTOS-Kernel/portable/ThirdParty/GCC/RP2350_ARM_NTZ/non_secure/port.c.o
                0x1000149c                vYieldCore
 *fill*         0x100014b4        0xc 
 .text.vRestoreContextOfFirstTask
                0x100014c0       0x38 CMakeFiles/hello_freertos2.dir/home/devel/pico2/freertos-lib/FreeRTOS-Kernel/portable/ThirdParty/GCC/RP2350_ARM_NTZ/non_secure/portasm.c.o
                0x100014c0                vRestoreContextOfFirstTask
 .text.vStartFirstTask
                0x100014f8       0x10 CMakeFiles/hello_freertos2.dir/home/devel/pico2/freertos-lib/FreeRTOS-Kernel/portable/ThirdParty/GCC/RP2350_ARM_NTZ/non_secure/portasm.c.o
                0x100014f8                vStartFirstTask
 .text.ulSetInterruptMask
                0x10001508       0x18 CMakeFiles/hello_freertos2.dir/home/devel/pico2/freertos-lib/FreeRTOS-Kernel/portable/ThirdParty/GCC/RP2350_ARM_NTZ/non_secure/portasm.c.o
                0x10001508                ulSetInterruptMask
 .text.vClearInterruptMask
                0x10001520       0x10 CMakeFiles/hello_freertos2.dir/home/devel/pico2/freertos-lib/FreeRTOS-Kernel/portable/ThirdParty/GCC/RP2350_ARM_NTZ/non_secure/portasm.c.o
                0x10001520                vClearInterruptMask
 .text.PendSV_Handler
                0x10001530       0x98 CMakeFiles/hello_freertos2.dir/home/devel/pico2/freertos-lib/FreeRTOS-Kernel/portable/ThirdParty/GCC/RP2350_ARM_NTZ/non_secure/portasm.c.o
                0x10001530                PendSV_Handler
 .text.SVC_Handler
                0x100015c8       0x18 CMakeFiles/hello_freertos2.dir/home/devel/pico2/freertos-lib/FreeRTOS-Kernel/portable/ThirdParty/GCC/RP2350_ARM_NTZ/non_secure/portasm.c.o
                0x100015c8                SVC_Handler
 .text.vEventGroupSetBitsCallback
                0x100015e0       0x64 CMakeFiles/hello_freertos2.dir/home/devel/pico2/freertos-lib/FreeRTOS-Kernel/event_groups.c.o
                0x100015e0                vEventGroupSetBitsCallback
 .text.xEventGroupCreate
                0x10001644       0x1c CMakeFiles/hello_freertos2.dir/home/devel/pico2/freertos-lib/FreeRTOS-Kernel/event_groups.c.o
                0x10001644                xEventGroupCreate
 .text.xEventGroupWaitBits
                0x10001660       0xb4 CMakeFiles/hello_freertos2.dir/home/devel/pico2/freertos-lib/FreeRTOS-Kernel/event_groups.c.o
                0x10001660                xEventGroupWaitBits
 .text.xEventGroupSetBits
                0x10001714       0x68 CMakeFiles/hello_freertos2.dir/home/devel/pico2/freertos-lib/FreeRTOS-Kernel/event_groups.c.o
                0x10001714                xEventGroupSetBits
 .text.xEventGroupSetBitsFromISR
                0x1000177c       0x1c CMakeFiles/hello_freertos2.dir/home/devel/pico2/freertos-lib/FreeRTOS-Kernel/event_groups.c.o
                0x1000177c                xEventGroupSetBitsFromISR
 .text.vListInitialise
                0x10001798       0x18 CMakeFiles/hello_freertos2.dir/home/devel/pico2/freertos-lib/FreeRTOS-Kernel/list.c.o
                0x10001798                vListInitialise
 .text.vListInitialiseItem
                0x100017b0        0x8 CMakeFiles/hello_freertos2.dir/home/devel/pico2/freertos-lib/FreeRTOS-Kernel/list.c.o
                0x100017b0                vListInitialiseItem
 .text.vListInsertEnd
                0x100017b8       0x1c CMakeFiles/hello_freertos2.dir/home/devel/pico2/freertos-lib/FreeRTOS-Kernel/list.c.o
                0x100017b8                vListInsertEnd
 .text.vListInsert
                0x100017d4       0x30 CMakeFiles/hello_freertos2.dir/home/devel/pico2/freertos-lib/FreeRTOS-Kernel/list.c.o
                0x100017d4                vListInsert
 .text.uxListRemove
                0x10001804       0x28 CMakeFiles/hello_freertos2.dir/home/devel/pico2/freertos-lib/FreeRTOS-Kernel/list.c.o
                0x10001804                uxListRemove
 .text.prvCopyDataToQueue
                0x1000182c       0x70 CMakeFiles/hello_freertos2.dir/home/devel/pico2/freertos-lib/FreeRTOS-Kernel/queue.c.o
 .text.prvUnlockQueue
                0x1000189c      0x174 CMakeFiles/hello_freertos2.dir/home/devel/pico2/freertos-lib/FreeRTOS-Kernel/queue.c.o
 .text.prvNotifyQueueSetContainer
                0x10001a10       0x84 CMakeFiles/hello_freertos2.dir/home/devel/pico2/freertos-lib/FreeRTOS-Kernel/queue.c.o
 .text.xQueueGenericCreate
                0x10001a94       0x80 CMakeFiles/hello_freertos2.dir/home/devel/pico2/freertos-lib/FreeRTOS-Kernel/queue.c.o
                0x10001a94                xQueueGenericCreate
 .text.xQueueGetMutexHolder
                0x10001b14       0x20 CMakeFiles/hello_freertos2.dir/home/devel/pico2/freertos-lib/FreeRTOS-Kernel/queue.c.o
                0x10001b14                xQueueGetMutexHolder
 .text.xQueueGenericSend
                0x10001b34      0x128 CMakeFiles/hello_freertos2.dir/home/devel/pico2/freertos-lib/FreeRTOS-Kernel/queue.c.o
                0x10001b34                xQueueGenericSend
 .text.xQueueCreateMutex
                0x10001c5c       0x70 CMakeFiles/hello_freertos2.dir/home/devel/pico2/freertos-lib/FreeRTOS-Kernel/queue.c.o
                0x10001c5c                xQueueCreateMutex
 .text.xQueueGiveMutexRecursive
                0x10001ccc       0x2c CMakeFiles/hello_freertos2.dir/home/devel/pico2/freertos-lib/FreeRTOS-Kernel/queue.c.o
                0x10001ccc                xQueueGiveMutexRecursive
 .text.xQueueGenericSendFromISR
                0x10001cf8       0x98 CMakeFiles/hello_freertos2.dir/home/devel/pico2/freertos-lib/FreeRTOS-Kernel/queue.c.o
                0x10001cf8                xQueueGenericSendFromISR
 .text.xQueueGiveFromISR
                0x10001d90       0x78 CMakeFiles/hello_freertos2.dir/home/devel/pico2/freertos-lib/FreeRTOS-Kernel/queue.c.o
                0x10001d90                xQueueGiveFromISR
 .text.xQueueReceive
                0x10001e08      0x108 CMakeFiles/hello_freertos2.dir/home/devel/pico2/freertos-lib/FreeRTOS-Kernel/queue.c.o
                0x10001e08                xQueueReceive
 .text.xQueueSemaphoreTake
                0x10001f10      0x130 CMakeFiles/hello_freertos2.dir/home/devel/pico2/freertos-lib/FreeRTOS-Kernel/queue.c.o
                0x10001f10                xQueueSemaphoreTake
 .text.xQueueTakeMutexRecursive
                0x10002040       0x2c CMakeFiles/hello_freertos2.dir/home/devel/pico2/freertos-lib/FreeRTOS-Kernel/queue.c.o
                0x10002040                xQueueTakeMutexRecursive
 *fill*         0x1000206c        0x4 
 .text.vQueueDelete
                0x10002070       0x74 CMakeFiles/hello_freertos2.dir/home/devel/pico2/freertos-lib/FreeRTOS-Kernel/queue.c.o
                0x10002070                vQueueDelete
 .text.vQueueAddToRegistry
                0x100020e4      0x130 CMakeFiles/hello_freertos2.dir/home/devel/pico2/freertos-lib/FreeRTOS-Kernel/queue.c.o
                0x100020e4                vQueueAddToRegistry
 .text.vQueueWaitForMessageRestricted
                0x10002214       0x50 CMakeFiles/hello_freertos2.dir/home/devel/pico2/freertos-lib/FreeRTOS-Kernel/queue.c.o
                0x10002214                vQueueWaitForMessageRestricted
 .text.prvPassiveIdleTask
                0x10002264       0x20 CMakeFiles/hello_freertos2.dir/home/devel/pico2/freertos-lib/FreeRTOS-Kernel/tasks.c.o
 .text.prvYieldForTask
                0x10002284       0xcc CMakeFiles/hello_freertos2.dir/home/devel/pico2/freertos-lib/FreeRTOS-Kernel/tasks.c.o
 .text.vTaskExitCritical.part.0
                0x10002350       0x8c CMakeFiles/hello_freertos2.dir/home/devel/pico2/freertos-lib/FreeRTOS-Kernel/tasks.c.o
 .text.prvCreateTask
                0x100023dc      0x138 CMakeFiles/hello_freertos2.dir/home/devel/pico2/freertos-lib/FreeRTOS-Kernel/tasks.c.o
 .text.prvCheckForRunStateChange
                0x10002514      0x160 CMakeFiles/hello_freertos2.dir/home/devel/pico2/freertos-lib/FreeRTOS-Kernel/tasks.c.o
 .text.vTaskSuspendAll.part.0
                0x10002674       0xf8 CMakeFiles/hello_freertos2.dir/home/devel/pico2/freertos-lib/FreeRTOS-Kernel/tasks.c.o
 .text.vTaskEnterCriticalFromISR.part.0
                0x1000276c       0x94 CMakeFiles/hello_freertos2.dir/home/devel/pico2/freertos-lib/FreeRTOS-Kernel/tasks.c.o
 .text.prvCheckTasksWaitingTermination
                0x10002800      0x19c CMakeFiles/hello_freertos2.dir/home/devel/pico2/freertos-lib/FreeRTOS-Kernel/tasks.c.o
 .text.prvIdleTask
                0x1000299c       0x1c CMakeFiles/hello_freertos2.dir/home/devel/pico2/freertos-lib/FreeRTOS-Kernel/tasks.c.o
 .text.prvAddCurrentTaskToDelayedList
                0x100029b8      0x13c CMakeFiles/hello_freertos2.dir/home/devel/pico2/freertos-lib/FreeRTOS-Kernel/tasks.c.o
 .text.vTaskCoreAffinitySet
                0x10002af4      0x1bc CMakeFiles/hello_freertos2.dir/home/devel/pico2/freertos-lib/FreeRTOS-Kernel/tasks.c.o
                0x10002af4                vTaskCoreAffinitySet
 .text.vTaskSuspendAll
                0x10002cb0       0x10 CMakeFiles/hello_freertos2.dir/home/devel/pico2/freertos-lib/FreeRTOS-Kernel/tasks.c.o
                0x10002cb0                vTaskSuspendAll
 .text.xTaskGetTickCount
                0x10002cc0        0xc CMakeFiles/hello_freertos2.dir/home/devel/pico2/freertos-lib/FreeRTOS-Kernel/tasks.c.o
                0x10002cc0                xTaskGetTickCount
 .text.uxTaskGetNumberOfTasks
                0x10002ccc        0xc CMakeFiles/hello_freertos2.dir/home/devel/pico2/freertos-lib/FreeRTOS-Kernel/tasks.c.o
                0x10002ccc                uxTaskGetNumberOfTasks
 .text.xTaskIncrementTick
                0x10002cd8      0x268 CMakeFiles/hello_freertos2.dir/home/devel/pico2/freertos-lib/FreeRTOS-Kernel/tasks.c.o
                0x10002cd8                xTaskIncrementTick
 .text.vTaskSwitchContext
                0x10002f40      0x318 CMakeFiles/hello_freertos2.dir/home/devel/pico2/freertos-lib/FreeRTOS-Kernel/tasks.c.o
                0x10002f40                vTaskSwitchContext
 .text.vTaskPlaceOnEventList
                0x10003258       0x34 CMakeFiles/hello_freertos2.dir/home/devel/pico2/freertos-lib/FreeRTOS-Kernel/tasks.c.o
                0x10003258                vTaskPlaceOnEventList
 .text.vTaskPlaceOnUnorderedEventList
                0x1000328c       0xa0 CMakeFiles/hello_freertos2.dir/home/devel/pico2/freertos-lib/FreeRTOS-Kernel/tasks.c.o
                0x1000328c                vTaskPlaceOnUnorderedEventList
 .text.vTaskPlaceOnEventListRestricted
                0x1000332c       0x9c CMakeFiles/hello_freertos2.dir/home/devel/pico2/freertos-lib/FreeRTOS-Kernel/tasks.c.o
                0x1000332c                vTaskPlaceOnEventListRestricted
 .text.xTaskRemoveFromEventList
                0x100033c8       0xc0 CMakeFiles/hello_freertos2.dir/home/devel/pico2/freertos-lib/FreeRTOS-Kernel/tasks.c.o
                0x100033c8                xTaskRemoveFromEventList
 .text.vTaskInternalSetTimeOutState
                0x10003488       0x18 CMakeFiles/hello_freertos2.dir/home/devel/pico2/freertos-lib/FreeRTOS-Kernel/tasks.c.o
                0x10003488                vTaskInternalSetTimeOutState
 .text.vTaskMissedYield
                0x100034a0       0x14 CMakeFiles/hello_freertos2.dir/home/devel/pico2/freertos-lib/FreeRTOS-Kernel/tasks.c.o
                0x100034a0                vTaskMissedYield
 .text.xTaskGetCurrentTaskHandle
                0x100034b4       0x20 CMakeFiles/hello_freertos2.dir/home/devel/pico2/freertos-lib/FreeRTOS-Kernel/tasks.c.o
                0x100034b4                xTaskGetCurrentTaskHandle
 .text.xTaskGetSchedulerState
                0x100034d4      0x130 CMakeFiles/hello_freertos2.dir/home/devel/pico2/freertos-lib/FreeRTOS-Kernel/tasks.c.o
                0x100034d4                xTaskGetSchedulerState
 .text.xTaskPriorityInherit
                0x10003604       0xf8 CMakeFiles/hello_freertos2.dir/home/devel/pico2/freertos-lib/FreeRTOS-Kernel/tasks.c.o
                0x10003604                xTaskPriorityInherit
 .text.xTaskPriorityDisinherit
                0x100036fc       0xbc CMakeFiles/hello_freertos2.dir/home/devel/pico2/freertos-lib/FreeRTOS-Kernel/tasks.c.o
                0x100036fc                xTaskPriorityDisinherit
 .text.vTaskPriorityDisinheritAfterTimeout
                0x100037b8       0xc8 CMakeFiles/hello_freertos2.dir/home/devel/pico2/freertos-lib/FreeRTOS-Kernel/tasks.c.o
                0x100037b8                vTaskPriorityDisinheritAfterTimeout
 .text.vTaskYieldWithinAPI
                0x10003880       0x24 CMakeFiles/hello_freertos2.dir/home/devel/pico2/freertos-lib/FreeRTOS-Kernel/tasks.c.o
                0x10003880                vTaskYieldWithinAPI
 .text.vTaskEnterCritical
                0x100038a4      0x11c CMakeFiles/hello_freertos2.dir/home/devel/pico2/freertos-lib/FreeRTOS-Kernel/tasks.c.o
                0x100038a4                vTaskEnterCritical
 .text.prvAddNewTaskToReadyList
                0x100039c0       0xf4 CMakeFiles/hello_freertos2.dir/home/devel/pico2/freertos-lib/FreeRTOS-Kernel/tasks.c.o
 .text.xTaskCreate
                0x10003ab4       0x2c CMakeFiles/hello_freertos2.dir/home/devel/pico2/freertos-lib/FreeRTOS-Kernel/tasks.c.o
                0x10003ab4                xTaskCreate
 .text.xTaskCreateAffinitySet
                0x10003ae0       0x28 CMakeFiles/hello_freertos2.dir/home/devel/pico2/freertos-lib/FreeRTOS-Kernel/tasks.c.o
                0x10003ae0                xTaskCreateAffinitySet
 .text.vTaskStartScheduler
                0x10003b08       0xc8 CMakeFiles/hello_freertos2.dir/home/devel/pico2/freertos-lib/FreeRTOS-Kernel/tasks.c.o
                0x10003b08                vTaskStartScheduler
 .text.vTaskDelete
                0x10003bd0      0x154 CMakeFiles/hello_freertos2.dir/home/devel/pico2/freertos-lib/FreeRTOS-Kernel/tasks.c.o
                0x10003bd0                vTaskDelete
 .text.xTaskResumeAll.part.0
                0x10003d24      0x1a0 CMakeFiles/hello_freertos2.dir/home/devel/pico2/freertos-lib/FreeRTOS-Kernel/tasks.c.o
 .text.xTaskResumeAll
                0x10003ec4       0x10 CMakeFiles/hello_freertos2.dir/home/devel/pico2/freertos-lib/FreeRTOS-Kernel/tasks.c.o
                0x10003ec4                xTaskResumeAll
 .text.vTaskDelay
                0x10003ed4       0x68 CMakeFiles/hello_freertos2.dir/home/devel/pico2/freertos-lib/FreeRTOS-Kernel/tasks.c.o
                0x10003ed4                vTaskDelay
 .text.vTaskRemoveFromUnorderedEventList
                0x10003f3c       0x94 CMakeFiles/hello_freertos2.dir/home/devel/pico2/freertos-lib/FreeRTOS-Kernel/tasks.c.o
                0x10003f3c                vTaskRemoveFromUnorderedEventList
 .text.xTaskCheckForTimeOut
                0x10003fd0       0xa4 CMakeFiles/hello_freertos2.dir/home/devel/pico2/freertos-lib/FreeRTOS-Kernel/tasks.c.o
                0x10003fd0                xTaskCheckForTimeOut
 .text.vTaskEnterCriticalFromISR
                0x10004074       0x94 CMakeFiles/hello_freertos2.dir/home/devel/pico2/freertos-lib/FreeRTOS-Kernel/tasks.c.o
                0x10004074                vTaskEnterCriticalFromISR
 .text.vTaskExitCritical
                0x10004108       0x98 CMakeFiles/hello_freertos2.dir/home/devel/pico2/freertos-lib/FreeRTOS-Kernel/tasks.c.o
                0x10004108                vTaskExitCritical
 .text.vTaskExitCriticalFromISR
                0x100041a0       0x64 CMakeFiles/hello_freertos2.dir/home/devel/pico2/freertos-lib/FreeRTOS-Kernel/tasks.c.o
                0x100041a0                vTaskExitCriticalFromISR
 .text.uxTaskResetEventItemValue
                0x10004204       0x44 CMakeFiles/hello_freertos2.dir/home/devel/pico2/freertos-lib/FreeRTOS-Kernel/tasks.c.o
                0x10004204                uxTaskResetEventItemValue
 .text.pvTaskIncrementMutexHeldCount
                0x10004248       0x28 CMakeFiles/hello_freertos2.dir/home/devel/pico2/freertos-lib/FreeRTOS-Kernel/tasks.c.o
                0x10004248                pvTaskIncrementMutexHeldCount
 .text.ulTaskGenericNotifyTake
                0x10004270      0x14c CMakeFiles/hello_freertos2.dir/home/devel/pico2/freertos-lib/FreeRTOS-Kernel/tasks.c.o
                0x10004270                ulTaskGenericNotifyTake
 .text.xTaskGenericNotify
                0x100043bc      0x204 CMakeFiles/hello_freertos2.dir/home/devel/pico2/freertos-lib/FreeRTOS-Kernel/tasks.c.o
                0x100043bc                xTaskGenericNotify
 .text.vTaskGenericNotifyGiveFromISR
                0x100045c0      0x144 CMakeFiles/hello_freertos2.dir/home/devel/pico2/freertos-lib/FreeRTOS-Kernel/tasks.c.o
                0x100045c0                vTaskGenericNotifyGiveFromISR
 .text.prvTimerTask
                0x10004704      0x350 CMakeFiles/hello_freertos2.dir/home/devel/pico2/freertos-lib/FreeRTOS-Kernel/timers.c.o
 .text.xTimerCreateTimerTask
                0x10004a54       0x8c CMakeFiles/hello_freertos2.dir/home/devel/pico2/freertos-lib/FreeRTOS-Kernel/timers.c.o
                0x10004a54                xTimerCreateTimerTask
 .text.xTimerCreate
                0x10004ae0       0xac CMakeFiles/hello_freertos2.dir/home/devel/pico2/freertos-lib/FreeRTOS-Kernel/timers.c.o
                0x10004ae0                xTimerCreate
 .text.xTimerGenericCommandFromTask
                0x10004b8c       0x44 CMakeFiles/hello_freertos2.dir/home/devel/pico2/freertos-lib/FreeRTOS-Kernel/timers.c.o
                0x10004b8c                xTimerGenericCommandFromTask
 .text.pvTimerGetTimerID
                0x10004bd0       0x14 CMakeFiles/hello_freertos2.dir/home/devel/pico2/freertos-lib/FreeRTOS-Kernel/timers.c.o
                0x10004bd0                pvTimerGetTimerID
 .text.xTimerPendFunctionCallFromISR
                0x10004be4       0x30 CMakeFiles/hello_freertos2.dir/home/devel/pico2/freertos-lib/FreeRTOS-Kernel/timers.c.o
                0x10004be4                xTimerPendFunctionCallFromISR
 .text.clock_configure_undivided
                0x10004c14       0xd0 CMakeFiles/hello_freertos2.dir/home/devel/pico2/pico-sdk/src/rp2_common/hardware_clocks/clocks.c.o
                0x10004c14                clock_configure_undivided
 .text.clock_get_hz
                0x10004ce4        0xc CMakeFiles/hello_freertos2.dir/home/devel/pico2/pico-sdk/src/rp2_common/hardware_clocks/clocks.c.o
                0x10004ce4                clock_get_hz
 .text.hw_claim_lock
                0x10004cf0       0x24 CMakeFiles/hello_freertos2.dir/home/devel/pico2/pico-sdk/src/common/hardware_claim/claim.c.o
                0x10004cf0                hw_claim_lock
 .text.hw_claim_unlock
                0x10004d14       0x14 CMakeFiles/hello_freertos2.dir/home/devel/pico2/pico-sdk/src/common/hardware_claim/claim.c.o
                0x10004d14                hw_claim_unlock
 .text.hw_claim_or_assert
                0x10004d28       0x58 CMakeFiles/hello_freertos2.dir/home/devel/pico2/pico-sdk/src/common/hardware_claim/claim.c.o
                0x10004d28                hw_claim_or_assert
 .text.next_striped_spin_lock_num
                0x10004d80       0x18 CMakeFiles/hello_freertos2.dir/home/devel/pico2/pico-sdk/src/rp2_common/hardware_sync/sync.c.o
                0x10004d80                next_striped_spin_lock_num
 .text.spin_lock_claim
                0x10004d98       0x14 CMakeFiles/hello_freertos2.dir/home/devel/pico2/pico-sdk/src/rp2_common/hardware_sync/sync.c.o
                0x10004d98                spin_lock_claim
 .text.spinlock_set_extexclall
                0x10004dac       0x10 CMakeFiles/hello_freertos2.dir/home/devel/pico2/pico-sdk/src/rp2_common/hardware_sync_spin_lock/sync_spin_lock.c.o
 .text.spin_locks_reset
                0x10004dbc       0x18 CMakeFiles/hello_freertos2.dir/home/devel/pico2/pico-sdk/src/rp2_common/hardware_sync_spin_lock/sync_spin_lock.c.o
                0x10004dbc                spin_locks_reset
 .text.gpio_set_function
                0x10004dd4       0x3c CMakeFiles/hello_freertos2.dir/home/devel/pico2/pico-sdk/src/rp2_common/hardware_gpio/gpio.c.o
                0x10004dd4                gpio_set_function
 .text.gpio_init
                0x10004e10       0x48 CMakeFiles/hello_freertos2.dir/home/devel/pico2/pico-sdk/src/rp2_common/hardware_gpio/gpio.c.o
                0x10004e10                gpio_init
 .text.runtime_init_per_core_irq_priorities
                0x10004e58       0x40 CMakeFiles/hello_freertos2.dir/home/devel/pico2/pico-sdk/src/rp2_common/hardware_irq/irq.c.o
                0x10004e58                runtime_init_per_core_irq_priorities
 .text.irq_set_enabled
                0x10004e98       0x2c CMakeFiles/hello_freertos2.dir/home/devel/pico2/pico-sdk/src/rp2_common/hardware_irq/irq.c.o
                0x10004e98                irq_set_enabled
 .text.irq_is_enabled
                0x10004ec4       0x20 CMakeFiles/hello_freertos2.dir/home/devel/pico2/pico-sdk/src/rp2_common/hardware_irq/irq.c.o
                0x10004ec4                irq_is_enabled
 .text.irq_set_exclusive_handler
                0x10004ee4       0x60 CMakeFiles/hello_freertos2.dir/home/devel/pico2/pico-sdk/src/rp2_common/hardware_irq/irq.c.o
                0x10004ee4                irq_set_exclusive_handler
 .text.irq_remove_handler
                0x10004f44      0x1fc CMakeFiles/hello_freertos2.dir/home/devel/pico2/pico-sdk/src/rp2_common/hardware_irq/irq.c.o
                0x10004f44                irq_remove_handler
 .text.irq_set_priority
                0x10005140       0x28 CMakeFiles/hello_freertos2.dir/home/devel/pico2/pico-sdk/src/rp2_common/hardware_irq/irq.c.o
                0x10005140                irq_set_priority
 .text.irq_add_tail_to_free_list
                0x10005168       0xbc CMakeFiles/hello_freertos2.dir/home/devel/pico2/pico-sdk/src/rp2_common/hardware_irq/irq.c.o
                0x10005168                irq_add_tail_to_free_list
 .text.lock_init
                0x10005224        0xc CMakeFiles/hello_freertos2.dir/home/devel/pico2/pico-sdk/src/common/pico_sync/lock_core.c.o
                0x10005224                lock_init
 .text.runtime_init_mutex
                0x10005230       0x64 CMakeFiles/hello_freertos2.dir/home/devel/pico2/pico-sdk/src/common/pico_sync/mutex.c.o
                0x10005230                runtime_init_mutex
 *fill*         0x10005294        0x4 
 .text.alarm_pool_irq_handler
                0x10005298      0x2e0 CMakeFiles/hello_freertos2.dir/home/devel/pico2/pico-sdk/src/common/pico_time/time.c.o
 .text.sleep_until_callback
                0x10005578       0x34 CMakeFiles/hello_freertos2.dir/home/devel/pico2/pico-sdk/src/common/pico_time/time.c.o
 .text.runtime_init_default_alarm_pool
                0x100055ac      0x100 CMakeFiles/hello_freertos2.dir/home/devel/pico2/pico-sdk/src/common/pico_time/time.c.o
                0x100055ac                runtime_init_default_alarm_pool
 .text.alarm_pool_add_alarm_at_force_in_context
                0x100056ac       0xc8 CMakeFiles/hello_freertos2.dir/home/devel/pico2/pico-sdk/src/common/pico_time/time.c.o
                0x100056ac                alarm_pool_add_alarm_at_force_in_context
 .text.alarm_pool_cancel_alarm
                0x10005774       0x80 CMakeFiles/hello_freertos2.dir/home/devel/pico2/pico-sdk/src/common/pico_time/time.c.o
                0x10005774                alarm_pool_cancel_alarm
 .text.best_effort_wfe_or_timeout
                0x100057f4       0xb8 CMakeFiles/hello_freertos2.dir/home/devel/pico2/pico-sdk/src/common/pico_time/time.c.o
                0x100057f4                best_effort_wfe_or_timeout
 .text.timer_hardware_alarm_claim
                0x100058ac       0x24 CMakeFiles/hello_freertos2.dir/home/devel/pico2/pico-sdk/src/rp2_common/hardware_timer/timer.c.o
                0x100058ac                timer_hardware_alarm_claim
 .text.timer_time_us_64
                0x100058d0       0x10 CMakeFiles/hello_freertos2.dir/home/devel/pico2/pico-sdk/src/rp2_common/hardware_timer/timer.c.o
                0x100058d0                timer_time_us_64
 .text.time_us_64
                0x100058e0       0x14 CMakeFiles/hello_freertos2.dir/home/devel/pico2/pico-sdk/src/rp2_common/hardware_timer/timer.c.o
                0x100058e0                time_us_64
 .text.busy_wait_us
                0x100058f4       0x5c CMakeFiles/hello_freertos2.dir/home/devel/pico2/pico-sdk/src/rp2_common/hardware_timer/timer.c.o
                0x100058f4                busy_wait_us
 .text.busy_wait_ms
                0x10005950       0x88 CMakeFiles/hello_freertos2.dir/home/devel/pico2/pico-sdk/src/rp2_common/hardware_timer/timer.c.o
                0x10005950                busy_wait_ms
 .text.pll_init
                0x100059d8       0x8c CMakeFiles/hello_freertos2.dir/home/devel/pico2/pico-sdk/src/rp2_common/hardware_pll/pll.c.o
                0x100059d8                pll_init
 .text.tick_start
                0x10005a64       0x18 CMakeFiles/hello_freertos2.dir/home/devel/pico2/pico-sdk/src/rp2_common/hardware_ticks/ticks.c.o
                0x10005a64                tick_start
 .text.rom_func_lookup
                0x10005a7c       0x18 CMakeFiles/hello_freertos2.dir/home/devel/pico2/pico-sdk/src/rp2_common/pico_bootrom/bootrom.c.o
                0x10005a7c                rom_func_lookup
 .text.runtime_init_bootrom_locking_enable
                0x10005a94       0x14 CMakeFiles/hello_freertos2.dir/home/devel/pico2/pico-sdk/src/rp2_common/pico_bootrom/bootrom_lock.c.o
                0x10005a94                runtime_init_bootrom_locking_enable
 .text.runtime_init_boot_locks_reset
                0x10005aa8       0x1c CMakeFiles/hello_freertos2.dir/home/devel/pico2/pico-sdk/src/rp2_common/hardware_boot_lock/boot_lock.c.o
                0x10005aa8                runtime_init_boot_locks_reset
 .text.xosc_init
                0x10005ac4       0x2c CMakeFiles/hello_freertos2.dir/home/devel/pico2/pico-sdk/src/rp2_common/hardware_xosc/xosc.c.o
                0x10005ac4                xosc_init
 .text.exception_set_exclusive_handler
                0x10005af0       0x4c CMakeFiles/hello_freertos2.dir/home/devel/pico2/pico-sdk/src/rp2_common/hardware_exception/exception.c.o
                0x10005af0                exception_set_exclusive_handler
 .text.core1_trampoline
                0x10005b3c        0x4 CMakeFiles/hello_freertos2.dir/home/devel/pico2/pico-sdk/src/rp2_common/pico_multicore/multicore.c.o
 .text.core1_wrapper
                0x10005b40       0x10 CMakeFiles/hello_freertos2.dir/home/devel/pico2/pico-sdk/src/rp2_common/pico_multicore/multicore.c.o
                0x10005b40                core1_wrapper
 .text.multicore_launch_core1_raw
                0x10005b50       0x88 CMakeFiles/hello_freertos2.dir/home/devel/pico2/pico-sdk/src/rp2_common/pico_multicore/multicore.c.o
                0x10005b50                multicore_launch_core1_raw
 .text.multicore_launch_core1
                0x10005bd8       0x48 CMakeFiles/hello_freertos2.dir/home/devel/pico2/pico-sdk/src/rp2_common/pico_multicore/multicore.c.o
                0x10005bd8                multicore_launch_core1
 .text.multicore_doorbell_claim_unused
                0x10005c20       0xf8 CMakeFiles/hello_freertos2.dir/home/devel/pico2/pico-sdk/src/rp2_common/pico_multicore/multicore.c.o
                0x10005c20                multicore_doorbell_claim_unused
 .text.uart_init
                0x10005d18      0x104 CMakeFiles/hello_freertos2.dir/home/devel/pico2/pico-sdk/src/rp2_common/hardware_uart/uart.c.o
                0x10005d18                uart_init
 .text.first_per_core_initializer
                0x10005e1c        0x4 CMakeFiles/hello_freertos2.dir/home/devel/pico2/pico-sdk/src/rp2_common/pico_runtime/runtime.c.o
 .text.hard_assertion_failure
                0x10005e20        0xc CMakeFiles/hello_freertos2.dir/home/devel/pico2/pico-sdk/src/rp2_common/pico_runtime/runtime.c.o
                0x10005e20                hard_assertion_failure
 .text.runtime_run_initializers
                0x10005e2c       0x20 CMakeFiles/hello_freertos2.dir/home/devel/pico2/pico-sdk/src/rp2_common/pico_runtime/runtime.c.o
                0x10005e2c                runtime_run_initializers
 .text.runtime_run_per_core_initializers
                0x10005e4c       0x20 CMakeFiles/hello_freertos2.dir/home/devel/pico2/pico-sdk/src/rp2_common/pico_runtime/runtime.c.o
                0x10005e4c                runtime_run_per_core_initializers
 .text.runtime_init_early_resets
                0x10005e6c       0x34 CMakeFiles/hello_freertos2.dir/home/devel/pico2/pico-sdk/src/rp2_common/pico_runtime_init/runtime_init.c.o
                0x10005e6c                runtime_init_early_resets
 .text.runtime_init_usb_power_down
                0x10005ea0       0x1c CMakeFiles/hello_freertos2.dir/home/devel/pico2/pico-sdk/src/rp2_common/pico_runtime_init/runtime_init.c.o
                0x10005ea0                runtime_init_usb_power_down
 .text.runtime_init_per_core_enable_coprocessors
                0x10005ebc       0x1c CMakeFiles/hello_freertos2.dir/home/devel/pico2/pico-sdk/src/rp2_common/pico_runtime_init/runtime_init.c.o
                0x10005ebc                runtime_init_per_core_enable_coprocessors
 .text.runtime_init_post_clock_resets
                0x10005ed8       0x20 CMakeFiles/hello_freertos2.dir/home/devel/pico2/pico-sdk/src/rp2_common/pico_runtime_init/runtime_init.c.o
                0x10005ed8                runtime_init_post_clock_resets
 .text.runtime_init_bootrom_reset
                0x10005ef8       0x14 CMakeFiles/hello_freertos2.dir/home/devel/pico2/pico-sdk/src/rp2_common/pico_runtime_init/runtime_init.c.o
                0x10005ef8                runtime_init_bootrom_reset
 .text.runtime_init_per_core_bootrom_reset
                0x10005f0c       0x14 CMakeFiles/hello_freertos2.dir/home/devel/pico2/pico-sdk/src/rp2_common/pico_runtime_init/runtime_init.c.o
                0x10005f0c                runtime_init_per_core_bootrom_reset
 .text.runtime_init_spin_locks_reset
                0x10005f20        0x4 CMakeFiles/hello_freertos2.dir/home/devel/pico2/pico-sdk/src/rp2_common/pico_runtime_init/runtime_init.c.o
                0x10005f20                runtime_init_spin_locks_reset
 .text.runtime_init_install_ram_vector_table
                0x10005f24       0x20 CMakeFiles/hello_freertos2.dir/home/devel/pico2/pico-sdk/src/rp2_common/pico_runtime_init/runtime_init.c.o
                0x10005f24                runtime_init_install_ram_vector_table
 .text.runtime_init_clocks
                0x10005f44       0xdc CMakeFiles/hello_freertos2.dir/home/devel/pico2/pico-sdk/src/rp2_common/pico_runtime_init/runtime_init_clocks.c.o
                0x10005f44                runtime_init_clocks
 .text.__rp2350_dcp_engaged_state_save_restore
                0x10006020       0x3a CMakeFiles/hello_freertos2.dir/home/devel/pico2/pico-sdk/src/rp2_common/pico_double/double_aeabi_dcp.S.o
 *fill*         0x1000605a        0x2 
 .text.__wrap___aeabi_dadd
                0x1000605c       0x28 CMakeFiles/hello_freertos2.dir/home/devel/pico2/pico-sdk/src/rp2_common/pico_double/double_aeabi_dcp.S.o
                0x10006064                __wrap___aeabi_dadd
 .text.__wrap___aeabi_dsub
                0x10006084       0x28 CMakeFiles/hello_freertos2.dir/home/devel/pico2/pico-sdk/src/rp2_common/pico_double/double_aeabi_dcp.S.o
                0x1000608c                __wrap___aeabi_dsub
 .text.__wrap___aeabi_dmul
                0x100060ac       0x4c CMakeFiles/hello_freertos2.dir/home/devel/pico2/pico-sdk/src/rp2_common/pico_double/double_aeabi_dcp.S.o
                0x100060b4                __wrap___aeabi_dmul
 .text.__wrap___aeabi_ddiv
                0x100060f8       0x9c CMakeFiles/hello_freertos2.dir/home/devel/pico2/pico-sdk/src/rp2_common/pico_double/double_aeabi_dcp.S.o
                0x10006100                __wrap___aeabi_ddiv
 .text.__wrap___aeabi_i2d
                0x10006194       0x24 CMakeFiles/hello_freertos2.dir/home/devel/pico2/pico-sdk/src/rp2_common/pico_double/double_aeabi_dcp.S.o
                0x1000619c                __wrap___aeabi_i2d
 .text.__wrap___aeabi_ui2d
                0x100061b8       0x24 CMakeFiles/hello_freertos2.dir/home/devel/pico2/pico-sdk/src/rp2_common/pico_double/double_aeabi_dcp.S.o
                0x100061c0                __wrap___aeabi_ui2d
 .text.__wrap___aeabi_d2iz
                0x100061dc       0x24 CMakeFiles/hello_freertos2.dir/home/devel/pico2/pico-sdk/src/rp2_common/pico_double/double_aeabi_dcp.S.o
                0x100061e4                __wrap___aeabi_d2iz
 .text.__wrap___aeabi_d2uiz
                0x10006200       0x24 CMakeFiles/hello_freertos2.dir/home/devel/pico2/pico-sdk/src/rp2_common/pico_double/double_aeabi_dcp.S.o
                0x10006208                __wrap___aeabi_d2uiz
 .text.__wrap___aeabi_dcmpun
                0x10006224       0x24 CMakeFiles/hello_freertos2.dir/home/devel/pico2/pico-sdk/src/rp2_common/pico_double/double_aeabi_dcp.S.o
                0x1000622c                __wrap___aeabi_dcmpun
 .text.__wrap___aeabi_dcmplt
                0x10006248       0x28 CMakeFiles/hello_freertos2.dir/home/devel/pico2/pico-sdk/src/rp2_common/pico_double/double_aeabi_dcp.S.o
                0x10006250                __wrap___aeabi_dcmplt
 .text.__wrap___aeabi_dcmpge
                0x10006270       0x28 CMakeFiles/hello_freertos2.dir/home/devel/pico2/pico-sdk/src/rp2_common/pico_double/double_aeabi_dcp.S.o
                0x10006278                __wrap___aeabi_dcmpge
 .text.__wrap___aeabi_dcmpgt
                0x10006298       0x28 CMakeFiles/hello_freertos2.dir/home/devel/pico2/pico-sdk/src/rp2_common/pico_double/double_aeabi_dcp.S.o
                0x100062a0                __wrap___aeabi_dcmpgt
 .text._out_null
                0x100062c0        0x4 CMakeFiles/hello_freertos2.dir/home/devel/pico2/pico-sdk/src/rp2_common/pico_printf/printf.c.o
 .text._out_rev
                0x100062c4       0x98 CMakeFiles/hello_freertos2.dir/home/devel/pico2/pico-sdk/src/rp2_common/pico_printf/printf.c.o
 .text._ntoa_format
                0x1000635c      0x294 CMakeFiles/hello_freertos2.dir/home/devel/pico2/pico-sdk/src/rp2_common/pico_printf/printf.c.o
 .text._out_char
                0x100065f0        0x8 CMakeFiles/hello_freertos2.dir/home/devel/pico2/pico-sdk/src/rp2_common/pico_printf/printf.c.o
 .text._out_fct
                0x100065f8        0xc CMakeFiles/hello_freertos2.dir/home/devel/pico2/pico-sdk/src/rp2_common/pico_printf/printf.c.o
 *fill*         0x10006604        0x4 
 .text._etoa    0x10006608      0x458 CMakeFiles/hello_freertos2.dir/home/devel/pico2/pico-sdk/src/rp2_common/pico_printf/printf.c.o
 .text._ftoa    0x10006a60      0x3f8 CMakeFiles/hello_freertos2.dir/home/devel/pico2/pico-sdk/src/rp2_common/pico_printf/printf.c.o
 .text._vsnprintf
                0x10006e58      0x9e4 CMakeFiles/hello_freertos2.dir/home/devel/pico2/pico-sdk/src/rp2_common/pico_printf/printf.c.o
 .text.vfctprintf
                0x1000783c       0x28 CMakeFiles/hello_freertos2.dir/home/devel/pico2/pico-sdk/src/rp2_common/pico_printf/printf.c.o
                0x1000783c                vfctprintf
 .text.weak_raw_vprintf
                0x10007864       0x30 CMakeFiles/hello_freertos2.dir/home/devel/pico2/pico-sdk/src/rp2_common/pico_printf/printf.c.o
                0x10007864                weak_raw_vprintf
 .text._exit    0x10007894        0x4 CMakeFiles/hello_freertos2.dir/home/devel/pico2/pico-sdk/src/rp2_common/pico_clib_interface/newlib_interface.c.o
                0x10007894                _exit
 .text.exit     0x10007898        0x8 CMakeFiles/hello_freertos2.dir/home/devel/pico2/pico-sdk/src/rp2_common/pico_clib_interface/newlib_interface.c.o
                0x10007898                exit
 .text.runtime_init
                0x100078a0       0x24 CMakeFiles/hello_freertos2.dir/home/devel/pico2/pico-sdk/src/rp2_common/pico_clib_interface/newlib_interface.c.o
                0x100078a0                runtime_init
 .text.stdio_out_chars_no_crlf
                0x100078c4        0x8 CMakeFiles/hello_freertos2.dir/home/devel/pico2/pico-sdk/src/rp2_common/pico_stdio/stdio.c.o
 .text.stdio_out_chars_crlf
                0x100078cc       0xb8 CMakeFiles/hello_freertos2.dir/home/devel/pico2/pico-sdk/src/rp2_common/pico_stdio/stdio.c.o
 .text.stdio_buffered_printer
                0x10007984       0x60 CMakeFiles/hello_freertos2.dir/home/devel/pico2/pico-sdk/src/rp2_common/pico_stdio/stdio.c.o
 .text.stdio_put_string
                0x100079e4       0xf0 CMakeFiles/hello_freertos2.dir/home/devel/pico2/pico-sdk/src/rp2_common/pico_stdio/stdio.c.o
                0x100079e4                stdio_put_string
 .text.stdio_set_driver_enabled
                0x10007ad4       0x28 CMakeFiles/hello_freertos2.dir/home/devel/pico2/pico-sdk/src/rp2_common/pico_stdio/stdio.c.o
                0x10007ad4                stdio_set_driver_enabled
 .text.stdio_init_all
                0x10007afc        0xc CMakeFiles/hello_freertos2.dir/home/devel/pico2/pico-sdk/src/rp2_common/pico_stdio/stdio.c.o
                0x10007afc                stdio_init_all
 .text.__wrap_putchar
                0x10007b08       0x84 CMakeFiles/hello_freertos2.dir/home/devel/pico2/pico-sdk/src/rp2_common/pico_stdio/stdio.c.o
                0x10007b08                stdio_putchar
                0x10007b08                __wrap_putchar
 .text.__wrap_puts
                0x10007b8c       0x3c CMakeFiles/hello_freertos2.dir/home/devel/pico2/pico-sdk/src/rp2_common/pico_stdio/stdio.c.o
                0x10007b8c                __wrap_puts
                0x10007b8c                stdio_puts
 .text.__wrap_vprintf
                0x10007bc8       0xc8 CMakeFiles/hello_freertos2.dir/home/devel/pico2/pico-sdk/src/rp2_common/pico_stdio/stdio.c.o
                0x10007bc8                __wrap_vprintf
                0x10007bc8                stdio_vprintf
 .text.__wrap_printf
                0x10007c90       0x1c CMakeFiles/hello_freertos2.dir/home/devel/pico2/pico-sdk/src/rp2_common/pico_stdio/stdio.c.o
                0x10007c90                stdio_printf
                0x10007c90                __wrap_printf
 .text.stdio_uart_out_chars
                0x10007cac       0x50 CMakeFiles/hello_freertos2.dir/home/devel/pico2/pico-sdk/src/rp2_common/pico_stdio_uart/stdio_uart.c.o
 .text.stdio_uart_in_chars
                0x10007cfc       0x90 CMakeFiles/hello_freertos2.dir/home/devel/pico2/pico-sdk/src/rp2_common/pico_stdio_uart/stdio_uart.c.o
                0x10007cfc                stdio_uart_in_chars
 .text.on_uart_rx
                0x10007d8c       0x24 CMakeFiles/hello_freertos2.dir/home/devel/pico2/pico-sdk/src/rp2_common/pico_stdio_uart/stdio_uart.c.o
 .text.stdio_uart_out_flush
                0x10007db0       0x10 CMakeFiles/hello_freertos2.dir/home/devel/pico2/pico-sdk/src/rp2_common/pico_stdio_uart/stdio_uart.c.o
 .text.stdio_uart_set_chars_available_callback
                0x10007dc0       0x84 CMakeFiles/hello_freertos2.dir/home/devel/pico2/pico-sdk/src/rp2_common/pico_stdio_uart/stdio_uart.c.o
 .text.stdio_uart_init
                0x10007e44       0x54 CMakeFiles/hello_freertos2.dir/home/devel/pico2/pico-sdk/src/rp2_common/pico_stdio_uart/stdio_uart.c.o
                0x10007e44                stdio_uart_init
 .text          0x10007e98       0xec /usr/lib/gcc/arm-none-eabi/12.2.1/../../../arm-none-eabi/lib/thumb/v8-m.main+fp/softfp/libg.a(lib_a-memcpy.o)
                0x10007e98                memcpy
 .text          0x10007f84       0xa8 /usr/lib/gcc/arm-none-eabi/12.2.1/../../../arm-none-eabi/lib/thumb/v8-m.main+fp/softfp/libg.a(lib_a-memset.o)
                0x10007f84                memset
 .text          0x1000802c       0x5c /usr/lib/gcc/arm-none-eabi/12.2.1/../../../arm-none-eabi/lib/thumb/v8-m.main+fp/softfp/libg.a(lib_a-strlen-stub.o)
                0x1000802c                strlen
 *(.fini)
 .fini          0x10008088        0x4 /usr/lib/gcc/arm-none-eabi/12.2.1/thumb/v8-m.main+fp/softfp/crti.o
                0x10008088                _fini
 *fill*         0x1000808c        0x4 
 .fini.__stub   0x10008090       0x20 linker stubs
 *crtbegin.o(.ctors)
 *crtbegin?.o(.ctors)
 *(EXCLUDE_FILE(*crtend.o *crtend?.o) .ctors)
 *(SORT_BY_NAME(.ctors.*))
 *(.ctors)
 *crtbegin.o(.dtors)
 *crtbegin?.o(.dtors)
 *(EXCLUDE_FILE(*crtend.o *crtend?.o) .dtors)
 *(SORT_BY_NAME(.dtors.*))
 *(.dtors)
                0x100080b0                        . = ALIGN (0x4)
                0x100080b0                        PROVIDE (__preinit_array_start = .)
 *(SORT_BY_NAME(.preinit_array.*))
 .preinit_array.00050
                0x100080b0        0x4 CMakeFiles/hello_freertos2.dir/home/devel/pico2/pico-sdk/src/rp2_common/pico_runtime_init/runtime_init.c.o
                0x100080b0                __pre_init_runtime_init_bootrom_reset
 .preinit_array.00100
                0x100080b4        0x4 CMakeFiles/hello_freertos2.dir/home/devel/pico2/pico-sdk/src/rp2_common/pico_runtime_init/runtime_init.c.o
                0x100080b4                __pre_init_runtime_init_early_resets
 .preinit_array.00101
                0x100080b8        0x4 CMakeFiles/hello_freertos2.dir/home/devel/pico2/pico-sdk/src/rp2_common/pico_runtime_init/runtime_init.c.o
                0x100080b8                __pre_init_runtime_init_usb_power_down
 .preinit_array.00500
                0x100080bc        0x4 CMakeFiles/hello_freertos2.dir/home/devel/pico2/pico-sdk/src/rp2_common/pico_runtime_init/runtime_init.c.o
                0x100080bc                __pre_init_runtime_init_clocks
 .preinit_array.00600
                0x100080c0        0x4 CMakeFiles/hello_freertos2.dir/home/devel/pico2/pico-sdk/src/rp2_common/pico_runtime_init/runtime_init.c.o
                0x100080c0                __pre_init_runtime_init_post_clock_resets
 .preinit_array.01000
                0x100080c4        0x4 CMakeFiles/hello_freertos2.dir/home/devel/pico2/pico-sdk/src/rp2_common/hardware_boot_lock/boot_lock.c.o
                0x100080c4                __pre_init_runtime_init_boot_locks_reset
 .preinit_array.01000
                0x100080c8        0x4 CMakeFiles/hello_freertos2.dir/home/devel/pico2/pico-sdk/src/rp2_common/pico_runtime_init/runtime_init.c.o
                0x100080c8                __pre_init_runtime_init_spin_locks_reset
 .preinit_array.01010
                0x100080cc        0x4 CMakeFiles/hello_freertos2.dir/home/devel/pico2/pico-sdk/src/rp2_common/pico_bootrom/bootrom_lock.c.o
                0x100080cc                __pre_init_runtime_init_bootrom_locking_enable
 .preinit_array.01100
                0x100080d0        0x4 CMakeFiles/hello_freertos2.dir/home/devel/pico2/pico-sdk/src/common/pico_sync/mutex.c.o
                0x100080d0                __pre_init_runtime_init_mutex
 .preinit_array.10080
                0x100080d4        0x4 CMakeFiles/hello_freertos2.dir/home/devel/pico2/pico-sdk/src/rp2_common/pico_runtime_init/runtime_init.c.o
                0x100080d4                __pre_init_runtime_init_install_ram_vector_table
 .preinit_array.11000
                0x100080d8        0x4 CMakeFiles/hello_freertos2.dir/home/devel/pico2/pico-sdk/src/common/pico_time/time.c.o
                0x100080d8                __pre_init_runtime_init_default_alarm_pool
 .preinit_array.YYYYY
                0x100080dc        0x4 CMakeFiles/hello_freertos2.dir/home/devel/pico2/pico-sdk/src/rp2_common/pico_runtime/runtime.c.o
                0x100080dc                __pre_init_first_per_core_initializer
 .preinit_array.ZZZZZ.00051
                0x100080e0        0x4 CMakeFiles/hello_freertos2.dir/home/devel/pico2/pico-sdk/src/rp2_common/pico_runtime_init/runtime_init.c.o
                0x100080e0                __pre_init_runtime_init_per_core_bootrom_reset
 .preinit_array.ZZZZZ.00200
                0x100080e4        0x4 CMakeFiles/hello_freertos2.dir/home/devel/pico2/pico-sdk/src/rp2_common/pico_runtime_init/runtime_init.c.o
                0x100080e4                __pre_init_runtime_init_per_core_enable_coprocessors
 .preinit_array.ZZZZZ.01000
                0x100080e8        0x4 CMakeFiles/hello_freertos2.dir/home/devel/pico2/pico-sdk/src/rp2_common/hardware_sync_spin_lock/sync_spin_lock.c.o
                0x100080e8                __pre_init_spinlock_set_extexclall
 .preinit_array.ZZZZZ.01200
                0x100080ec        0x4 CMakeFiles/hello_freertos2.dir/home/devel/pico2/pico-sdk/src/rp2_common/hardware_irq/irq.c.o
                0x100080ec                __pre_init_runtime_init_per_core_irq_priorities
 *(.preinit_array)
                0x100080f0                        PROVIDE (__preinit_array_end = .)
                0x100080f0                        . = ALIGN (0x4)
                0x100080f0                        PROVIDE (__init_array_start = .)
 *(SORT_BY_NAME(.init_array.*))
 *(.init_array)
 .init_array    0x100080f0        0x4 /usr/lib/gcc/arm-none-eabi/12.2.1/thumb/v8-m.main+fp/softfp/crtbegin.o
 .init_array    0x100080f4        0x4 CMakeFiles/hello_freertos2.dir/home/devel/pico2/freertos-lib/FreeRTOS-Kernel/portable/ThirdParty/GCC/RP2350_ARM_NTZ/non_secure/port.c.o
                0x100080f8                        PROVIDE (__init_array_end = .)
                0x100080f8                        . = ALIGN (0x4)
                0x100080f8                        PROVIDE (__fini_array_start = .)
 *(SORT_BY_NAME(.fini_array.*))
 *(.fini_array)
                0x100080f8                        PROVIDE (__fini_array_end = .)
 *(.eh_frame*)
 .eh_frame      0x100080f8        0x0 /usr/lib/gcc/arm-none-eabi/12.2.1/thumb/v8-m.main+fp/softfp/crtbegin.o
                0x100080f8                        . = ALIGN (0x4)

.glue_7         0x100080f8        0x0
 .glue_7        0x100080f8        0x0 linker stubs

.glue_7t        0x100080f8        0x0
 .glue_7t       0x100080f8        0x0 linker stubs

.vfp11_veneer   0x100080f8        0x0
 .vfp11_veneer  0x100080f8        0x0 linker stubs

.v4_bx          0x100080f8        0x0
 .v4_bx         0x100080f8        0x0 linker stubs

.iplt           0x100080f8        0x0
 .iplt          0x100080f8        0x0 /usr/lib/gcc/arm-none-eabi/12.2.1/thumb/v8-m.main+fp/softfp/crtbegin.o

.boot2          0x100080f8        0x0
                0x100080f8                        __boot2_start__ = .
 *(.boot2)
                0x100080f8                        __boot2_end__ = .
                0x00000001                        ASSERT (((__boot2_end__ - __boot2_start__) <= 0x100), ERROR: Pico second stage bootloader must be no more than 256 bytes in size)

.rodata         0x100080f8      0x344
 *(EXCLUDE_FILE(*libm.a: *libc.a:*lib_a-mem*.o *libgcc.a:) .rodata*)
 .rodata.blink_task.str1.4
                0x100080f8       0x2e CMakeFiles/hello_freertos2.dir/hello_freertos.c.o
 *fill*         0x10008126        0x2 
 .rodata.main_task.str1.4
                0x10008128       0x47 CMakeFiles/hello_freertos2.dir/hello_freertos.c.o
 *fill*         0x1000816f        0x1 
 .rodata.do_work.str1.4
                0x10008170       0x32 CMakeFiles/hello_freertos2.dir/hello_freertos.c.o
 *fill*         0x100081a2        0x2 
 .rodata.vLaunch.str1.4
                0x100081a4        0xb CMakeFiles/hello_freertos2.dir/hello_freertos.c.o
 *fill*         0x100081af        0x1 
 .rodata.main.str1.4
                0x100081b0       0x40 CMakeFiles/hello_freertos2.dir/hello_freertos.c.o
 .rodata        0x100081f0        0xc CMakeFiles/hello_freertos2.dir/hello_freertos.c.o
 .rodata.async_context_freertos_init.str1.4
                0x100081fc       0x27 CMakeFiles/hello_freertos2.dir/home/devel/pico2/pico-sdk/src/rp2_common/pico_async_context/async_context_freertos.c.o
 *fill*         0x10008223        0x1 
 .rodata.template
                0x10008224       0x38 CMakeFiles/hello_freertos2.dir/home/devel/pico2/pico-sdk/src/rp2_common/pico_async_context/async_context_freertos.c.o
 .rodata.panic.str1.4
                0x1000825c       0x10 CMakeFiles/hello_freertos2.dir/home/devel/pico2/pico-sdk/src/rp2_common/pico_platform_panic/panic.c.o
                                 0x12 (size before relaxing)
 .rodata.xTimerCreateTimerTask.str1.4
                0x1000826c       0x10 CMakeFiles/hello_freertos2.dir/home/devel/pico2/freertos-lib/FreeRTOS-Kernel/timers.c.o
 .rodata.spin_lock_claim.str1.4
                0x1000827c       0x1f CMakeFiles/hello_freertos2.dir/home/devel/pico2/pico-sdk/src/rp2_common/hardware_sync/sync.c.o
 *fill*         0x1000829b        0x5 
 .rodata.at_the_end_of_time
                0x100082a0        0x8 CMakeFiles/hello_freertos2.dir/home/devel/pico2/pico-sdk/src/common/pico_time/time.c.o
                0x100082a0                at_the_end_of_time
 .rodata.timer_hardware_alarm_claim.str1.4
                0x100082a8       0x22 CMakeFiles/hello_freertos2.dir/home/devel/pico2/pico-sdk/src/rp2_common/hardware_timer/timer.c.o
 *fill*         0x100082ca        0x2 
 .rodata.multicore_doorbell_claim_unused.str1.4
                0x100082cc       0x12 CMakeFiles/hello_freertos2.dir/home/devel/pico2/pico-sdk/src/rp2_common/pico_multicore/multicore.c.o
 *fill*         0x100082de        0x2 
 .rodata.hard_assertion_failure.str1.4
                0x100082e0        0xc CMakeFiles/hello_freertos2.dir/home/devel/pico2/pico-sdk/src/rp2_common/pico_runtime/runtime.c.o
 .rodata.str1.4
                0x100082ec       0x44 CMakeFiles/hello_freertos2.dir/home/devel/pico2/pico-sdk/src/rp2_common/pico_standard_binary_info/standard_binary_info.c.o
 .rodata.__bi_84
                0x10008330        0xc CMakeFiles/hello_freertos2.dir/home/devel/pico2/pico-sdk/src/rp2_common/pico_standard_binary_info/standard_binary_info.c.o
 .rodata.__bi_78
                0x1000833c        0xc CMakeFiles/hello_freertos2.dir/home/devel/pico2/pico-sdk/src/rp2_common/pico_standard_binary_info/standard_binary_info.c.o
 .rodata.__bi_54
                0x10008348        0xc CMakeFiles/hello_freertos2.dir/home/devel/pico2/pico-sdk/src/rp2_common/pico_standard_binary_info/standard_binary_info.c.o
 .rodata.__bi_48
                0x10008354        0xc CMakeFiles/hello_freertos2.dir/home/devel/pico2/pico-sdk/src/rp2_common/pico_standard_binary_info/standard_binary_info.c.o
 .rodata.__bi_42
                0x10008360        0xc CMakeFiles/hello_freertos2.dir/home/devel/pico2/pico-sdk/src/rp2_common/pico_standard_binary_info/standard_binary_info.c.o
 .rodata.__bi_34
                0x1000836c        0xc CMakeFiles/hello_freertos2.dir/home/devel/pico2/pico-sdk/src/rp2_common/pico_standard_binary_info/standard_binary_info.c.o
 .rodata.__bi_26
                0x10008378        0xc CMakeFiles/hello_freertos2.dir/home/devel/pico2/pico-sdk/src/rp2_common/pico_standard_binary_info/standard_binary_info.c.o
 .rodata._ftoa.str1.4
                0x10008384       0x15 CMakeFiles/hello_freertos2.dir/home/devel/pico2/pico-sdk/src/rp2_common/pico_printf/printf.c.o
 *fill*         0x10008399        0x7 
 .rodata.pow10.0
                0x100083a0       0x50 CMakeFiles/hello_freertos2.dir/home/devel/pico2/pico-sdk/src/rp2_common/pico_printf/printf.c.o
 .rodata.crlf_str.0
                0x100083f0        0x2 CMakeFiles/hello_freertos2.dir/home/devel/pico2/pico-sdk/src/rp2_common/pico_stdio/stdio.c.o
 *fill*         0x100083f2        0x2 
 .rodata.str1.4
                0x100083f4       0x2c CMakeFiles/hello_freertos2.dir/home/devel/pico2/pico-sdk/src/rp2_common/pico_stdio_uart/stdio_uart.c.o
 .rodata.__bi_45.4
                0x10008420        0xc CMakeFiles/hello_freertos2.dir/home/devel/pico2/pico-sdk/src/rp2_common/pico_stdio_uart/stdio_uart.c.o
 .rodata.__bi_49.5
                0x1000842c        0x8 CMakeFiles/hello_freertos2.dir/home/devel/pico2/pico-sdk/src/rp2_common/pico_stdio_uart/stdio_uart.c.o
 .rodata.__bi_50.6
                0x10008434        0x8 CMakeFiles/hello_freertos2.dir/home/devel/pico2/pico-sdk/src/rp2_common/pico_stdio_uart/stdio_uart.c.o
 *(.srodata*)
                0x1000843c                        . = ALIGN (0x4)
 *(SORT_BY_ALIGNMENT(SORT_BY_NAME(.flashdata*)))
                0x1000843c                        . = ALIGN (0x4)

.ARM.extab
 *(.ARM.extab* .gnu.linkonce.armextab.*)
                0x1000843c                        __exidx_start = .

.ARM.exidx      0x1000843c        0x8
 *(.ARM.exidx* .gnu.linkonce.armexidx.*)
 .ARM.exidx     0x1000843c        0x8 /usr/lib/gcc/arm-none-eabi/12.2.1/thumb/v8-m.main+fp/softfp/libgcc.a(_udivmoddi4.o)
                0x10008444                        __exidx_end = .
                0x10008444                        . = ALIGN (0x4)
                0x10008444                        __binary_info_start = .

.binary_info    0x10008444       0x28
 *(.binary_info.keep.*)
 .binary_info.keep.__bi_ptr84
                0x10008444        0x4 CMakeFiles/hello_freertos2.dir/home/devel/pico2/pico-sdk/src/rp2_common/pico_standard_binary_info/standard_binary_info.c.o
 .binary_info.keep.__bi_ptr78
                0x10008448        0x4 CMakeFiles/hello_freertos2.dir/home/devel/pico2/pico-sdk/src/rp2_common/pico_standard_binary_info/standard_binary_info.c.o
 .binary_info.keep.__bi_ptr54
                0x1000844c        0x4 CMakeFiles/hello_freertos2.dir/home/devel/pico2/pico-sdk/src/rp2_common/pico_standard_binary_info/standard_binary_info.c.o
 .binary_info.keep.__bi_ptr48
                0x10008450        0x4 CMakeFiles/hello_freertos2.dir/home/devel/pico2/pico-sdk/src/rp2_common/pico_standard_binary_info/standard_binary_info.c.o
 .binary_info.keep.__bi_ptr42
                0x10008454        0x4 CMakeFiles/hello_freertos2.dir/home/devel/pico2/pico-sdk/src/rp2_common/pico_standard_binary_info/standard_binary_info.c.o
 .binary_info.keep.__bi_ptr34
                0x10008458        0x4 CMakeFiles/hello_freertos2.dir/home/devel/pico2/pico-sdk/src/rp2_common/pico_standard_binary_info/standard_binary_info.c.o
 .binary_info.keep.__bi_ptr26
                0x1000845c        0x4 CMakeFiles/hello_freertos2.dir/home/devel/pico2/pico-sdk/src/rp2_common/pico_standard_binary_info/standard_binary_info.c.o
 *(.binary_info.*)
 .binary_info.__bi_ptr50
                0x10008460        0x4 CMakeFiles/hello_freertos2.dir/home/devel/pico2/pico-sdk/src/rp2_common/pico_stdio_uart/stdio_uart.c.o
 .binary_info.__bi_ptr49
                0x10008464        0x4 CMakeFiles/hello_freertos2.dir/home/devel/pico2/pico-sdk/src/rp2_common/pico_stdio_uart/stdio_uart.c.o
 .binary_info.__bi_ptr45
                0x10008468        0x4 CMakeFiles/hello_freertos2.dir/home/devel/pico2/pico-sdk/src/rp2_common/pico_stdio_uart/stdio_uart.c.o
                0x1000846c                        __binary_info_end = .
                0x1000846c                        . = ALIGN (0x4)

.ram_vector_table
                0x20000000      0x110
 *(.ram_vector_table)
 .ram_vector_table
                0x20000000      0x110 CMakeFiles/hello_freertos2.dir/home/devel/pico2/pico-sdk/src/rp2_common/pico_runtime_init/runtime_init.c.o
                0x20000000                ram_vector_table

.uninitialized_data
                0x20000110        0x0
                0x20000110                        . = ALIGN (0x4)
 *(.uninitialized_data*)

.data           0x20000110      0x574 load address 0x1000846c
                0x20000110                        __data_start__ = .
 *(vtable)
 *(.time_critical*)
 .time_critical.mutex_try_enter_block_until
                0x20000110       0xac CMakeFiles/hello_freertos2.dir/home/devel/pico2/pico-sdk/src/common/pico_sync/mutex.c.o
                0x20000110                mutex_try_enter_block_until
 .time_critical.mutex_exit
                0x200001bc       0x34 CMakeFiles/hello_freertos2.dir/home/devel/pico2/pico-sdk/src/common/pico_sync/mutex.c.o
                0x200001bc                mutex_exit
 *(.text*)
 .text          0x200001f0       0xa0 /usr/lib/gcc/arm-none-eabi/12.2.1/thumb/v8-m.main+fp/softfp/libgcc.a(_aeabi_ldivmod.o)
                0x200001f0                __aeabi_ldivmod
 .text          0x20000290       0x30 /usr/lib/gcc/arm-none-eabi/12.2.1/thumb/v8-m.main+fp/softfp/libgcc.a(_aeabi_uldivmod.o)
                0x20000290                __aeabi_uldivmod
 .text          0x200002c0      0x2ec /usr/lib/gcc/arm-none-eabi/12.2.1/thumb/v8-m.main+fp/softfp/libgcc.a(_udivmoddi4.o)
                0x200002c0                __udivmoddi4
 .text          0x200005ac        0x4 /usr/lib/gcc/arm-none-eabi/12.2.1/thumb/v8-m.main+fp/softfp/libgcc.a(_dvmd_tls.o)
                0x200005ac                __aeabi_ldiv0
                0x200005ac                __aeabi_idiv0
 .text.__stub   0x200005b0       0x18 linker stubs
                0x200005c8                        . = ALIGN (0x4)
 *(.rodata*)
                0x200005c8                        . = ALIGN (0x4)
 *(.data*)
 .data.last_core_id.0
                0x200005c8        0x4 CMakeFiles/hello_freertos2.dir/hello_freertos.c.o
 .data.last_core_id.1
                0x200005cc        0x4 CMakeFiles/hello_freertos2.dir/hello_freertos.c.o
 .data.last_core_id.3
                0x200005d0        0x4 CMakeFiles/hello_freertos2.dir/hello_freertos.c.o
 *fill*         0x200005d4        0x4 
 .data.worker_timeout
                0x200005d8       0x18 CMakeFiles/hello_freertos2.dir/hello_freertos.c.o
                0x200005d8                worker_timeout
 .data.cDoorbellNum
                0x200005f0        0x1 CMakeFiles/hello_freertos2.dir/home/devel/pico2/freertos-lib/FreeRTOS-Kernel/portable/ThirdParty/GCC/RP2350_ARM_NTZ/non_secure/port.c.o
 .data.ucPrimaryCoreNum
                0x200005f1        0x1 CMakeFiles/hello_freertos2.dir/home/devel/pico2/freertos-lib/FreeRTOS-Kernel/portable/ThirdParty/GCC/RP2350_ARM_NTZ/non_secure/port.c.o
 *fill*         0x200005f2        0x2 
 .data.uxTopUsedPriority
                0x200005f4        0x4 CMakeFiles/hello_freertos2.dir/home/devel/pico2/freertos-lib/FreeRTOS-Kernel/tasks.c.o
 .data.striped_spin_lock_num
                0x200005f8        0x1 CMakeFiles/hello_freertos2.dir/home/devel/pico2/pico-sdk/src/rp2_common/hardware_sync/sync.c.o
 *fill*         0x200005f9        0x3 
 .data          0x200005fc       0x48 CMakeFiles/hello_freertos2.dir/home/devel/pico2/pico-sdk/src/rp2_common/hardware_irq/irq_handler_chain.S.o
                0x200005fc                irq_handler_chain_slots
                0x2000062c                irq_handler_chain_first_slot
                0x20000636                irq_handler_chain_remove_tail
 .data.default_alarm_pool
                0x20000644       0x18 CMakeFiles/hello_freertos2.dir/home/devel/pico2/pico-sdk/src/common/pico_time/time.c.o
 .data.stdio_uart
                0x2000065c       0x18 CMakeFiles/hello_freertos2.dir/home/devel/pico2/pico-sdk/src/rp2_common/pico_stdio_uart/stdio_uart.c.o
                0x2000065c                stdio_uart
 *(.sdata*)
                0x20000674                        . = ALIGN (0x4)
 *(.after_data.*)
                0x20000674                        . = ALIGN (0x4)
                0x20000674                        PROVIDE (__mutex_array_start = .)
 *(SORT_BY_NAME(.mutex_array.*))
 *(.mutex_array)
 .mutex_array   0x20000674        0x8 CMakeFiles/hello_freertos2.dir/home/devel/pico2/pico-sdk/src/rp2_common/pico_malloc/malloc.c.o
 .mutex_array   0x2000067c        0x8 CMakeFiles/hello_freertos2.dir/home/devel/pico2/pico-sdk/src/rp2_common/pico_stdio/stdio.c.o
                0x20000684                        PROVIDE (__mutex_array_end = .)
 *(.jcr)
                0x20000684                        . = ALIGN (0x4)

.tm_clone_table
                0x20000684        0x0 load address 0x100089e0
 .tm_clone_table
                0x20000684        0x0 /usr/lib/gcc/arm-none-eabi/12.2.1/thumb/v8-m.main+fp/softfp/crtbegin.o
 .tm_clone_table
                0x20000684        0x0 /usr/lib/gcc/arm-none-eabi/12.2.1/thumb/v8-m.main+fp/softfp/crtend.o

.igot.plt       0x20000684        0x0 load address 0x100089e0
 .igot.plt      0x20000684        0x0 /usr/lib/gcc/arm-none-eabi/12.2.1/thumb/v8-m.main+fp/softfp/crtbegin.o

.tdata          0x20000684        0x0 load address 0x100089e0
                0x20000684                        . = ALIGN (0x4)
 *(.tdata .tdata.* .gnu.linkonce.td.*)
                0x20000684                        __tdata_end = .
                0x20000684                        PROVIDE (__data_end__ = .)
                0x1000846c                        __etext = LOADADDR (.data)

.tbss           0x20000684        0x0 load address 0x100089e0
                0x20000684                        . = ALIGN (0x4)
                0x20000684                        __bss_start__ = .
                0x20000684                        __tls_base = .
 *(.tbss .tbss.* .gnu.linkonce.tb.*)
 *(.tcommon)
                0x20000684                        __tls_end = .

.bss            0x20000688    0x2064c load address 0x100089e0
                0x20000688                        . = ALIGN (0x4)
                0x20000688                        __tbss_end = .
 *(SORT_BY_ALIGNMENT(SORT_BY_NAME(.bss*)))
 .bss.async_context_instance
                0x20000688       0x38 CMakeFiles/hello_freertos2.dir/hello_freertos.c.o
 .bss.default_alarm_pool_entries
                0x200006c0      0x180 CMakeFiles/hello_freertos2.dir/home/devel/pico2/pico-sdk/src/common/pico_time/time.c.o
 .bss.xQueueRegistry
                0x20000840       0x40 CMakeFiles/hello_freertos2.dir/home/devel/pico2/freertos-lib/FreeRTOS-Kernel/queue.c.o
                0x20000840                xQueueRegistry
 .bss           0x20000880       0x1c /usr/lib/gcc/arm-none-eabi/12.2.1/thumb/v8-m.main+fp/softfp/crtbegin.o
 .bss._sw_spin_locks
                0x2000089c       0x20 CMakeFiles/hello_freertos2.dir/home/devel/pico2/pico-sdk/src/rp2_common/hardware_sync_spin_lock/sync_spin_lock.c.o
                0x2000089c                _sw_spin_locks
 .bss.chars_available_callback
                0x200008bc        0x4 CMakeFiles/hello_freertos2.dir/home/devel/pico2/pico-sdk/src/rp2_common/pico_stdio_uart/stdio_uart.c.o
 .bss.chars_available_param
                0x200008c0        0x4 CMakeFiles/hello_freertos2.dir/home/devel/pico2/pico-sdk/src/rp2_common/pico_stdio_uart/stdio_uart.c.o
 .bss.claimed   0x200008c4        0x4 CMakeFiles/hello_freertos2.dir/home/devel/pico2/pico-sdk/src/rp2_common/hardware_sync/sync.c.o
 .bss.claimed   0x200008c8        0x2 CMakeFiles/hello_freertos2.dir/home/devel/pico2/pico-sdk/src/rp2_common/hardware_timer/timer.c.o
 *fill*         0x200008ca        0x2 
 .bss.configured_freq
                0x200008cc       0x28 CMakeFiles/hello_freertos2.dir/home/devel/pico2/pico-sdk/src/rp2_common/hardware_clocks/clocks.c.o
 .bss.count.2   0x200008f4        0x4 CMakeFiles/hello_freertos2.dir/hello_freertos.c.o
 .bss.doorbell_claimed
                0x200008f8        0x2 CMakeFiles/hello_freertos2.dir/home/devel/pico2/pico-sdk/src/rp2_common/pico_multicore/multicore.c.o
 *fill*         0x200008fa        0x2 
 .bss.drivers   0x200008fc        0x4 CMakeFiles/hello_freertos2.dir/home/devel/pico2/pico-sdk/src/rp2_common/pico_stdio/stdio.c.o
 .bss.filter    0x20000900        0x4 CMakeFiles/hello_freertos2.dir/home/devel/pico2/pico-sdk/src/rp2_common/pico_stdio/stdio.c.o
 .bss.lazy_vsnprintf
                0x20000904        0x4 CMakeFiles/hello_freertos2.dir/home/devel/pico2/pico-sdk/src/rp2_common/pico_printf/printf.c.o
 .bss.pools     0x20000908       0x20 CMakeFiles/hello_freertos2.dir/home/devel/pico2/pico-sdk/src/common/pico_time/time.c.o
 .bss.pxCurrentTCBs
                0x20000928        0x8 CMakeFiles/hello_freertos2.dir/home/devel/pico2/freertos-lib/FreeRTOS-Kernel/tasks.c.o
                0x20000928                pxCurrentTCBs
 .bss.pxCurrentTimerList
                0x20000930        0x4 CMakeFiles/hello_freertos2.dir/home/devel/pico2/freertos-lib/FreeRTOS-Kernel/timers.c.o
 .bss.pxDelayedTaskList
                0x20000934        0x4 CMakeFiles/hello_freertos2.dir/home/devel/pico2/freertos-lib/FreeRTOS-Kernel/tasks.c.o
 .bss.pxEnd     0x20000938        0x4 CMakeFiles/hello_freertos2.dir/home/devel/pico2/freertos-lib/FreeRTOS-Kernel/portable/MemMang/heap_4.c.o
 .bss.pxOverflowDelayedTaskList
                0x2000093c        0x4 CMakeFiles/hello_freertos2.dir/home/devel/pico2/freertos-lib/FreeRTOS-Kernel/tasks.c.o
 .bss.pxOverflowTimerList
                0x20000940        0x4 CMakeFiles/hello_freertos2.dir/home/devel/pico2/freertos-lib/FreeRTOS-Kernel/timers.c.o
 .bss.pxReadyTasksLists
                0x20000944      0x280 CMakeFiles/hello_freertos2.dir/home/devel/pico2/freertos-lib/FreeRTOS-Kernel/tasks.c.o
 .bss.sleep_notifier
                0x20000bc4        0x4 CMakeFiles/hello_freertos2.dir/home/devel/pico2/pico-sdk/src/common/pico_time/time.c.o
 .bss.uart_char_to_line_feed
                0x20000bc8        0x4 CMakeFiles/hello_freertos2.dir/home/devel/pico2/pico-sdk/src/rp2_common/hardware_uart/uart.c.o
                0x20000bc8                uart_char_to_line_feed
 .bss.uart_instance
                0x20000bcc        0x4 CMakeFiles/hello_freertos2.dir/home/devel/pico2/pico-sdk/src/rp2_common/pico_stdio_uart/stdio_uart.c.o
 .bss.ucHeap    0x20000bd0    0x20000 CMakeFiles/hello_freertos2.dir/home/devel/pico2/freertos-lib/FreeRTOS-Kernel/portable/MemMang/heap_4.c.o
 .bss.ucOwnedByCore.1
                0x20020bd0        0x4 CMakeFiles/hello_freertos2.dir/home/devel/pico2/freertos-lib/FreeRTOS-Kernel/tasks.c.o
 .bss.ucRecursionCountByLock.0
                0x20020bd4        0x2 CMakeFiles/hello_freertos2.dir/home/devel/pico2/freertos-lib/FreeRTOS-Kernel/tasks.c.o
 *fill*         0x20020bd6        0x2 
 .bss.ulCriticalNestings
                0x20020bd8        0x8 CMakeFiles/hello_freertos2.dir/home/devel/pico2/freertos-lib/FreeRTOS-Kernel/portable/ThirdParty/GCC/RP2350_ARM_NTZ/non_secure/port.c.o
                0x20020bd8                ulCriticalNestings
 .bss.ulMaxPRIGROUPValue
                0x20020be0        0x4 CMakeFiles/hello_freertos2.dir/home/devel/pico2/freertos-lib/FreeRTOS-Kernel/portable/ThirdParty/GCC/RP2350_ARM_NTZ/non_secure/port.c.o
 .bss.uxCurrentNumberOfTasks
                0x20020be4        0x4 CMakeFiles/hello_freertos2.dir/home/devel/pico2/freertos-lib/FreeRTOS-Kernel/tasks.c.o
 .bss.uxDeletedTasksWaitingCleanUp
                0x20020be8        0x4 CMakeFiles/hello_freertos2.dir/home/devel/pico2/freertos-lib/FreeRTOS-Kernel/tasks.c.o
 .bss.uxSchedulerSuspended
                0x20020bec        0x4 CMakeFiles/hello_freertos2.dir/home/devel/pico2/freertos-lib/FreeRTOS-Kernel/tasks.c.o
 .bss.uxTaskNumber
                0x20020bf0        0x4 CMakeFiles/hello_freertos2.dir/home/devel/pico2/freertos-lib/FreeRTOS-Kernel/tasks.c.o
 .bss.uxTopReadyPriority
                0x20020bf4        0x4 CMakeFiles/hello_freertos2.dir/home/devel/pico2/freertos-lib/FreeRTOS-Kernel/tasks.c.o
 .bss.xActiveTimerList1
                0x20020bf8       0x14 CMakeFiles/hello_freertos2.dir/home/devel/pico2/freertos-lib/FreeRTOS-Kernel/timers.c.o
 .bss.xActiveTimerList2
                0x20020c0c       0x14 CMakeFiles/hello_freertos2.dir/home/devel/pico2/freertos-lib/FreeRTOS-Kernel/timers.c.o
 .bss.xDelayedTaskList1
                0x20020c20       0x14 CMakeFiles/hello_freertos2.dir/home/devel/pico2/freertos-lib/FreeRTOS-Kernel/tasks.c.o
 .bss.xDelayedTaskList2
                0x20020c34       0x14 CMakeFiles/hello_freertos2.dir/home/devel/pico2/freertos-lib/FreeRTOS-Kernel/tasks.c.o
 .bss.xEventGroup
                0x20020c48        0x4 CMakeFiles/hello_freertos2.dir/home/devel/pico2/freertos-lib/FreeRTOS-Kernel/portable/ThirdParty/GCC/RP2350_ARM_NTZ/non_secure/port.c.o
 .bss.xFreeBytesRemaining
                0x20020c4c        0x4 CMakeFiles/hello_freertos2.dir/home/devel/pico2/freertos-lib/FreeRTOS-Kernel/portable/MemMang/heap_4.c.o
 .bss.xIdleTaskHandles
                0x20020c50        0x8 CMakeFiles/hello_freertos2.dir/home/devel/pico2/freertos-lib/FreeRTOS-Kernel/tasks.c.o
 .bss.xLastTime.0
                0x20020c58        0x4 CMakeFiles/hello_freertos2.dir/home/devel/pico2/freertos-lib/FreeRTOS-Kernel/timers.c.o
 .bss.xMinimumEverFreeBytesRemaining
                0x20020c5c        0x4 CMakeFiles/hello_freertos2.dir/home/devel/pico2/freertos-lib/FreeRTOS-Kernel/portable/MemMang/heap_4.c.o
 .bss.xNextTaskUnblockTime
                0x20020c60        0x4 CMakeFiles/hello_freertos2.dir/home/devel/pico2/freertos-lib/FreeRTOS-Kernel/tasks.c.o
 .bss.xNumOfOverflows
                0x20020c64        0x4 CMakeFiles/hello_freertos2.dir/home/devel/pico2/freertos-lib/FreeRTOS-Kernel/tasks.c.o
 .bss.xNumberOfSuccessfulAllocations
                0x20020c68        0x4 CMakeFiles/hello_freertos2.dir/home/devel/pico2/freertos-lib/FreeRTOS-Kernel/portable/MemMang/heap_4.c.o
 .bss.xNumberOfSuccessfulFrees
                0x20020c6c        0x4 CMakeFiles/hello_freertos2.dir/home/devel/pico2/freertos-lib/FreeRTOS-Kernel/portable/MemMang/heap_4.c.o
 .bss.xPendedTicks
                0x20020c70        0x4 CMakeFiles/hello_freertos2.dir/home/devel/pico2/freertos-lib/FreeRTOS-Kernel/tasks.c.o
 .bss.xPendingReadyList
                0x20020c74       0x14 CMakeFiles/hello_freertos2.dir/home/devel/pico2/freertos-lib/FreeRTOS-Kernel/tasks.c.o
 .bss.xSchedulerRunning
                0x20020c88        0x4 CMakeFiles/hello_freertos2.dir/home/devel/pico2/freertos-lib/FreeRTOS-Kernel/tasks.c.o
 .bss.xStart    0x20020c8c        0x8 CMakeFiles/hello_freertos2.dir/home/devel/pico2/freertos-lib/FreeRTOS-Kernel/portable/MemMang/heap_4.c.o
 .bss.xSuspendedTaskList
                0x20020c94       0x14 CMakeFiles/hello_freertos2.dir/home/devel/pico2/freertos-lib/FreeRTOS-Kernel/tasks.c.o
 .bss.xTasksWaitingTermination
                0x20020ca8       0x14 CMakeFiles/hello_freertos2.dir/home/devel/pico2/freertos-lib/FreeRTOS-Kernel/tasks.c.o
 .bss.xTickCount
                0x20020cbc        0x4 CMakeFiles/hello_freertos2.dir/home/devel/pico2/freertos-lib/FreeRTOS-Kernel/tasks.c.o
 .bss.xTimerQueue
                0x20020cc0        0x4 CMakeFiles/hello_freertos2.dir/home/devel/pico2/freertos-lib/FreeRTOS-Kernel/timers.c.o
 .bss.xTimerTaskHandle
                0x20020cc4        0x4 CMakeFiles/hello_freertos2.dir/home/devel/pico2/freertos-lib/FreeRTOS-Kernel/timers.c.o
 .bss.xYieldPendings
                0x20020cc8        0x8 CMakeFiles/hello_freertos2.dir/home/devel/pico2/freertos-lib/FreeRTOS-Kernel/tasks.c.o
 .bss.irq_handler_chain_free_slot_head
                0x20020cd0        0x1 CMakeFiles/hello_freertos2.dir/home/devel/pico2/pico-sdk/src/rp2_common/hardware_irq/irq.c.o
 *(COMMON)
                [!provide]                        PROVIDE (__global_pointer$ = (. + 0x800))
 *(.sbss*)
                0x20020cd4                        . = ALIGN (0x4)
 *fill*         0x20020cd1        0x3 
                0x20020cd4                        __bss_end__ = .

.heap           0x20020cd4      0x800 load address 0x100089e0
                0x20020cd4                        __end__ = .
                0x20020cd4                        end = __end__
 *(.heap*)
 .heap          0x20020cd4      0x800 CMakeFiles/hello_freertos2.dir/home/devel/pico2/pico-sdk/src/rp2_common/pico_crt0/crt0.S.o
                0x20080000                        __HeapLimit = (ORIGIN (RAM) + LENGTH (RAM))

.scratch_x      0x20080000        0x0 load address 0x100089e0
                0x20080000                        __scratch_x_start__ = .
 *(.scratch_x.*)
                0x20080000                        . = ALIGN (0x4)
                0x20080000                        __scratch_x_end__ = .
                0x100089e0                        __scratch_x_source__ = LOADADDR (.scratch_x)

.scratch_y      0x20081000        0x0 load address 0x100089e0
                0x20081000                        __scratch_y_start__ = .
 *(.scratch_y.*)
                0x20081000                        . = ALIGN (0x4)
                0x20081000                        __scratch_y_end__ = .
                0x100089e0                        __scratch_y_source__ = LOADADDR (.scratch_y)

.stack1_dummy   0x20080000      0x800
 *(.stack1*)
 .stack1        0x20080000      0x800 CMakeFiles/hello_freertos2.dir/home/devel/pico2/pico-sdk/src/rp2_common/pico_multicore/multicore.c.o

.stack_dummy    0x20081000      0x800
 *(.stack*)
 .stack         0x20081000      0x800 CMakeFiles/hello_freertos2.dir/home/devel/pico2/pico-sdk/src/rp2_common/pico_crt0/crt0.S.o

.flash_end      0x100089e0       0x14
 *(.embedded_end_block*)
 .embedded_end_block
                0x100089e0       0x14 CMakeFiles/hello_freertos2.dir/home/devel/pico2/pico-sdk/src/rp2_common/pico_crt0/crt0.S.o
                0x100089f4                        PROVIDE (__flash_binary_end = .)
                0x20080000                        __StackLimit = (ORIGIN (RAM) + LENGTH (RAM))
                0x20081000                        __StackOneTop = (ORIGIN (SCRATCH_X) + LENGTH (SCRATCH_X))
                0x20082000                        __StackTop = (ORIGIN (SCRATCH_Y) + LENGTH (SCRATCH_Y))
                0x20080800                        __StackOneBottom = (__StackOneTop - SIZEOF (.stack1_dummy))
                0x20081800                        __StackBottom = (__StackTop - SIZEOF (.stack_dummy))
                0x20082000                        PROVIDE (__stack = __StackTop)
                [!provide]                        PROVIDE (__heap_start = __end__)
                [!provide]                        PROVIDE (__heap_end = __HeapLimit)
                [!provide]                        PROVIDE (__tls_align = MAX (ALIGNOF (.tdata), ALIGNOF (.tbss)))
                [!provide]                        PROVIDE (__tls_size_align = (((__tls_size + __tls_align) - 0x1) & ~ ((__tls_align - 0x1))))
                [!provide]                        PROVIDE (__arm32_tls_tcb_offset = MAX (0x8, __tls_align))
                [!provide]                        PROVIDE (_end = __end__)
                [!provide]                        PROVIDE (__llvm_libc_heap_limit = __HeapLimit)
                0x00000001                        ASSERT ((__StackLimit >= __HeapLimit), region RAM overflowed)
                0x00000001                        ASSERT (((__binary_info_header_end - __logical_binary_start) <= 0x400), Binary info must be in first 1024 bytes of the binary)
                0x00000001                        ASSERT (((__embedded_block_end - __logical_binary_start) <= 0x1000), Embedded block must be in first 4096 bytes of the binary)
LOAD CMakeFiles/hello_freertos2.dir/hello_freertos.c.o
LOAD CMakeFiles/hello_freertos2.dir/home/devel/pico2/pico-sdk/src/rp2_common/pico_async_context/async_context_freertos.c.o
LOAD CMakeFiles/hello_freertos2.dir/home/devel/pico2/pico-sdk/src/rp2_common/pico_async_context/async_context_base.c.o
LOAD CMakeFiles/hello_freertos2.dir/home/devel/pico2/pico-sdk/src/rp2350/pico_platform/platform.c.o
LOAD CMakeFiles/hello_freertos2.dir/home/devel/pico2/pico-sdk/src/rp2_common/pico_platform_panic/panic.c.o
LOAD CMakeFiles/hello_freertos2.dir/home/devel/pico2/freertos-lib/FreeRTOS-Kernel/portable/MemMang/heap_4.c.o
LOAD CMakeFiles/hello_freertos2.dir/home/devel/pico2/freertos-lib/FreeRTOS-Kernel/portable/ThirdParty/GCC/RP2350_ARM_NTZ/non_secure/port.c.o
LOAD CMakeFiles/hello_freertos2.dir/home/devel/pico2/freertos-lib/FreeRTOS-Kernel/portable/ThirdParty/GCC/RP2350_ARM_NTZ/non_secure/portasm.c.o
LOAD CMakeFiles/hello_freertos2.dir/home/devel/pico2/freertos-lib/FreeRTOS-Kernel/croutine.c.o
LOAD CMakeFiles/hello_freertos2.dir/home/devel/pico2/freertos-lib/FreeRTOS-Kernel/event_groups.c.o
LOAD CMakeFiles/hello_freertos2.dir/home/devel/pico2/freertos-lib/FreeRTOS-Kernel/list.c.o
LOAD CMakeFiles/hello_freertos2.dir/home/devel/pico2/freertos-lib/FreeRTOS-Kernel/queue.c.o
LOAD CMakeFiles/hello_freertos2.dir/home/devel/pico2/freertos-lib/FreeRTOS-Kernel/stream_buffer.c.o
LOAD CMakeFiles/hello_freertos2.dir/home/devel/pico2/freertos-lib/FreeRTOS-Kernel/tasks.c.o
LOAD CMakeFiles/hello_freertos2.dir/home/devel/pico2/freertos-lib/FreeRTOS-Kernel/timers.c.o
LOAD CMakeFiles/hello_freertos2.dir/home/devel/pico2/pico-sdk/src/rp2_common/hardware_clocks/clocks.c.o
LOAD CMakeFiles/hello_freertos2.dir/home/devel/pico2/pico-sdk/src/common/hardware_claim/claim.c.o
LOAD CMakeFiles/hello_freertos2.dir/home/devel/pico2/pico-sdk/src/rp2_common/hardware_sync/sync.c.o
LOAD CMakeFiles/hello_freertos2.dir/home/devel/pico2/pico-sdk/src/rp2_common/hardware_sync_spin_lock/sync_spin_lock.c.o
LOAD CMakeFiles/hello_freertos2.dir/home/devel/pico2/pico-sdk/src/rp2_common/hardware_gpio/gpio.c.o
LOAD CMakeFiles/hello_freertos2.dir/home/devel/pico2/pico-sdk/src/rp2_common/hardware_irq/irq.c.o
LOAD CMakeFiles/hello_freertos2.dir/home/devel/pico2/pico-sdk/src/rp2_common/hardware_irq/irq_handler_chain.S.o
LOAD CMakeFiles/hello_freertos2.dir/home/devel/pico2/pico-sdk/src/common/pico_sync/sem.c.o
LOAD CMakeFiles/hello_freertos2.dir/home/devel/pico2/pico-sdk/src/common/pico_sync/lock_core.c.o
LOAD CMakeFiles/hello_freertos2.dir/home/devel/pico2/pico-sdk/src/common/pico_sync/mutex.c.o
LOAD CMakeFiles/hello_freertos2.dir/home/devel/pico2/pico-sdk/src/common/pico_sync/critical_section.c.o
LOAD CMakeFiles/hello_freertos2.dir/home/devel/pico2/pico-sdk/src/common/pico_time/time.c.o
LOAD CMakeFiles/hello_freertos2.dir/home/devel/pico2/pico-sdk/src/common/pico_time/timeout_helper.c.o
LOAD CMakeFiles/hello_freertos2.dir/home/devel/pico2/pico-sdk/src/rp2_common/hardware_timer/timer.c.o
LOAD CMakeFiles/hello_freertos2.dir/home/devel/pico2/pico-sdk/src/common/pico_util/datetime.c.o
LOAD CMakeFiles/hello_freertos2.dir/home/devel/pico2/pico-sdk/src/common/pico_util/pheap.c.o
LOAD CMakeFiles/hello_freertos2.dir/home/devel/pico2/pico-sdk/src/common/pico_util/queue.c.o
LOAD CMakeFiles/hello_freertos2.dir/home/devel/pico2/pico-sdk/src/rp2_common/hardware_pll/pll.c.o
LOAD CMakeFiles/hello_freertos2.dir/home/devel/pico2/pico-sdk/src/rp2_common/hardware_vreg/vreg.c.o
LOAD CMakeFiles/hello_freertos2.dir/home/devel/pico2/pico-sdk/src/rp2_common/hardware_watchdog/watchdog.c.o
LOAD CMakeFiles/hello_freertos2.dir/home/devel/pico2/pico-sdk/src/rp2_common/hardware_ticks/ticks.c.o
LOAD CMakeFiles/hello_freertos2.dir/home/devel/pico2/pico-sdk/src/rp2_common/pico_bootrom/bootrom.c.o
LOAD CMakeFiles/hello_freertos2.dir/home/devel/pico2/pico-sdk/src/rp2_common/pico_bootrom/bootrom_lock.c.o
LOAD CMakeFiles/hello_freertos2.dir/home/devel/pico2/pico-sdk/src/rp2_common/hardware_boot_lock/boot_lock.c.o
LOAD CMakeFiles/hello_freertos2.dir/home/devel/pico2/pico-sdk/src/rp2_common/pico_flash/flash.c.o
LOAD CMakeFiles/hello_freertos2.dir/home/devel/pico2/pico-sdk/src/rp2_common/hardware_xosc/xosc.c.o
LOAD CMakeFiles/hello_freertos2.dir/home/devel/pico2/pico-sdk/src/rp2_common/hardware_exception/exception.c.o
LOAD CMakeFiles/hello_freertos2.dir/home/devel/pico2/pico-sdk/src/rp2_common/pico_multicore/multicore.c.o
LOAD CMakeFiles/hello_freertos2.dir/home/devel/pico2/pico-sdk/src/rp2_common/pico_stdlib/stdlib.c.o
LOAD CMakeFiles/hello_freertos2.dir/home/devel/pico2/pico-sdk/src/rp2_common/hardware_uart/uart.c.o