Archive member included to satisfy reference by file (symbol)

/usr/lib/gcc/arm-none-eabi/12.2.1/../../../arm-none-eabi/lib/thumb/v8-m.main+fp/softfp/libm.a(lib_a-wf_sqrt.o)
                              CMakeFiles/lcd_1602_i2c.dir/home/devel/pico2/pico-sdk/src/rp2_common/pico_float/float_math.c.o (sqrtf)
/usr/lib/gcc/arm-none-eabi/12.2.1/../../../arm-none-eabi/lib/thumb/v8-m.main+fp/softfp/libm.a(lib_a-ef_sqrt.o)
                              /usr/lib/gcc/arm-none-eabi/12.2.1/../../../arm-none-eabi/lib/thumb/v8-m.main+fp/softfp/libm.a(lib_a-wf_sqrt.o) (__ieee754_sqrtf)
/usr/lib/gcc/arm-none-eabi/12.2.1/../../../arm-none-eabi/lib/thumb/v8-m.main+fp/softfp/libm.a(lib_a-s_lib_ver.o)
                              /usr/lib/gcc/arm-none-eabi/12.2.1/../../../arm-none-eabi/lib/thumb/v8-m.main+fp/softfp/libm.a(lib_a-wf_sqrt.o) (__fdlib_version)
/usr/lib/gcc/arm-none-eabi/12.2.1/thumb/v8-m.main+fp/softfp/libgcc.a(_arm_addsubdf3.o)
                              CMakeFiles/lcd_1602_i2c.dir/home/devel/pico2/pico-sdk/src/rp2_common/pico_float/float_math.c.o (__aeabi_f2d)
/usr/lib/gcc/arm-none-eabi/12.2.1/thumb/v8-m.main+fp/softfp/libgcc.a(_aeabi_ldivmod.o)
                              CMakeFiles/lcd_1602_i2c.dir/home/devel/pico2/pico-sdk/src/common/pico_time/time.c.o (__aeabi_ldivmod)
/usr/lib/gcc/arm-none-eabi/12.2.1/thumb/v8-m.main+fp/softfp/libgcc.a(_aeabi_uldivmod.o)
                              CMakeFiles/lcd_1602_i2c.dir/home/devel/pico2/pico-sdk/src/rp2_common/hardware_clocks/clocks.c.o (__aeabi_uldivmod)
/usr/lib/gcc/arm-none-eabi/12.2.1/thumb/v8-m.main+fp/softfp/libgcc.a(_udivmoddi4.o)
                              /usr/lib/gcc/arm-none-eabi/12.2.1/thumb/v8-m.main+fp/softfp/libgcc.a(_aeabi_ldivmod.o) (__udivmoddi4)
/usr/lib/gcc/arm-none-eabi/12.2.1/thumb/v8-m.main+fp/softfp/libgcc.a(_dvmd_tls.o)
                              /usr/lib/gcc/arm-none-eabi/12.2.1/thumb/v8-m.main+fp/softfp/libgcc.a(_aeabi_ldivmod.o) (__aeabi_ldiv0)
/usr/lib/gcc/arm-none-eabi/12.2.1/../../../arm-none-eabi/lib/thumb/v8-m.main+fp/softfp/libg.a(lib_a-atexit.o)
                              /usr/lib/gcc/arm-none-eabi/12.2.1/../../../arm-none-eabi/lib/thumb/v8-m.main+fp/softfp/crt0.o (atexit)
/usr/lib/gcc/arm-none-eabi/12.2.1/../../../arm-none-eabi/lib/thumb/v8-m.main+fp/softfp/libg.a(lib_a-calloc.o)
                              CMakeFiles/lcd_1602_i2c.dir/home/devel/pico2/pico-sdk/src/rp2_common/pico_malloc/malloc.c.o (calloc)
/usr/lib/gcc/arm-none-eabi/12.2.1/../../../arm-none-eabi/lib/thumb/v8-m.main+fp/softfp/libg.a(lib_a-callocr.o)
                              /usr/lib/gcc/arm-none-eabi/12.2.1/../../../arm-none-eabi/lib/thumb/v8-m.main+fp/softfp/libg.a(lib_a-calloc.o) (_calloc_r)
/usr/lib/gcc/arm-none-eabi/12.2.1/../../../arm-none-eabi/lib/thumb/v8-m.main+fp/softfp/libg.a(lib_a-errno.o)
                              /usr/lib/gcc/arm-none-eabi/12.2.1/../../../arm-none-eabi/lib/thumb/v8-m.main+fp/softfp/libm.a(lib_a-wf_sqrt.o) (__errno)
/usr/lib/gcc/arm-none-eabi/12.2.1/../../../arm-none-eabi/lib/thumb/v8-m.main+fp/softfp/libg.a(lib_a-fini.o)
                              /usr/lib/gcc/arm-none-eabi/12.2.1/../../../arm-none-eabi/lib/thumb/v8-m.main+fp/softfp/crt0.o (__libc_fini_array)
/usr/lib/gcc/arm-none-eabi/12.2.1/../../../arm-none-eabi/lib/thumb/v8-m.main+fp/softfp/libg.a(lib_a-impure.o)
                              /usr/lib/gcc/arm-none-eabi/12.2.1/../../../arm-none-eabi/lib/thumb/v8-m.main+fp/softfp/libg.a(lib_a-calloc.o) (_impure_ptr)
/usr/lib/gcc/arm-none-eabi/12.2.1/../../../arm-none-eabi/lib/thumb/v8-m.main+fp/softfp/libg.a(lib_a-init.o)
                              /usr/lib/gcc/arm-none-eabi/12.2.1/../../../arm-none-eabi/lib/thumb/v8-m.main+fp/softfp/crt0.o (__libc_init_array)
/usr/lib/gcc/arm-none-eabi/12.2.1/../../../arm-none-eabi/lib/thumb/v8-m.main+fp/softfp/libg.a(lib_a-lcltime_r.o)
                              CMakeFiles/lcd_1602_i2c.dir/home/devel/pico2/pico-sdk/src/common/pico_util/datetime.c.o (localtime_r)
/usr/lib/gcc/arm-none-eabi/12.2.1/../../../arm-none-eabi/lib/thumb/v8-m.main+fp/softfp/libg.a(lib_a-malloc.o)
                              CMakeFiles/lcd_1602_i2c.dir/home/devel/pico2/pico-sdk/src/rp2_common/pico_malloc/malloc.c.o (malloc)
/usr/lib/gcc/arm-none-eabi/12.2.1/../../../arm-none-eabi/lib/thumb/v8-m.main+fp/softfp/libg.a(lib_a-mallocr.o)
                              /usr/lib/gcc/arm-none-eabi/12.2.1/../../../arm-none-eabi/lib/thumb/v8-m.main+fp/softfp/libg.a(lib_a-callocr.o) (_malloc_r)
/usr/lib/gcc/arm-none-eabi/12.2.1/../../../arm-none-eabi/lib/thumb/v8-m.main+fp/softfp/libg.a(lib_a-memcmp.o)
                              CMakeFiles/lcd_1602_i2c.dir/home/devel/pico2/pico-sdk/src/rp2_common/pico_atomic/atomic.c.o (memcmp)
/usr/lib/gcc/arm-none-eabi/12.2.1/../../../arm-none-eabi/lib/thumb/v8-m.main+fp/softfp/libg.a(lib_a-memcpy.o)
                              CMakeFiles/lcd_1602_i2c.dir/home/devel/pico2/pico-sdk/src/common/pico_util/queue.c.o (memcpy)
[...]
Memory Configuration

Name             Origin             Length             Attributes
FLASH            0x10000000         0x00400000         xr
RAM              0x20000000         0x00080000         xrw
SCRATCH_X        0x20080000         0x00001000         xrw
SCRATCH_Y        0x20081000         0x00001000         xrw
*default*        0x00000000         0xffffffff

Linker script and memory map

LOAD /usr/lib/gcc/arm-none-eabi/12.2.1/thumb/v8-m.main+fp/softfp/crti.o
LOAD /usr/lib/gcc/arm-none-eabi/12.2.1/thumb/v8-m.main+fp/softfp/crtbegin.o
LOAD /usr/lib/gcc/arm-none-eabi/12.2.1/../../../arm-none-eabi/lib/thumb/v8-m.main+fp/softfp/crt0.o

.flash_begin    0x10000000        0x0
                0x10000000                        __flash_binary_start = .

.text           0x10000000     0x25ac
                0x10000000                        __logical_binary_start = .
 *(.vectors)
 .vectors       0x10000000      0x124 CMakeFiles/lcd_1602_i2c.dir/home/devel/pico2/pico-sdk/src/rp2_common/pico_crt0/crt0.S.o
                0x10000000                __vectors
                0x10000000                __VECTOR_TABLE
                0x10000110                isr_invalid
                0x10000110                __default_isrs_start
                0x10000112                isr_nmi
                0x10000114                isr_hardfault
                0x10000116                isr_svcall
                0x10000118                isr_pendsv
                0x1000011a                isr_systick
                0x1000011c                isr_irq30
                0x1000011c                __unhandled_user_irq
                0x1000011c                isr_irq49
                0x1000011c                isr_irq13
                0x1000011c                isr_irq43
                0x1000011c                isr_irq45
                0x1000011c                isr_irq27
                0x1000011c                isr_irq32
                0x1000011c                isr_irq31
                0x1000011c                isr_irq5
                0x1000011c                isr_irq11
                0x1000011c                isr_irq23
                0x1000011c                isr_irq48
                0x1000011c                isr_irq35
                0x1000011c                isr_irq18
                0x1000011c                isr_irq50
                0x1000011c                isr_irq40
                0x1000011c                isr_irq28
                0x1000011c                isr_irq19
                0x1000011c                isr_irq36
                0x1000011c                isr_irq41
                0x1000011c                isr_irq0
                0x1000011c                isr_irq6
                0x1000011c                isr_irq37
                0x1000011c                isr_irq42
                0x1000011c                isr_irq22
                0x1000011c                isr_irq17
                0x1000011c                isr_irq38
                0x1000011c                isr_irq14
                0x1000011c                isr_irq2
                0x1000011c                isr_irq10
                0x1000011c                isr_irq8
                0x1000011c                isr_irq24
                0x1000011c                isr_irq46
                0x1000011c                isr_irq1
                0x1000011c                isr_irq47
                0x1000011c                isr_irq51
                0x1000011c                isr_irq7
                0x1000011c                isr_irq21
                0x1000011c                isr_irq39
                0x1000011c                isr_irq20
                0x1000011c                isr_irq15
                0x1000011c                isr_irq25
                0x1000011c                isr_irq34
                0x1000011c                isr_irq4
                0x1000011c                isr_irq16
                0x1000011c                isr_irq44
                0x1000011c                isr_irq29
                0x1000011c                isr_irq26
                0x1000011c                __default_isrs_end
                0x1000011c                isr_irq33
                0x1000011c                isr_irq3
                0x1000011c                isr_irq12
                0x1000011c                isr_irq9
                0x10000122                unhandled_user_irq_num_in_r0
 *(.binary_info_header)
 .binary_info_header
                0x10000124       0x14 CMakeFiles/lcd_1602_i2c.dir/home/devel/pico2/pico-sdk/src/rp2_common/pico_crt0/crt0.S.o
                0x10000138                        __binary_info_header_end = .
 *(.embedded_block)
 .embedded_block
                0x10000138       0x14 CMakeFiles/lcd_1602_i2c.dir/home/devel/pico2/pico-sdk/src/rp2_common/pico_crt0/crt0.S.o
                0x1000014c                        __embedded_block_end = .
 *(.reset)
 .reset         0x1000014c       0xa0 CMakeFiles/lcd_1602_i2c.dir/home/devel/pico2/pico-sdk/src/rp2_common/pico_crt0/crt0.S.o
                0x1000014c                _entry_point
 *(.init)
 .init          0x100001ec        0x4 /usr/lib/gcc/arm-none-eabi/12.2.1/thumb/v8-m.main+fp/softfp/crti.o
                0x100001ec                _init
 *libgcc.a:cmse_nonsecure_call.o()
 *(EXCLUDE_FILE(*libm.a: *libc.a:*lib_a-mem*.o *libgcc.a:) .text*)
 .text          0x100001f0       0x8c /usr/lib/gcc/arm-none-eabi/12.2.1/thumb/v8-m.main+fp/softfp/crtbegin.o
 .text.lcd_init
                0x1000027c      0x5e4 CMakeFiles/lcd_1602_i2c.dir/lcd_1602_i2c.c.o
                0x1000027c                lcd_init
 .text.startup.main
                0x10000860      0x328 CMakeFiles/lcd_1602_i2c.dir/lcd_1602_i2c.c.o
                0x10000860                main
 .text.gpio_set_function
                0x10000b88       0x3c CMakeFiles/lcd_1602_i2c.dir/home/devel/pico2/pico-sdk/src/rp2_common/hardware_gpio/gpio.c.o
                0x10000b88                gpio_set_function
 .text.gpio_set_pulls
                0x10000bc4       0x28 CMakeFiles/lcd_1602_i2c.dir/home/devel/pico2/pico-sdk/src/rp2_common/hardware_gpio/gpio.c.o
                0x10000bc4                gpio_set_pulls
 .text.panic    0x10000bec       0x30 CMakeFiles/lcd_1602_i2c.dir/home/devel/pico2/pico-sdk/src/rp2_common/pico_platform_panic/panic.c.o
                0x10000bec                panic
 .text.hw_claim_or_assert
                0x10000c1c       0x58 CMakeFiles/lcd_1602_i2c.dir/home/devel/pico2/pico-sdk/src/common/hardware_claim/claim.c.o
                0x10000c1c                hw_claim_or_assert
 .text.next_striped_spin_lock_num
                0x10000c74       0x18 CMakeFiles/lcd_1602_i2c.dir/home/devel/pico2/pico-sdk/src/rp2_common/hardware_sync/sync.c.o
                0x10000c74                next_striped_spin_lock_num
 .text.spinlock_set_extexclall
                0x10000c8c       0x10 CMakeFiles/lcd_1602_i2c.dir/home/devel/pico2/pico-sdk/src/rp2_common/hardware_sync_spin_lock/sync_spin_lock.c.o
 .text.spin_locks_reset
                0x10000c9c       0x18 CMakeFiles/lcd_1602_i2c.dir/home/devel/pico2/pico-sdk/src/rp2_common/hardware_sync_spin_lock/sync_spin_lock.c.o
                0x10000c9c                spin_locks_reset
 .text.runtime_init_per_core_irq_priorities
                0x10000cb4       0x40 CMakeFiles/lcd_1602_i2c.dir/home/devel/pico2/pico-sdk/src/rp2_common/hardware_irq/irq.c.o
                0x10000cb4                runtime_init_per_core_irq_priorities
 .text.irq_set_enabled
                0x10000cf4       0x2c CMakeFiles/lcd_1602_i2c.dir/home/devel/pico2/pico-sdk/src/rp2_common/hardware_irq/irq.c.o
                0x10000cf4                irq_set_enabled
 .text.irq_set_exclusive_handler
                0x10000d20       0x60 CMakeFiles/lcd_1602_i2c.dir/home/devel/pico2/pico-sdk/src/rp2_common/hardware_irq/irq.c.o
                0x10000d20                irq_set_exclusive_handler
 .text.irq_remove_handler
                0x10000d80      0x1fc CMakeFiles/lcd_1602_i2c.dir/home/devel/pico2/pico-sdk/src/rp2_common/hardware_irq/irq.c.o
                0x10000d80                irq_remove_handler
 .text.irq_add_tail_to_free_list
                0x10000f7c       0xbc CMakeFiles/lcd_1602_i2c.dir/home/devel/pico2/pico-sdk/src/rp2_common/hardware_irq/irq.c.o
                0x10000f7c                irq_add_tail_to_free_list
 .text.lock_init
                0x10001038        0xc CMakeFiles/lcd_1602_i2c.dir/home/devel/pico2/pico-sdk/src/common/pico_sync/lock_core.c.o
                0x10001038                lock_init
 .text.runtime_init_mutex
                0x10001044       0x54 CMakeFiles/lcd_1602_i2c.dir/home/devel/pico2/pico-sdk/src/common/pico_sync/mutex.c.o
                0x10001044                runtime_init_mutex
 .text.sleep_until_callback
                0x10001098       0x3c CMakeFiles/lcd_1602_i2c.dir/home/devel/pico2/pico-sdk/src/common/pico_time/time.c.o
 *fill*         0x100010d4        0x4 
 .text.alarm_pool_irq_handler
                0x100010d8      0x2e0 CMakeFiles/lcd_1602_i2c.dir/home/devel/pico2/pico-sdk/src/common/pico_time/time.c.o
 .text.runtime_init_default_alarm_pool
                0x100013b8      0x100 CMakeFiles/lcd_1602_i2c.dir/home/devel/pico2/pico-sdk/src/common/pico_time/time.c.o
                0x100013b8                runtime_init_default_alarm_pool
 .text.alarm_pool_add_alarm_at_force_in_context
                0x100014b8       0xc8 CMakeFiles/lcd_1602_i2c.dir/home/devel/pico2/pico-sdk/src/common/pico_time/time.c.o
                0x100014b8                alarm_pool_add_alarm_at_force_in_context
 .text.alarm_pool_cancel_alarm
                0x10001580       0x80 CMakeFiles/lcd_1602_i2c.dir/home/devel/pico2/pico-sdk/src/common/pico_time/time.c.o
                0x10001580                alarm_pool_cancel_alarm
 .text.sleep_until
                0x10001600       0xbc CMakeFiles/lcd_1602_i2c.dir/home/devel/pico2/pico-sdk/src/common/pico_time/time.c.o
                0x10001600                sleep_until
 .text.sleep_us
                0x100016bc       0x30 CMakeFiles/lcd_1602_i2c.dir/home/devel/pico2/pico-sdk/src/common/pico_time/time.c.o
                0x100016bc                sleep_us
 .text.sleep_ms
                0x100016ec       0x2c CMakeFiles/lcd_1602_i2c.dir/home/devel/pico2/pico-sdk/src/common/pico_time/time.c.o
                0x100016ec                sleep_ms
 .text.best_effort_wfe_or_timeout
                0x10001718       0xb8 CMakeFiles/lcd_1602_i2c.dir/home/devel/pico2/pico-sdk/src/common/pico_time/time.c.o
                0x10001718                best_effort_wfe_or_timeout
 .text.timer_hardware_alarm_claim
                0x100017d0       0x24 CMakeFiles/lcd_1602_i2c.dir/home/devel/pico2/pico-sdk/src/rp2_common/hardware_timer/timer.c.o
                0x100017d0                timer_hardware_alarm_claim
 .text.timer_time_us_64
                0x100017f4       0x10 CMakeFiles/lcd_1602_i2c.dir/home/devel/pico2/pico-sdk/src/rp2_common/hardware_timer/timer.c.o
                0x100017f4                timer_time_us_64
 .text.time_us_64
                0x10001804       0x14 CMakeFiles/lcd_1602_i2c.dir/home/devel/pico2/pico-sdk/src/rp2_common/hardware_timer/timer.c.o
                0x10001804                time_us_64
 .text.busy_wait_us
                0x10001818       0x5c CMakeFiles/lcd_1602_i2c.dir/home/devel/pico2/pico-sdk/src/rp2_common/hardware_timer/timer.c.o
                0x10001818                busy_wait_us
 .text.busy_wait_until
                0x10001874       0x24 CMakeFiles/lcd_1602_i2c.dir/home/devel/pico2/pico-sdk/src/rp2_common/hardware_timer/timer.c.o
                0x10001874                busy_wait_until
 .text.uart_init
                0x10001898      0x104 CMakeFiles/lcd_1602_i2c.dir/home/devel/pico2/pico-sdk/src/rp2_common/hardware_uart/uart.c.o
                0x10001898                uart_init
 .text.clock_configure_undivided
                0x1000199c       0xd0 CMakeFiles/lcd_1602_i2c.dir/home/devel/pico2/pico-sdk/src/rp2_common/hardware_clocks/clocks.c.o
                0x1000199c                clock_configure_undivided
 .text.clock_get_hz
                0x10001a6c        0xc CMakeFiles/lcd_1602_i2c.dir/home/devel/pico2/pico-sdk/src/rp2_common/hardware_clocks/clocks.c.o
                0x10001a6c                clock_get_hz
 .text.pll_init
                0x10001a78       0x8c CMakeFiles/lcd_1602_i2c.dir/home/devel/pico2/pico-sdk/src/rp2_common/hardware_pll/pll.c.o
                0x10001a78                pll_init
 .text.tick_start
                0x10001b04       0x18 CMakeFiles/lcd_1602_i2c.dir/home/devel/pico2/pico-sdk/src/rp2_common/hardware_ticks/ticks.c.o
                0x10001b04                tick_start
 .text.rom_func_lookup
                0x10001b1c       0x18 CMakeFiles/lcd_1602_i2c.dir/home/devel/pico2/pico-sdk/src/rp2_common/pico_bootrom/bootrom.c.o
                0x10001b1c                rom_func_lookup
 .text.runtime_init_bootrom_locking_enable
                0x10001b34       0x14 CMakeFiles/lcd_1602_i2c.dir/home/devel/pico2/pico-sdk/src/rp2_common/pico_bootrom/bootrom_lock.c.o
                0x10001b34                runtime_init_bootrom_locking_enable
 .text.runtime_init_boot_locks_reset
                0x10001b48       0x1c CMakeFiles/lcd_1602_i2c.dir/home/devel/pico2/pico-sdk/src/rp2_common/hardware_boot_lock/boot_lock.c.o
                0x10001b48                runtime_init_boot_locks_reset
 .text.xosc_init
                0x10001b64       0x2c CMakeFiles/lcd_1602_i2c.dir/home/devel/pico2/pico-sdk/src/rp2_common/hardware_xosc/xosc.c.o
                0x10001b64                xosc_init
 .text.first_per_core_initializer
                0x10001b90        0x4 CMakeFiles/lcd_1602_i2c.dir/home/devel/pico2/pico-sdk/src/rp2_common/pico_runtime/runtime.c.o
 .text.hard_assertion_failure
                0x10001b94        0xc CMakeFiles/lcd_1602_i2c.dir/home/devel/pico2/pico-sdk/src/rp2_common/pico_runtime/runtime.c.o
                0x10001b94                hard_assertion_failure
 .text.runtime_run_initializers
                0x10001ba0       0x20 CMakeFiles/lcd_1602_i2c.dir/home/devel/pico2/pico-sdk/src/rp2_common/pico_runtime/runtime.c.o
                0x10001ba0                runtime_run_initializers
 .text.runtime_init_early_resets
                0x10001bc0       0x34 CMakeFiles/lcd_1602_i2c.dir/home/devel/pico2/pico-sdk/src/rp2_common/pico_runtime_init/runtime_init.c.o
                0x10001bc0                runtime_init_early_resets
 .text.runtime_init_usb_power_down
                0x10001bf4       0x1c CMakeFiles/lcd_1602_i2c.dir/home/devel/pico2/pico-sdk/src/rp2_common/pico_runtime_init/runtime_init.c.o
                0x10001bf4                runtime_init_usb_power_down
 .text.runtime_init_per_core_enable_coprocessors
                0x10001c10       0x1c CMakeFiles/lcd_1602_i2c.dir/home/devel/pico2/pico-sdk/src/rp2_common/pico_runtime_init/runtime_init.c.o
                0x10001c10                runtime_init_per_core_enable_coprocessors
 .text.runtime_init_post_clock_resets
                0x10001c2c       0x20 CMakeFiles/lcd_1602_i2c.dir/home/devel/pico2/pico-sdk/src/rp2_common/pico_runtime_init/runtime_init.c.o
                0x10001c2c                runtime_init_post_clock_resets
 .text.runtime_init_bootrom_reset
                0x10001c4c       0x14 CMakeFiles/lcd_1602_i2c.dir/home/devel/pico2/pico-sdk/src/rp2_common/pico_runtime_init/runtime_init.c.o
                0x10001c4c                runtime_init_bootrom_reset
 .text.runtime_init_per_core_bootrom_reset
                0x10001c60       0x14 CMakeFiles/lcd_1602_i2c.dir/home/devel/pico2/pico-sdk/src/rp2_common/pico_runtime_init/runtime_init.c.o
                0x10001c60                runtime_init_per_core_bootrom_reset
 .text.runtime_init_spin_locks_reset
                0x10001c74        0x4 CMakeFiles/lcd_1602_i2c.dir/home/devel/pico2/pico-sdk/src/rp2_common/pico_runtime_init/runtime_init.c.o
                0x10001c74                runtime_init_spin_locks_reset
 .text.runtime_init_install_ram_vector_table
                0x10001c78       0x20 CMakeFiles/lcd_1602_i2c.dir/home/devel/pico2/pico-sdk/src/rp2_common/pico_runtime_init/runtime_init.c.o
                0x10001c78                runtime_init_install_ram_vector_table
 .text.runtime_init_clocks
                0x10001c98       0xdc CMakeFiles/lcd_1602_i2c.dir/home/devel/pico2/pico-sdk/src/rp2_common/pico_runtime_init/runtime_init_clocks.c.o
                0x10001c98                runtime_init_clocks
 .text._out_char
                0x10001d74        0x8 CMakeFiles/lcd_1602_i2c.dir/home/devel/pico2/pico-sdk/src/rp2_common/pico_printf/printf.c.o
 .text.weak_raw_vprintf
                0x10001d7c       0x30 CMakeFiles/lcd_1602_i2c.dir/home/devel/pico2/pico-sdk/src/rp2_common/pico_printf/printf.c.o
                0x10001d7c                weak_raw_vprintf
 .text._exit    0x10001dac        0x4 CMakeFiles/lcd_1602_i2c.dir/home/devel/pico2/pico-sdk/src/rp2_common/pico_clib_interface/newlib_interface.c.o
                0x10001dac                _exit
 .text.exit     0x10001db0        0x8 CMakeFiles/lcd_1602_i2c.dir/home/devel/pico2/pico-sdk/src/rp2_common/pico_clib_interface/newlib_interface.c.o
                0x10001db0                exit
 .text.runtime_init
                0x10001db8       0x24 CMakeFiles/lcd_1602_i2c.dir/home/devel/pico2/pico-sdk/src/rp2_common/pico_clib_interface/newlib_interface.c.o
                0x10001db8                runtime_init
 .text.stdio_out_chars_no_crlf
                0x10001ddc        0x8 CMakeFiles/lcd_1602_i2c.dir/home/devel/pico2/pico-sdk/src/rp2_common/pico_stdio/stdio.c.o
 .text.stdio_out_chars_crlf
                0x10001de4       0xb8 CMakeFiles/lcd_1602_i2c.dir/home/devel/pico2/pico-sdk/src/rp2_common/pico_stdio/stdio.c.o
 .text.stdio_put_string
                0x10001e9c       0xf0 CMakeFiles/lcd_1602_i2c.dir/home/devel/pico2/pico-sdk/src/rp2_common/pico_stdio/stdio.c.o
                0x10001e9c                stdio_put_string
 .text.stdio_set_driver_enabled
                0x10001f8c       0x28 CMakeFiles/lcd_1602_i2c.dir/home/devel/pico2/pico-sdk/src/rp2_common/pico_stdio/stdio.c.o
                0x10001f8c                stdio_set_driver_enabled
 .text.stdio_init_all
                0x10001fb4        0xc CMakeFiles/lcd_1602_i2c.dir/home/devel/pico2/pico-sdk/src/rp2_common/pico_stdio/stdio.c.o
                0x10001fb4                stdio_init_all
 .text.__wrap_putchar
                0x10001fc0       0x84 CMakeFiles/lcd_1602_i2c.dir/home/devel/pico2/pico-sdk/src/rp2_common/pico_stdio/stdio.c.o
                0x10001fc0                stdio_putchar
                0x10001fc0                __wrap_putchar
 .text.__wrap_puts
                0x10002044       0x3c CMakeFiles/lcd_1602_i2c.dir/home/devel/pico2/pico-sdk/src/rp2_common/pico_stdio/stdio.c.o
                0x10002044                __wrap_puts
                0x10002044                stdio_puts
 .text.stdio_uart_out_chars
                0x10002080       0x50 CMakeFiles/lcd_1602_i2c.dir/home/devel/pico2/pico-sdk/src/rp2_common/pico_stdio_uart/stdio_uart.c.o
 .text.stdio_uart_in_chars
                0x100020d0       0x90 CMakeFiles/lcd_1602_i2c.dir/home/devel/pico2/pico-sdk/src/rp2_common/pico_stdio_uart/stdio_uart.c.o
                0x100020d0                stdio_uart_in_chars
 .text.on_uart_rx
                0x10002160       0x24 CMakeFiles/lcd_1602_i2c.dir/home/devel/pico2/pico-sdk/src/rp2_common/pico_stdio_uart/stdio_uart.c.o
 .text.stdio_uart_out_flush
                0x10002184       0x10 CMakeFiles/lcd_1602_i2c.dir/home/devel/pico2/pico-sdk/src/rp2_common/pico_stdio_uart/stdio_uart.c.o
 .text.stdio_uart_set_chars_available_callback
                0x10002194       0x84 CMakeFiles/lcd_1602_i2c.dir/home/devel/pico2/pico-sdk/src/rp2_common/pico_stdio_uart/stdio_uart.c.o
 .text.stdio_uart_init
                0x10002218       0x54 CMakeFiles/lcd_1602_i2c.dir/home/devel/pico2/pico-sdk/src/rp2_common/pico_stdio_uart/stdio_uart.c.o
                0x10002218                stdio_uart_init
 .text.i2c_write_blocking_internal.constprop.0
                0x1000226c       0x9c CMakeFiles/lcd_1602_i2c.dir/home/devel/pico2/pico-sdk/src/rp2_common/hardware_i2c/i2c.c.o
 .text.i2c_set_baudrate
                0x10002308       0xa8 CMakeFiles/lcd_1602_i2c.dir/home/devel/pico2/pico-sdk/src/rp2_common/hardware_i2c/i2c.c.o
                0x10002308                i2c_set_baudrate
 .text.i2c_init
                0x100023b0       0x4c CMakeFiles/lcd_1602_i2c.dir/home/devel/pico2/pico-sdk/src/rp2_common/hardware_i2c/i2c.c.o
                0x100023b0                i2c_init
 .text.i2c_write_blocking
                0x100023fc       0x10 CMakeFiles/lcd_1602_i2c.dir/home/devel/pico2/pico-sdk/src/rp2_common/hardware_i2c/i2c.c.o
                0x100023fc                i2c_write_blocking
 .text          0x1000240c       0xec /usr/lib/gcc/arm-none-eabi/12.2.1/../../../arm-none-eabi/lib/thumb/v8-m.main+fp/softfp/libg.a(lib_a-memcpy.o)
                0x1000240c                memcpy
 .text          0x100024f8       0x5c /usr/lib/gcc/arm-none-eabi/12.2.1/../../../arm-none-eabi/lib/thumb/v8-m.main+fp/softfp/libg.a(lib_a-strlen-stub.o)
                0x100024f8                strlen
 *(.fini)
 .fini          0x10002554        0x4 /usr/lib/gcc/arm-none-eabi/12.2.1/thumb/v8-m.main+fp/softfp/crti.o
                0x10002554                _fini
 .fini.__stub   0x10002558       0x10 linker stubs
 *crtbegin.o(.ctors)
 *crtbegin?.o(.ctors)
 *(EXCLUDE_FILE(*crtend.o *crtend?.o) .ctors)
 *(SORT_BY_NAME(.ctors.*))
 *(.ctors)
 *crtbegin.o(.dtors)
 *crtbegin?.o(.dtors)
 *(EXCLUDE_FILE(*crtend.o *crtend?.o) .dtors)
 *(SORT_BY_NAME(.dtors.*))
 *(.dtors)
                0x10002568                        . = ALIGN (0x4)
                0x10002568                        PROVIDE (__preinit_array_start = .)
 *(SORT_BY_NAME(.preinit_array.*))
 .preinit_array.00050
                0x10002568        0x4 CMakeFiles/lcd_1602_i2c.dir/home/devel/pico2/pico-sdk/src/rp2_common/pico_runtime_init/runtime_init.c.o
                0x10002568                __pre_init_runtime_init_bootrom_reset
 .preinit_array.00100
                0x1000256c        0x4 CMakeFiles/lcd_1602_i2c.dir/home/devel/pico2/pico-sdk/src/rp2_common/pico_runtime_init/runtime_init.c.o
                0x1000256c                __pre_init_runtime_init_early_resets
 .preinit_array.00101
                0x10002570        0x4 CMakeFiles/lcd_1602_i2c.dir/home/devel/pico2/pico-sdk/src/rp2_common/pico_runtime_init/runtime_init.c.o
                0x10002570                __pre_init_runtime_init_usb_power_down
 .preinit_array.00500
                0x10002574        0x4 CMakeFiles/lcd_1602_i2c.dir/home/devel/pico2/pico-sdk/src/rp2_common/pico_runtime_init/runtime_init.c.o
                0x10002574                __pre_init_runtime_init_clocks
 .preinit_array.00600
                0x10002578        0x4 CMakeFiles/lcd_1602_i2c.dir/home/devel/pico2/pico-sdk/src/rp2_common/pico_runtime_init/runtime_init.c.o
                0x10002578                __pre_init_runtime_init_post_clock_resets
 .preinit_array.01000
                0x1000257c        0x4 CMakeFiles/lcd_1602_i2c.dir/home/devel/pico2/pico-sdk/src/rp2_common/hardware_boot_lock/boot_lock.c.o
                0x1000257c                __pre_init_runtime_init_boot_locks_reset
 .preinit_array.01000
                0x10002580        0x4 CMakeFiles/lcd_1602_i2c.dir/home/devel/pico2/pico-sdk/src/rp2_common/pico_runtime_init/runtime_init.c.o
                0x10002580                __pre_init_runtime_init_spin_locks_reset
 .preinit_array.01010
                0x10002584        0x4 CMakeFiles/lcd_1602_i2c.dir/home/devel/pico2/pico-sdk/src/rp2_common/pico_bootrom/bootrom_lock.c.o
                0x10002584                __pre_init_runtime_init_bootrom_locking_enable
 .preinit_array.01100
                0x10002588        0x4 CMakeFiles/lcd_1602_i2c.dir/home/devel/pico2/pico-sdk/src/common/pico_sync/mutex.c.o
                0x10002588                __pre_init_runtime_init_mutex
 .preinit_array.10080
                0x1000258c        0x4 CMakeFiles/lcd_1602_i2c.dir/home/devel/pico2/pico-sdk/src/rp2_common/pico_runtime_init/runtime_init.c.o
                0x1000258c                __pre_init_runtime_init_install_ram_vector_table
 .preinit_array.11000
                0x10002590        0x4 CMakeFiles/lcd_1602_i2c.dir/home/devel/pico2/pico-sdk/src/common/pico_time/time.c.o
                0x10002590                __pre_init_runtime_init_default_alarm_pool
 .preinit_array.YYYYY
                0x10002594        0x4 CMakeFiles/lcd_1602_i2c.dir/home/devel/pico2/pico-sdk/src/rp2_common/pico_runtime/runtime.c.o
                0x10002594                __pre_init_first_per_core_initializer
 .preinit_array.ZZZZZ.00051
                0x10002598        0x4 CMakeFiles/lcd_1602_i2c.dir/home/devel/pico2/pico-sdk/src/rp2_common/pico_runtime_init/runtime_init.c.o
                0x10002598                __pre_init_runtime_init_per_core_bootrom_reset
 .preinit_array.ZZZZZ.00200
                0x1000259c        0x4 CMakeFiles/lcd_1602_i2c.dir/home/devel/pico2/pico-sdk/src/rp2_common/pico_runtime_init/runtime_init.c.o
                0x1000259c                __pre_init_runtime_init_per_core_enable_coprocessors
 .preinit_array.ZZZZZ.01000
                0x100025a0        0x4 CMakeFiles/lcd_1602_i2c.dir/home/devel/pico2/pico-sdk/src/rp2_common/hardware_sync_spin_lock/sync_spin_lock.c.o
                0x100025a0                __pre_init_spinlock_set_extexclall
 .preinit_array.ZZZZZ.01200
                0x100025a4        0x4 CMakeFiles/lcd_1602_i2c.dir/home/devel/pico2/pico-sdk/src/rp2_common/hardware_irq/irq.c.o
                0x100025a4                __pre_init_runtime_init_per_core_irq_priorities
 *(.preinit_array)
                0x100025a8                        PROVIDE (__preinit_array_end = .)
                0x100025a8                        . = ALIGN (0x4)
                0x100025a8                        PROVIDE (__init_array_start = .)
 *(SORT_BY_NAME(.init_array.*))
 *(.init_array)
 .init_array    0x100025a8        0x4 /usr/lib/gcc/arm-none-eabi/12.2.1/thumb/v8-m.main+fp/softfp/crtbegin.o
                0x100025ac                        PROVIDE (__init_array_end = .)
                0x100025ac                        . = ALIGN (0x4)
                0x100025ac                        PROVIDE (__fini_array_start = .)
 *(SORT_BY_NAME(.fini_array.*))
 *(.fini_array)
                0x100025ac                        PROVIDE (__fini_array_end = .)
 *(.eh_frame*)
 .eh_frame      0x100025ac        0x0 /usr/lib/gcc/arm-none-eabi/12.2.1/thumb/v8-m.main+fp/softfp/crtbegin.o
                0x100025ac                        . = ALIGN (0x4)

.glue_7         0x100025ac        0x0
 .glue_7        0x100025ac        0x0 linker stubs

.glue_7t        0x100025ac        0x0
 .glue_7t       0x100025ac        0x0 linker stubs

.vfp11_veneer   0x100025ac        0x0
 .vfp11_veneer  0x100025ac        0x0 linker stubs

.v4_bx          0x100025ac        0x0
 .v4_bx         0x100025ac        0x0 linker stubs

.iplt           0x100025ac        0x0
 .iplt          0x100025ac        0x0 /usr/lib/gcc/arm-none-eabi/12.2.1/thumb/v8-m.main+fp/softfp/crtbegin.o

.boot2          0x100025ac        0x0
                0x100025ac                        __boot2_start__ = .
 *(.boot2)
                0x100025ac                        __boot2_end__ = .
                0x00000001                        ASSERT (((__boot2_end__ - __boot2_start__) <= 0x100), ERROR: Pico second stage bootloader must be no more than 256 bytes in size)

.rodata         0x100025ac      0x1f8
 *(EXCLUDE_FILE(*libm.a: *libc.a:*lib_a-mem*.o *libgcc.a:) .rodata*)
 .rodata.main.str1.4
                0x100025ac       0x11 CMakeFiles/lcd_1602_i2c.dir/lcd_1602_i2c.c.o
 *fill*         0x100025bd        0x3 
 .rodata.__bi_145.0
                0x100025c0        0x8 CMakeFiles/lcd_1602_i2c.dir/lcd_1602_i2c.c.o
 .rodata.str1.4
                0x100025c8       0x8c CMakeFiles/lcd_1602_i2c.dir/lcd_1602_i2c.c.o
 .rodata.message.1
                0x10002654       0x28 CMakeFiles/lcd_1602_i2c.dir/lcd_1602_i2c.c.o
 .rodata.panic.str1.4
                0x1000267c       0x12 CMakeFiles/lcd_1602_i2c.dir/home/devel/pico2/pico-sdk/src/rp2_common/pico_platform_panic/panic.c.o
 *fill*         0x1000268e        0x2 
 .rodata.timer_hardware_alarm_claim.str1.4
                0x10002690       0x22 CMakeFiles/lcd_1602_i2c.dir/home/devel/pico2/pico-sdk/src/rp2_common/hardware_timer/timer.c.o
 *fill*         0x100026b2        0x2 
 .rodata.hard_assertion_failure.str1.4
                0x100026b4        0xc CMakeFiles/lcd_1602_i2c.dir/home/devel/pico2/pico-sdk/src/rp2_common/pico_runtime/runtime.c.o
 .rodata.str1.4
                0x100026c0       0x44 CMakeFiles/lcd_1602_i2c.dir/home/devel/pico2/pico-sdk/src/rp2_common/pico_standard_binary_info/standard_binary_info.c.o
 .rodata.__bi_84
                0x10002704        0xc CMakeFiles/lcd_1602_i2c.dir/home/devel/pico2/pico-sdk/src/rp2_common/pico_standard_binary_info/standard_binary_info.c.o
 .rodata.__bi_78
                0x10002710        0xc CMakeFiles/lcd_1602_i2c.dir/home/devel/pico2/pico-sdk/src/rp2_common/pico_standard_binary_info/standard_binary_info.c.o
 .rodata.__bi_54
                0x1000271c        0xc CMakeFiles/lcd_1602_i2c.dir/home/devel/pico2/pico-sdk/src/rp2_common/pico_standard_binary_info/standard_binary_info.c.o
 .rodata.__bi_48
                0x10002728        0xc CMakeFiles/lcd_1602_i2c.dir/home/devel/pico2/pico-sdk/src/rp2_common/pico_standard_binary_info/standard_binary_info.c.o
 .rodata.__bi_42
                0x10002734        0xc CMakeFiles/lcd_1602_i2c.dir/home/devel/pico2/pico-sdk/src/rp2_common/pico_standard_binary_info/standard_binary_info.c.o
 .rodata.__bi_34
                0x10002740        0xc CMakeFiles/lcd_1602_i2c.dir/home/devel/pico2/pico-sdk/src/rp2_common/pico_standard_binary_info/standard_binary_info.c.o
 .rodata.__bi_26
                0x1000274c        0xc CMakeFiles/lcd_1602_i2c.dir/home/devel/pico2/pico-sdk/src/rp2_common/pico_standard_binary_info/standard_binary_info.c.o
 .rodata.crlf_str.0
                0x10002758        0x2 CMakeFiles/lcd_1602_i2c.dir/home/devel/pico2/pico-sdk/src/rp2_common/pico_stdio/stdio.c.o
 *fill*         0x1000275a        0x2 
 .rodata.str1.4
                0x1000275c       0x2c CMakeFiles/lcd_1602_i2c.dir/home/devel/pico2/pico-sdk/src/rp2_common/pico_stdio_uart/stdio_uart.c.o
 .rodata.__bi_45.4
                0x10002788        0xc CMakeFiles/lcd_1602_i2c.dir/home/devel/pico2/pico-sdk/src/rp2_common/pico_stdio_uart/stdio_uart.c.o
 .rodata.__bi_49.5
                0x10002794        0x8 CMakeFiles/lcd_1602_i2c.dir/home/devel/pico2/pico-sdk/src/rp2_common/pico_stdio_uart/stdio_uart.c.o
 .rodata.__bi_50.6
                0x1000279c        0x8 CMakeFiles/lcd_1602_i2c.dir/home/devel/pico2/pico-sdk/src/rp2_common/pico_stdio_uart/stdio_uart.c.o
 *(.srodata*)
                0x100027a4                        . = ALIGN (0x4)
 *(SORT_BY_ALIGNMENT(SORT_BY_NAME(.flashdata*)))
                0x100027a4                        . = ALIGN (0x4)

.ARM.extab
 *(.ARM.extab* .gnu.linkonce.armextab.*)
                0x100027a4                        __exidx_start = .

.ARM.exidx
 *(.ARM.exidx* .gnu.linkonce.armexidx.*)
                0x100027a4                        __exidx_end = .
                0x100027a4                        . = ALIGN (0x4)
                0x100027a4                        __binary_info_start = .

.binary_info    0x100027a4       0x2c
 *(.binary_info.keep.*)
 .binary_info.keep.__bi_ptr145
                0x100027a4        0x4 CMakeFiles/lcd_1602_i2c.dir/lcd_1602_i2c.c.o
 .binary_info.keep.__bi_ptr84
                0x100027a8        0x4 CMakeFiles/lcd_1602_i2c.dir/home/devel/pico2/pico-sdk/src/rp2_common/pico_standard_binary_info/standard_binary_info.c.o
 .binary_info.keep.__bi_ptr78
                0x100027ac        0x4 CMakeFiles/lcd_1602_i2c.dir/home/devel/pico2/pico-sdk/src/rp2_common/pico_standard_binary_info/standard_binary_info.c.o
 .binary_info.keep.__bi_ptr54
                0x100027b0        0x4 CMakeFiles/lcd_1602_i2c.dir/home/devel/pico2/pico-sdk/src/rp2_common/pico_standard_binary_info/standard_binary_info.c.o
 .binary_info.keep.__bi_ptr48
                0x100027b4        0x4 CMakeFiles/lcd_1602_i2c.dir/home/devel/pico2/pico-sdk/src/rp2_common/pico_standard_binary_info/standard_binary_info.c.o
 .binary_info.keep.__bi_ptr42
                0x100027b8        0x4 CMakeFiles/lcd_1602_i2c.dir/home/devel/pico2/pico-sdk/src/rp2_common/pico_standard_binary_info/standard_binary_info.c.o
 .binary_info.keep.__bi_ptr34
                0x100027bc        0x4 CMakeFiles/lcd_1602_i2c.dir/home/devel/pico2/pico-sdk/src/rp2_common/pico_standard_binary_info/standard_binary_info.c.o
 .binary_info.keep.__bi_ptr26
                0x100027c0        0x4 CMakeFiles/lcd_1602_i2c.dir/home/devel/pico2/pico-sdk/src/rp2_common/pico_standard_binary_info/standard_binary_info.c.o
 *(.binary_info.*)
 .binary_info.__bi_ptr50
                0x100027c4        0x4 CMakeFiles/lcd_1602_i2c.dir/home/devel/pico2/pico-sdk/src/rp2_common/pico_stdio_uart/stdio_uart.c.o
 .binary_info.__bi_ptr49
                0x100027c8        0x4 CMakeFiles/lcd_1602_i2c.dir/home/devel/pico2/pico-sdk/src/rp2_common/pico_stdio_uart/stdio_uart.c.o
 .binary_info.__bi_ptr45
                0x100027cc        0x4 CMakeFiles/lcd_1602_i2c.dir/home/devel/pico2/pico-sdk/src/rp2_common/pico_stdio_uart/stdio_uart.c.o
                0x100027d0                        __binary_info_end = .
                0x100027d0                        . = ALIGN (0x4)

.ram_vector_table
                0x20000000      0x110
 *(.ram_vector_table)
 .ram_vector_table
                0x20000000      0x110 CMakeFiles/lcd_1602_i2c.dir/home/devel/pico2/pico-sdk/src/rp2_common/pico_runtime_init/runtime_init.c.o
                0x20000000                ram_vector_table

.uninitialized_data
                0x20000110        0x0
                0x20000110                        . = ALIGN (0x4)
 *(.uninitialized_data*)

.data           0x20000110      0x1ac load address 0x100027d0
                0x20000110                        __data_start__ = .
 *(vtable)
 *(.time_critical*)
 .time_critical.mutex_enter_block_until
                0x20000110       0x70 CMakeFiles/lcd_1602_i2c.dir/home/devel/pico2/pico-sdk/src/common/pico_sync/mutex.c.o
                0x20000110                mutex_enter_block_until
 .time_critical.mutex_try_enter_block_until
                0x20000180       0x6c CMakeFiles/lcd_1602_i2c.dir/home/devel/pico2/pico-sdk/src/common/pico_sync/mutex.c.o
                0x20000180                mutex_try_enter_block_until
 .time_critical.mutex_exit
                0x200001ec       0x3c CMakeFiles/lcd_1602_i2c.dir/home/devel/pico2/pico-sdk/src/common/pico_sync/mutex.c.o
                0x200001ec                mutex_exit
 .time_critical.mutex_exit.__stub
                0x20000228        0x8 linker stubs
 *(.text*)
                0x20000230                        . = ALIGN (0x4)
 *(.rodata*)
                0x20000230                        . = ALIGN (0x4)
 *(.data*)
 .data.striped_spin_lock_num
                0x20000230        0x1 CMakeFiles/lcd_1602_i2c.dir/home/devel/pico2/pico-sdk/src/rp2_common/hardware_sync/sync.c.o
 *fill*         0x20000231        0x3 
 .data          0x20000234       0x48 CMakeFiles/lcd_1602_i2c.dir/home/devel/pico2/pico-sdk/src/rp2_common/hardware_irq/irq_handler_chain.S.o
                0x20000234                irq_handler_chain_slots
                0x20000264                irq_handler_chain_first_slot
                0x2000026e                irq_handler_chain_remove_tail
 .data.default_alarm_pool
                0x2000027c       0x18 CMakeFiles/lcd_1602_i2c.dir/home/devel/pico2/pico-sdk/src/common/pico_time/time.c.o
 .data.stdio_uart
                0x20000294       0x18 CMakeFiles/lcd_1602_i2c.dir/home/devel/pico2/pico-sdk/src/rp2_common/pico_stdio_uart/stdio_uart.c.o
                0x20000294                stdio_uart
 .data.i2c0_inst
                0x200002ac        0x8 CMakeFiles/lcd_1602_i2c.dir/home/devel/pico2/pico-sdk/src/rp2_common/hardware_i2c/i2c.c.o
                0x200002ac                i2c0_inst
 *(.sdata*)
                0x200002b4                        . = ALIGN (0x4)
 *(.after_data.*)
                0x200002b4                        . = ALIGN (0x4)
                0x200002b4                        PROVIDE (__mutex_array_start = .)
 *(SORT_BY_NAME(.mutex_array.*))
 *(.mutex_array)
 .mutex_array   0x200002b4        0x8 CMakeFiles/lcd_1602_i2c.dir/home/devel/pico2/pico-sdk/src/rp2_common/pico_stdio/stdio.c.o
                0x200002bc                        PROVIDE (__mutex_array_end = .)
 *(.jcr)
                0x200002bc                        . = ALIGN (0x4)

.tm_clone_table
                0x200002bc        0x0 load address 0x1000297c
 .tm_clone_table
                0x200002bc        0x0 /usr/lib/gcc/arm-none-eabi/12.2.1/thumb/v8-m.main+fp/softfp/crtbegin.o
 .tm_clone_table
                0x200002bc        0x0 /usr/lib/gcc/arm-none-eabi/12.2.1/thumb/v8-m.main+fp/softfp/crtend.o

.igot.plt       0x200002bc        0x0 load address 0x1000297c
 .igot.plt      0x200002bc        0x0 /usr/lib/gcc/arm-none-eabi/12.2.1/thumb/v8-m.main+fp/softfp/crtbegin.o

.tdata          0x200002bc        0x0 load address 0x1000297c
                0x200002bc                        . = ALIGN (0x4)
 *(.tdata .tdata.* .gnu.linkonce.td.*)
                0x200002bc                        __tdata_end = .
                0x200002bc                        PROVIDE (__data_end__ = .)
                0x100027d0                        __etext = LOADADDR (.data)

.tbss           0x200002bc        0x0 load address 0x1000297c
                0x200002bc                        . = ALIGN (0x4)
                0x200002bc                        __bss_start__ = .
                0x200002bc                        __tls_base = .
 *(.tbss .tbss.* .gnu.linkonce.tb.*)
 *(.tcommon)
                0x200002bc                        __tls_end = .

.bss            0x200002c0      0x22c load address 0x1000297c
                0x200002c0                        . = ALIGN (0x4)
                0x200002c0                        __tbss_end = .
 *(SORT_BY_ALIGNMENT(SORT_BY_NAME(.bss*)))
 .bss.default_alarm_pool_entries
                0x200002c0      0x180 CMakeFiles/lcd_1602_i2c.dir/home/devel/pico2/pico-sdk/src/common/pico_time/time.c.o
 .bss           0x20000440       0x1c /usr/lib/gcc/arm-none-eabi/12.2.1/thumb/v8-m.main+fp/softfp/crtbegin.o
 .bss._sw_spin_locks
                0x2000045c       0x20 CMakeFiles/lcd_1602_i2c.dir/home/devel/pico2/pico-sdk/src/rp2_common/hardware_sync_spin_lock/sync_spin_lock.c.o
                0x2000045c                _sw_spin_locks
 .bss.chars_available_callback
                0x2000047c        0x4 CMakeFiles/lcd_1602_i2c.dir/home/devel/pico2/pico-sdk/src/rp2_common/pico_stdio_uart/stdio_uart.c.o
 .bss.chars_available_param
                0x20000480        0x4 CMakeFiles/lcd_1602_i2c.dir/home/devel/pico2/pico-sdk/src/rp2_common/pico_stdio_uart/stdio_uart.c.o
 .bss.claimed   0x20000484        0x2 CMakeFiles/lcd_1602_i2c.dir/home/devel/pico2/pico-sdk/src/rp2_common/hardware_timer/timer.c.o
 *fill*         0x20000486        0x2 
 .bss.configured_freq
                0x20000488       0x28 CMakeFiles/lcd_1602_i2c.dir/home/devel/pico2/pico-sdk/src/rp2_common/hardware_clocks/clocks.c.o
 .bss.drivers   0x200004b0        0x4 CMakeFiles/lcd_1602_i2c.dir/home/devel/pico2/pico-sdk/src/rp2_common/pico_stdio/stdio.c.o
 .bss.filter    0x200004b4        0x4 CMakeFiles/lcd_1602_i2c.dir/home/devel/pico2/pico-sdk/src/rp2_common/pico_stdio/stdio.c.o
 .bss.lazy_vsnprintf
                0x200004b8        0x4 CMakeFiles/lcd_1602_i2c.dir/home/devel/pico2/pico-sdk/src/rp2_common/pico_printf/printf.c.o
 .bss.pools     0x200004bc       0x20 CMakeFiles/lcd_1602_i2c.dir/home/devel/pico2/pico-sdk/src/common/pico_time/time.c.o
 .bss.sleep_notifier
                0x200004dc        0x4 CMakeFiles/lcd_1602_i2c.dir/home/devel/pico2/pico-sdk/src/common/pico_time/time.c.o
 .bss.uart_char_to_line_feed
                0x200004e0        0x4 CMakeFiles/lcd_1602_i2c.dir/home/devel/pico2/pico-sdk/src/rp2_common/hardware_uart/uart.c.o
                0x200004e0                uart_char_to_line_feed
 .bss.uart_instance
                0x200004e4        0x4 CMakeFiles/lcd_1602_i2c.dir/home/devel/pico2/pico-sdk/src/rp2_common/pico_stdio_uart/stdio_uart.c.o
 .bss.irq_handler_chain_free_slot_head
                0x200004e8        0x1 CMakeFiles/lcd_1602_i2c.dir/home/devel/pico2/pico-sdk/src/rp2_common/hardware_irq/irq.c.o
 *(COMMON)
                [!provide]                        PROVIDE (__global_pointer$ = (. + 0x800))
 *(.sbss*)
                0x200004ec                        . = ALIGN (0x4)
 *fill*         0x200004e9        0x3 
                0x200004ec                        __bss_end__ = .

.heap           0x200004ec      0x800 load address 0x1000297c
                0x200004ec                        __end__ = .
                0x200004ec                        end = __end__
 *(.heap*)
 .heap          0x200004ec      0x800 CMakeFiles/lcd_1602_i2c.dir/home/devel/pico2/pico-sdk/src/rp2_common/pico_crt0/crt0.S.o
                0x20080000                        __HeapLimit = (ORIGIN (RAM) + LENGTH (RAM))

.scratch_x      0x20080000        0x0 load address 0x1000297c
                0x20080000                        __scratch_x_start__ = .
 *(.scratch_x.*)
                0x20080000                        . = ALIGN (0x4)
                0x20080000                        __scratch_x_end__ = .
                0x1000297c                        __scratch_x_source__ = LOADADDR (.scratch_x)

.scratch_y      0x20081000        0x0 load address 0x1000297c
                0x20081000                        __scratch_y_start__ = .
 *(.scratch_y.*)
                0x20081000                        . = ALIGN (0x4)
                0x20081000                        __scratch_y_end__ = .
                0x1000297c                        __scratch_y_source__ = LOADADDR (.scratch_y)

.stack1_dummy
 *(.stack1*)

.stack_dummy    0x20081000      0x800
 *(.stack*)
 .stack         0x20081000      0x800 CMakeFiles/lcd_1602_i2c.dir/home/devel/pico2/pico-sdk/src/rp2_common/pico_crt0/crt0.S.o

.flash_end      0x1000297c       0x14
 *(.embedded_end_block*)
 .embedded_end_block
                0x1000297c       0x14 CMakeFiles/lcd_1602_i2c.dir/home/devel/pico2/pico-sdk/src/rp2_common/pico_crt0/crt0.S.o
                0x10002990                        PROVIDE (__flash_binary_end = .)
                0x20080000                        __StackLimit = (ORIGIN (RAM) + LENGTH (RAM))
                0x20081000                        __StackOneTop = (ORIGIN (SCRATCH_X) + LENGTH (SCRATCH_X))
                0x20082000                        __StackTop = (ORIGIN (SCRATCH_Y) + LENGTH (SCRATCH_Y))
                0x20081000                        __StackOneBottom = (__StackOneTop - SIZEOF (.stack1_dummy))
                0x20081800                        __StackBottom = (__StackTop - SIZEOF (.stack_dummy))
                0x20082000                        PROVIDE (__stack = __StackTop)
                [!provide]                        PROVIDE (__heap_start = __end__)
                [!provide]                        PROVIDE (__heap_end = __HeapLimit)
                [!provide]                        PROVIDE (__tls_align = MAX (ALIGNOF (.tdata), ALIGNOF (.tbss)))
                [!provide]                        PROVIDE (__tls_size_align = (((__tls_size + __tls_align) - 0x1) & ~ ((__tls_align - 0x1))))
                [!provide]                        PROVIDE (__arm32_tls_tcb_offset = MAX (0x8, __tls_align))
                [!provide]                        PROVIDE (_end = __end__)
                [!provide]                        PROVIDE (__llvm_libc_heap_limit = __HeapLimit)
                0x00000001                        ASSERT ((__StackLimit >= __HeapLimit), region RAM overflowed)
                0x00000001                        ASSERT (((__binary_info_header_end - __logical_binary_start) <= 0x400), Binary info must be in first 1024 bytes of the binary)
                0x00000001                        ASSERT (((__embedded_block_end - __logical_binary_start) <= 0x1000), Embedded block must be in first 4096 bytes of the binary)
LOAD CMakeFiles/lcd_1602_i2c.dir/lcd_1602_i2c.c.o
LOAD CMakeFiles/lcd_1602_i2c.dir/home/devel/pico2/pico-sdk/src/rp2_common/pico_stdlib/stdlib.c.o
LOAD CMakeFiles/lcd_1602_i2c.dir/home/devel/pico2/pico-sdk/src/rp2_common/hardware_gpio/gpio.c.o
LOAD CMakeFiles/lcd_1602_i2c.dir/home/devel/pico2/pico-sdk/src/rp2350/pico_platform/platform.c.o
LOAD CMakeFiles/lcd_1602_i2c.dir/home/devel/pico2/pico-sdk/src/rp2_common/pico_platform_panic/panic.c.o
LOAD CMakeFiles/lcd_1602_i2c.dir/home/devel/pico2/pico-sdk/src/common/hardware_claim/claim.c.o
LOAD CMakeFiles/lcd_1602_i2c.dir/home/devel/pico2/pico-sdk/src/rp2_common/hardware_sync/sync.c.o
LOAD CMakeFiles/lcd_1602_i2c.dir/home/devel/pico2/pico-sdk/src/rp2_common/hardware_sync_spin_lock/sync_spin_lock.c.o
LOAD CMakeFiles/lcd_1602_i2c.dir/home/devel/pico2/pico-sdk/src/rp2_common/hardware_irq/irq.c.o
LOAD CMakeFiles/lcd_1602_i2c.dir/home/devel/pico2/pico-sdk/src/rp2_common/hardware_irq/irq_handler_chain.S.o
LOAD CMakeFiles/lcd_1602_i2c.dir/home/devel/pico2/pico-sdk/src/common/pico_sync/sem.c.o
LOAD CMakeFiles/lcd_1602_i2c.dir/home/devel/pico2/pico-sdk/src/common/pico_sync/lock_core.c.o
LOAD CMakeFiles/lcd_1602_i2c.dir/home/devel/pico2/pico-sdk/src/common/pico_sync/mutex.c.o
LOAD CMakeFiles/lcd_1602_i2c.dir/home/devel/pico2/pico-sdk/src/common/pico_sync/critical_section.c.o
LOAD CMakeFiles/lcd_1602_i2c.dir/home/devel/pico2/pico-sdk/src/common/pico_time/time.c.o
LOAD CMakeFiles/lcd_1602_i2c.dir/home/devel/pico2/pico-sdk/src/common/pico_time/timeout_helper.c.o
LOAD CMakeFiles/lcd_1602_i2c.dir/home/devel/pico2/pico-sdk/src/rp2_common/hardware_timer/timer.c.o
LOAD CMakeFiles/lcd_1602_i2c.dir/home/devel/pico2/pico-sdk/src/common/pico_util/datetime.c.o
LOAD CMakeFiles/lcd_1602_i2c.dir/home/devel/pico2/pico-sdk/src/common/pico_util/pheap.c.o
LOAD CMakeFiles/lcd_1602_i2c.dir/home/devel/pico2/pico-sdk/src/common/pico_util/queue.c.o
LOAD CMakeFiles/lcd_1602_i2c.dir/home/devel/pico2/pico-sdk/src/rp2_common/hardware_uart/uart.c.o
LOAD CMakeFiles/lcd_1602_i2c.dir/home/devel/pico2/pico-sdk/src/rp2_common/hardware_clocks/clocks.c.o
LOAD CMakeFiles/lcd_1602_i2c.dir/home/devel/pico2/pico-sdk/src/rp2_common/hardware_pll/pll.c.o
LOAD CMakeFiles/lcd_1602_i2c.dir/home/devel/pico2/pico-sdk/src/rp2_common/hardware_vreg/vreg.c.o
LOAD CMakeFiles/lcd_1602_i2c.dir/home/devel/pico2/pico-sdk/src/rp2_common/hardware_watchdog/watchdog.c.o
LOAD CMakeFiles/lcd_1602_i2c.dir/home/devel/pico2/pico-sdk/src/rp2_common/hardware_ticks/ticks.c.o
LOAD CMakeFiles/lcd_1602_i2c.dir/home/devel/pico2/pico-sdk/src/rp2_common/pico_bootrom/bootrom.c.o
LOAD CMakeFiles/lcd_1602_i2c.dir/home/devel/pico2/pico-sdk/src/rp2_common/pico_bootrom/bootrom_lock.c.o
LOAD CMakeFiles/lcd_1602_i2c.dir/home/devel/pico2/pico-sdk/src/rp2_common/hardware_boot_lock/boot_lock.c.o
LOAD CMakeFiles/lcd_1602_i2c.dir/home/devel/pico2/pico-sdk/src/rp2_common/pico_flash/flash.c.o
LOAD CMakeFiles/lcd_1602_i2c.dir/home/devel/pico2/pico-sdk/src/rp2_common/hardware_xosc/xosc.c.o
LOAD CMakeFiles/lcd_1602_i2c.dir/home/devel/pico2/pico-sdk/src/rp2_common/hardware_divider/divider.c.o
LOAD CMakeFiles/lcd_1602_i2c.dir/home/devel/pico2/pico-sdk/src/rp2_common/pico_runtime/runtime.c.o
LOAD CMakeFiles/lcd_1602_i2c.dir/home/devel/pico2/pico-sdk/src/rp2_common/pico_runtime_init/runtime_init.c.o
LOAD CMakeFiles/lcd_1602_i2c.dir/home/devel/pico2/pico-sdk/src/rp2_common/pico_runtime_init/runtime_init_clocks.c.o
LOAD CMakeFiles/lcd_1602_i2c.dir/home/devel/pico2/pico-sdk/src/rp2_common/pico_runtime_init/runtime_init_stack_guard.c.o
LOAD CMakeFiles/lcd_1602_i2c.dir/home/devel/pico2/pico-sdk/src/rp2_common/pico_bit_ops/bit_ops_aeabi.S.o
LOAD CMakeFiles/lcd_1602_i2c.dir/home/devel/pico2/pico-sdk/src/rp2_common/pico_divider/divider_compiler.c.o
LOAD CMakeFiles/lcd_1602_i2c.dir/home/devel/pico2/pico-sdk/src/rp2_common/pico_double/double_math.c.o
LOAD CMakeFiles/lcd_1602_i2c.dir/home/devel/pico2/pico-sdk/src/rp2_common/pico_double/double_aeabi_dcp.S.o
LOAD CMakeFiles/lcd_1602_i2c.dir/home/devel/pico2/pico-sdk/src/rp2_common/pico_double/double_fma_dcp.S.o
LOAD CMakeFiles/lcd_1602_i2c.dir/home/devel/pico2/pico-sdk/src/rp2_common/pico_double/double_sci_m33.S.o
LOAD CMakeFiles/lcd_1602_i2c.dir/home/devel/pico2/pico-sdk/src/rp2_common/pico_double/double_conv_m33.S.o
LOAD CMakeFiles/lcd_1602_i2c.dir/home/devel/pico2/pico-sdk/src/rp2_common/pico_float/float_math.c.o
LOAD CMakeFiles/lcd_1602_i2c.dir/home/devel/pico2/pico-sdk/src/rp2_common/pico_float/float_sci_m33_vfp.S.o
LOAD CMakeFiles/lcd_1602_i2c.dir/home/devel/pico2/pico-sdk/src/rp2_common/pico_float/float_conv_m33.S.o
LOAD CMakeFiles/lcd_1602_i2c.dir/home/devel/pico2/pico-sdk/src/rp2_common/pico_malloc/malloc.c.o
LOAD CMakeFiles/lcd_1602_i2c.dir/home/devel/pico2/pico-sdk/src/rp2_common/pico_atomic/atomic.c.o
LOAD CMakeFiles/lcd_1602_i2c.dir/home/devel/pico2/pico-sdk/src/rp2_common/pico_cxx_options/new_delete.cpp.o
LOAD CMakeFiles/lcd_1602_i2c.dir/home/devel/pico2/pico-sdk/src/rp2_common/pico_standard_binary_info/standard_binary_info.c.o
LOAD CMakeFiles/lcd_1602_i2c.dir/home/devel/pico2/pico-sdk/src/rp2_common/pico_printf/printf.c.o
LOAD CMakeFiles/lcd_1602_i2c.dir/home/devel/pico2/pico-sdk/src/rp2_common/pico_crt0/crt0.S.o
LOAD CMakeFiles/lcd_1602_i2c.dir/home/devel/pico2/pico-sdk/src/rp2_common/pico_clib_interface/newlib_interface.c.o
LOAD CMakeFiles/lcd_1602_i2c.dir/home/devel/pico2/pico-sdk/src/rp2_common/pico_stdio/stdio.c.o
LOAD CMakeFiles/lcd_1602_i2c.dir/home/devel/pico2/pico-sdk/src/rp2_common/pico_stdio_uart/stdio_uart.c.o
LOAD CMakeFiles/lcd_1602_i2c.dir/home/devel/pico2/pico-sdk/src/rp2_common/hardware_i2c/i2c.c.o
LOAD ../../pico-sdk/src/rp2350/boot_stage2/CMakeFiles/bs2_default_library.dir/bs2_default_padded_checksummed.S.o
LOAD /usr/lib/gcc/arm-none-eabi/12.2.1/../../../arm-none-eabi/lib/thumb/v8-m.main+fp/softfp/libstdc++.a
LOAD /usr/lib/gcc/arm-none-eabi/12.2.1/../../../arm-none-eabi/lib/thumb/v8-m.main+fp/softfp/libm.a
START GROUP
LOAD /usr/lib/gcc/arm-none-eabi/12.2.1/thumb/v8-m.main+fp/softfp/libgcc.a
LOAD /usr/lib/gcc/arm-none-eabi/12.2.1/../../../arm-none-eabi/lib/thumb/v8-m.main+fp/softfp/libg.a
LOAD /usr/lib/gcc/arm-none-eabi/12.2.1/../../../arm-none-eabi/lib/thumb/v8-m.main+fp/softfp/libc.a
END GROUP
START GROUP
LOAD /usr/lib/gcc/arm-none-eabi/12.2.1/thumb/v8-m.main+fp/softfp/libgcc.a
LOAD /usr/lib/gcc/arm-none-eabi/12.2.1/../../../arm-none-eabi/lib/thumb/v8-m.main+fp/softfp/libc.a
LOAD /usr/lib/gcc/arm-none-eabi/12.2.1/../../../arm-none-eabi/lib/thumb/v8-m.main+fp/softfp/libnosys.a
END GROUP
LOAD /usr/lib/gcc/arm-none-eabi/12.2.1/thumb/v8-m.main+fp/softfp/crtend.o
LOAD /usr/lib/gcc/arm-none-eabi/12.2.1/thumb/v8-m.main+fp/softfp/crtn.o
OUTPUT(lcd_1602_i2c.elf elf32-littlearm)
LOAD linker stubs

.rel.dyn        0x10002990        0x0
 .rel.iplt      0x10002990        0x0 /usr/lib/gcc/arm-none-eabi/12.2.1/thumb/v8-m.main+fp/softfp/crtbegin.o

.ARM.attributes
                0x00000000       0x34
 .ARM.attributes
                0x00000000       0x26 /usr/lib/gcc/arm-none-eabi/12.2.1/thumb/v8-m.main+fp/softfp/crti.o
 .ARM.attributes
                0x00000026       0x36 /usr/lib/gcc/arm-none-eabi/12.2.1/thumb/v8-m.main+fp/softfp/crtbegin.o
 .ARM.attributes
                0x0000005c       0x38 CMakeFiles/lcd_1602_i2c.dir/lcd_1602_i2c.c.o
 .ARM.attributes
                0x00000094       0x38 CMakeFiles/lcd_1602_i2c.dir/home/devel/pico2/pico-sdk/src/rp2_common/hardware_gpio/gpio.c.o
 .ARM.attributes
                0x000000cc       0x38 CMakeFiles/lcd_1602_i2c.dir/home/devel/pico2/pico-sdk/src/rp2_common/pico_platform_panic/panic.c.o
 .ARM.attributes
                0x00000104       0x38 CMakeFiles/lcd_1602_i2c.dir/home/devel/pico2/pico-sdk/src/common/hardware_claim/claim.c.o
 .ARM.attributes
                0x0000013c       0x38 CMakeFiles/lcd_1602_i2c.dir/home/devel/pico2/pico-sdk/src/rp2_common/hardware_sync/sync.c.o
 .ARM.attributes
                0x00000174       0x38 CMakeFiles/lcd_1602_i2c.dir/home/devel/pico2/pico-sdk/src/rp2_common/hardware_sync_spin_lock/sync_spin_lock.c.o
 .ARM.attributes
                0x000001ac       0x38 CMakeFiles/lcd_1602_i2c.dir/home/devel/pico2/pico-sdk/src/rp2_common/hardware_irq/irq.c.o
 .ARM.attributes
                0x000001e4       0x28 CMakeFiles/lcd_1602_i2c.dir/home/devel/pico2/pico-sdk/src/rp2_common/hardware_irq/irq_handler_chain.S.o
 .ARM.attributes
                0x0000020c       0x38 CMakeFiles/lcd_1602_i2c.dir/home/devel/pico2/pico-sdk/src/common/pico_sync/lock_core.c.o
 .ARM.attributes
                0x00000244       0x38 CMakeFiles/lcd_1602_i2c.dir/home/devel/pico2/pico-sdk/src/common/pico_sync/mutex.c.o
 .ARM.attributes
                0x0000027c       0x38 CMakeFiles/lcd_1602_i2c.dir/home/devel/pico2/pico-sdk/src/common/pico_time/time.c.o
 .ARM.attributes
                0x000002b4       0x38 CMakeFiles/lcd_1602_i2c.dir/home/devel/pico2/pico-sdk/src/rp2_common/hardware_timer/timer.c.o
 .ARM.attributes
                0x000002ec       0x38 CMakeFiles/lcd_1602_i2c.dir/home/devel/pico2/pico-sdk/src/rp2_common/hardware_uart/uart.c.o
 .ARM.attributes
                0x00000324       0x38 CMakeFiles/lcd_1602_i2c.dir/home/devel/pico2/pico-sdk/src/rp2_common/hardware_clocks/clocks.c.o
 .ARM.attributes
                0x0000035c       0x38 CMakeFiles/lcd_1602_i2c.dir/home/devel/pico2/pico-sdk/src/rp2_common/hardware_pll/pll.c.o
 .ARM.attributes
                0x00000394       0x38 CMakeFiles/lcd_1602_i2c.dir/home/devel/pico2/pico-sdk/src/rp2_common/hardware_ticks/ticks.c.o
 .ARM.attributes
                0x000003cc       0x38 CMakeFiles/lcd_1602_i2c.dir/home/devel/pico2/pico-sdk/src/rp2_common/pico_bootrom/bootrom.c.o
 .ARM.attributes
                0x00000404       0x38 CMakeFiles/lcd_1602_i2c.dir/home/devel/pico2/pico-sdk/src/rp2_common/pico_bootrom/bootrom_lock.c.o
 .ARM.attributes
                0x0000043c       0x38 CMakeFiles/lcd_1602_i2c.dir/home/devel/pico2/pico-sdk/src/rp2_common/hardware_boot_lock/boot_lock.c.o
 .ARM.attributes
                0x00000474       0x38 CMakeFiles/lcd_1602_i2c.dir/home/devel/pico2/pico-sdk/src/rp2_common/hardware_xosc/xosc.c.o
 .ARM.attributes
                0x000004ac       0x38 CMakeFiles/lcd_1602_i2c.dir/home/devel/pico2/pico-sdk/src/rp2_common/pico_runtime/runtime.c.o
 .ARM.attributes
                0x000004e4       0x38 CMakeFiles/lcd_1602_i2c.dir/home/devel/pico2/pico-sdk/src/rp2_common/pico_runtime_init/runtime_init.c.o
 .ARM.attributes
                0x0000051c       0x38 CMakeFiles/lcd_1602_i2c.dir/home/devel/pico2/pico-sdk/src/rp2_common/pico_runtime_init/runtime_init_clocks.c.o
 .ARM.attributes
                0x00000554       0x38 CMakeFiles/lcd_1602_i2c.dir/home/devel/pico2/pico-sdk/src/rp2_common/pico_standard_binary_info/standard_binary_info.c.o
 .ARM.attributes
                0x0000058c       0x38 CMakeFiles/lcd_1602_i2c.dir/home/devel/pico2/pico-sdk/src/rp2_common/pico_printf/printf.c.o
 .ARM.attributes
                0x000005c4       0x28 CMakeFiles/lcd_1602_i2c.dir/home/devel/pico2/pico-sdk/src/rp2_common/pico_crt0/crt0.S.o
 .ARM.attributes
                0x000005ec       0x38 CMakeFiles/lcd_1602_i2c.dir/home/devel/pico2/pico-sdk/src/rp2_common/pico_clib_interface/newlib_interface.c.o
 .ARM.attributes
                0x00000624       0x38 CMakeFiles/lcd_1602_i2c.dir/home/devel/pico2/pico-sdk/src/rp2_common/pico_stdio/stdio.c.o
 .ARM.attributes
                0x0000065c       0x38 CMakeFiles/lcd_1602_i2c.dir/home/devel/pico2/pico-sdk/src/rp2_common/pico_stdio_uart/stdio_uart.c.o
 .ARM.attributes
                0x00000694       0x38 CMakeFiles/lcd_1602_i2c.dir/home/devel/pico2/pico-sdk/src/rp2_common/hardware_i2c/i2c.c.o
 .ARM.attributes
                0x000006cc       0x24 /usr/lib/gcc/arm-none-eabi/12.2.1/../../../arm-none-eabi/lib/thumb/v8-m.main+fp/softfp/libg.a(lib_a-memcpy.o)
 .ARM.attributes
                0x000006f0       0x36 /usr/lib/gcc/arm-none-eabi/12.2.1/../../../arm-none-eabi/lib/thumb/v8-m.main+fp/softfp/libg.a(lib_a-strlen-stub.o)
 .ARM.attributes
                0x00000726       0x36 /usr/lib/gcc/arm-none-eabi/12.2.1/thumb/v8-m.main+fp/softfp/crtend.o

.comment        0x00000000       0x26
 .comment       0x00000000       0x26 /usr/lib/gcc/arm-none-eabi/12.2.1/thumb/v8-m.main+fp/softfp/crtbegin.o
                                 0x27 (size before relaxing)
 .comment       0x00000026       0x27 CMakeFiles/lcd_1602_i2c.dir/lcd_1602_i2c.c.o
 .comment       0x00000026       0x27 CMakeFiles/lcd_1602_i2c.dir/home/devel/pico2/pico-sdk/src/rp2_common/hardware_gpio/gpio.c.o
 .comment       0x00000026       0x27 CMakeFiles/lcd_1602_i2c.dir/home/devel/pico2/pico-sdk/src/rp2_common/pico_platform_panic/panic.c.o
 .comment       0x00000026       0x27 CMakeFiles/lcd_1602_i2c.dir/home/devel/pico2/pico-sdk/src/common/hardware_claim/claim.c.o
 .comment       0x00000026       0x27 CMakeFiles/lcd_1602_i2c.dir/home/devel/pico2/pico-sdk/src/rp2_common/hardware_sync/sync.c.o
 .comment       0x00000026       0x27 CMakeFiles/lcd_1602_i2c.dir/home/devel/pico2/pico-sdk/src/rp2_common/hardware_sync_spin_lock/sync_spin_lock.c.o
 .comment       0x00000026       0x27 CMakeFiles/lcd_1602_i2c.dir/home/devel/pico2/pico-sdk/src/rp2_common/hardware_irq/irq.c.o
 .comment       0x00000026       0x27 CMakeFiles/lcd_1602_i2c.dir/home/devel/pico2/pico-sdk/src/common/pico_sync/lock_core.c.o
 .comment       0x00000026       0x27 CMakeFiles/lcd_1602_i2c.dir/home/devel/pico2/pico-sdk/src/common/pico_sync/mutex.c.o
 .comment       0x00000026       0x27 CMakeFiles/lcd_1602_i2c.dir/home/devel/pico2/pico-sdk/src/common/pico_time/time.c.o
 .comment       0x00000026       0x27 CMakeFiles/lcd_1602_i2c.dir/home/devel/pico2/pico-sdk/src/rp2_common/hardware_timer/timer.c.o
 .comment       0x00000026       0x27 CMakeFiles/lcd_1602_i2c.dir/home/devel/pico2/pico-sdk/src/rp2_common/hardware_uart/uart.c.o
 .comment       0x00000026       0x27 CMakeFiles/lcd_1602_i2c.dir/home/devel/pico2/pico-sdk/src/rp2_common/hardware_clocks/clocks.c.o
 .comment       0x00000026       0x27 CMakeFiles/lcd_1602_i2c.dir/home/devel/pico2/pico-sdk/src/rp2_common/hardware_pll/pll.c.o
 .comment       0x00000026       0x27 CMakeFiles/lcd_1602_i2c.dir/home/devel/pico2/pico-sdk/src/rp2_common/hardware_ticks/ticks.c.o
 .comment       0x00000026       0x27 CMakeFiles/lcd_1602_i2c.dir/home/devel/pico2/pico-sdk/src/rp2_common/pico_bootrom/bootrom.c.o
 .comment       0x00000026       0x27 CMakeFiles/lcd_1602_i2c.dir/home/devel/pico2/pico-sdk/src/rp2_common/pico_bootrom/bootrom_lock.c.o
 .comment       0x00000026       0x27 CMakeFiles/lcd_1602_i2c.dir/home/devel/pico2/pico-sdk/src/rp2_common/hardware_boot_lock/boot_lock.c.o
 .comment       0x00000026       0x27 CMakeFiles/lcd_1602_i2c.dir/home/devel/pico2/pico-sdk/src/rp2_common/hardware_xosc/xosc.c.o
 .comment       0x00000026       0x27 CMakeFiles/lcd_1602_i2c.dir/home/devel/pico2/pico-sdk/src/rp2_common/pico_runtime/runtime.c.o
 .comment       0x00000026       0x27 CMakeFiles/lcd_1602_i2c.dir/home/devel/pico2/pico-sdk/src/rp2_common/pico_runtime_init/runtime_init.c.o
 .comment       0x00000026       0x27 CMakeFiles/lcd_1602_i2c.dir/home/devel/pico2/pico-sdk/src/rp2_common/pico_runtime_init/runtime_init_clocks.c.o
 .comment       0x00000026       0x27 CMakeFiles/lcd_1602_i2c.dir/home/devel/pico2/pico-sdk/src/rp2_common/pico_standard_binary_info/standard_binary_info.c.o
 .comment       0x00000026       0x27 CMakeFiles/lcd_1602_i2c.dir/home/devel/pico2/pico-sdk/src/rp2_common/pico_printf/printf.c.o
 .comment       0x00000026       0x27 CMakeFiles/lcd_1602_i2c.dir/home/devel/pico2/pico-sdk/src/rp2_common/pico_clib_interface/newlib_interface.c.o
 .comment       0x00000026       0x27 CMakeFiles/lcd_1602_i2c.dir/home/devel/pico2/pico-sdk/src/rp2_common/pico_stdio/stdio.c.o
 .comment       0x00000026       0x27 CMakeFiles/lcd_1602_i2c.dir/home/devel/pico2/pico-sdk/src/rp2_common/pico_stdio_uart/stdio_uart.c.o
 .comment       0x00000026       0x27 CMakeFiles/lcd_1602_i2c.dir/home/devel/pico2/pico-sdk/src/rp2_common/hardware_i2c/i2c.c.o
 .comment       0x00000026       0x27 /usr/lib/gcc/arm-none-eabi/12.2.1/../../../arm-none-eabi/lib/thumb/v8-m.main+fp/softfp/libg.a(lib_a-strlen-stub.o)
 .comment       0x00000026       0x27 /usr/lib/gcc/arm-none-eabi/12.2.1/thumb/v8-m.main+fp/softfp/crtend.o

.debug_info     0x00000000    0x23e64
 .debug_info    0x00000000     0x3564 CMakeFiles/lcd_1602_i2c.dir/lcd_1602_i2c.c.o
 .debug_info    0x00003564     0x23a2 CMakeFiles/lcd_1602_i2c.dir/home/devel/pico2/pico-sdk/src/rp2_common/hardware_gpio/gpio.c.o
 .debug_info    0x00005906      0x1be CMakeFiles/lcd_1602_i2c.dir/home/devel/pico2/pico-sdk/src/rp2_common/pico_platform_panic/panic.c.o
 .debug_info    0x00005ac4      0xb56 CMakeFiles/lcd_1602_i2c.dir/home/devel/pico2/pico-sdk/src/common/hardware_claim/claim.c.o
 .debug_info    0x0000661a      0x42e CMakeFiles/lcd_1602_i2c.dir/home/devel/pico2/pico-sdk/src/rp2_common/hardware_sync/sync.c.o
 .debug_info    0x00006a48     0x143a CMakeFiles/lcd_1602_i2c.dir/home/devel/pico2/pico-sdk/src/rp2_common/hardware_sync_spin_lock/sync_spin_lock.c.o
 .debug_info    0x00007e82     0x2545 CMakeFiles/lcd_1602_i2c.dir/home/devel/pico2/pico-sdk/src/rp2_common/hardware_irq/irq.c.o
 .debug_info    0x0000a3c7      0x17b CMakeFiles/lcd_1602_i2c.dir/home/devel/pico2/pico-sdk/src/common/pico_sync/lock_core.c.o
 .debug_info    0x0000a542     0x1de7 CMakeFiles/lcd_1602_i2c.dir/home/devel/pico2/pico-sdk/src/common/pico_sync/mutex.c.o
 .debug_info    0x0000c329     0x4ca6 CMakeFiles/lcd_1602_i2c.dir/home/devel/pico2/pico-sdk/src/common/pico_time/time.c.o
 .debug_info    0x00010fcf     0x302a CMakeFiles/lcd_1602_i2c.dir/home/devel/pico2/pico-sdk/src/rp2_common/hardware_timer/timer.c.o
 .debug_info    0x00013ff9     0x197c CMakeFiles/lcd_1602_i2c.dir/home/devel/pico2/pico-sdk/src/rp2_common/hardware_uart/uart.c.o
 .debug_info    0x00015975     0x286a CMakeFiles/lcd_1602_i2c.dir/home/devel/pico2/pico-sdk/src/rp2_common/hardware_clocks/clocks.c.o
 .debug_info    0x000181df      0x4ef CMakeFiles/lcd_1602_i2c.dir/home/devel/pico2/pico-sdk/src/rp2_common/hardware_pll/pll.c.o
 .debug_info    0x000186ce      0x254 CMakeFiles/lcd_1602_i2c.dir/home/devel/pico2/pico-sdk/src/rp2_common/hardware_ticks/ticks.c.o
 .debug_info    0x00018922      0x86e CMakeFiles/lcd_1602_i2c.dir/home/devel/pico2/pico-sdk/src/rp2_common/pico_bootrom/bootrom.c.o
 .debug_info    0x00019190      0x1ac CMakeFiles/lcd_1602_i2c.dir/home/devel/pico2/pico-sdk/src/rp2_common/pico_bootrom/bootrom_lock.c.o
 .debug_info    0x0001933c      0x2fe CMakeFiles/lcd_1602_i2c.dir/home/devel/pico2/pico-sdk/src/rp2_common/hardware_boot_lock/boot_lock.c.o
 .debug_info    0x0001963a      0x199 CMakeFiles/lcd_1602_i2c.dir/home/devel/pico2/pico-sdk/src/rp2_common/hardware_xosc/xosc.c.o
 .debug_info    0x000197d3      0x20e CMakeFiles/lcd_1602_i2c.dir/home/devel/pico2/pico-sdk/src/rp2_common/pico_runtime/runtime.c.o
 .debug_info    0x000199e1     0x1bb5 CMakeFiles/lcd_1602_i2c.dir/home/devel/pico2/pico-sdk/src/rp2_common/pico_runtime_init/runtime_init.c.o
 .debug_info    0x0001b596      0x7bc CMakeFiles/lcd_1602_i2c.dir/home/devel/pico2/pico-sdk/src/rp2_common/pico_runtime_init/runtime_init_clocks.c.o
 .debug_info    0x0001bd52      0x288 CMakeFiles/lcd_1602_i2c.dir/home/devel/pico2/pico-sdk/src/rp2_common/pico_standard_binary_info/standard_binary_info.c.o
 .debug_info    0x0001bfda     0x1f44 CMakeFiles/lcd_1602_i2c.dir/home/devel/pico2/pico-sdk/src/rp2_common/pico_printf/printf.c.o
 .debug_info    0x0001df1e       0x23 CMakeFiles/lcd_1602_i2c.dir/home/devel/pico2/pico-sdk/src/rp2_common/pico_crt0/crt0.S.o
 .debug_info    0x0001df41      0xbc7 CMakeFiles/lcd_1602_i2c.dir/home/devel/pico2/pico-sdk/src/rp2_common/pico_clib_interface/newlib_interface.c.o
 .debug_info    0x0001eb08     0x1d6b CMakeFiles/lcd_1602_i2c.dir/home/devel/pico2/pico-sdk/src/rp2_common/pico_stdio/stdio.c.o
 .debug_info    0x00020873     0x18a4 CMakeFiles/lcd_1602_i2c.dir/home/devel/pico2/pico-sdk/src/rp2_common/pico_stdio_uart/stdio_uart.c.o
 .debug_info    0x00022117     0x1c5d CMakeFiles/lcd_1602_i2c.dir/home/devel/pico2/pico-sdk/src/rp2_common/hardware_i2c/i2c.c.o
 .debug_info    0x00023d74       0x33 /usr/lib/gcc/arm-none-eabi/12.2.1/../../../arm-none-eabi/lib/thumb/v8-m.main+fp/softfp/libg.a(lib_a-memcpy.o)
 .debug_info    0x00023da7       0xbd /usr/lib/gcc/arm-none-eabi/12.2.1/../../../arm-none-eabi/lib/thumb/v8-m.main+fp/softfp/libg.a(lib_a-strlen-stub.o)

.debug_abbrev   0x00000000     0x5c46
 .debug_abbrev  0x00000000      0x39f CMakeFiles/lcd_1602_i2c.dir/lcd_1602_i2c.c.o
 .debug_abbrev  0x0000039f      0x548 CMakeFiles/lcd_1602_i2c.dir/home/devel/pico2/pico-sdk/src/rp2_common/hardware_gpio/gpio.c.o
 .debug_abbrev  0x000008e7      0x12b CMakeFiles/lcd_1602_i2c.dir/home/devel/pico2/pico-sdk/src/rp2_common/pico_platform_panic/panic.c.o
 .debug_abbrev  0x00000a12      0x371 CMakeFiles/lcd_1602_i2c.dir/home/devel/pico2/pico-sdk/src/common/hardware_claim/claim.c.o
 .debug_abbrev  0x00000d83      0x22d CMakeFiles/lcd_1602_i2c.dir/home/devel/pico2/pico-sdk/src/rp2_common/hardware_sync/sync.c.o
 .debug_abbrev  0x00000fb0      0x26e CMakeFiles/lcd_1602_i2c.dir/home/devel/pico2/pico-sdk/src/rp2_common/hardware_sync_spin_lock/sync_spin_lock.c.o
 .debug_abbrev  0x0000121e      0x631 CMakeFiles/lcd_1602_i2c.dir/home/devel/pico2/pico-sdk/src/rp2_common/hardware_irq/irq.c.o
 .debug_abbrev  0x0000184f      0x11e CMakeFiles/lcd_1602_i2c.dir/home/devel/pico2/pico-sdk/src/common/pico_sync/lock_core.c.o
 .debug_abbrev  0x0000196d      0x49e CMakeFiles/lcd_1602_i2c.dir/home/devel/pico2/pico-sdk/src/common/pico_sync/mutex.c.o
 .debug_abbrev  0x00001e0b      0x65c CMakeFiles/lcd_1602_i2c.dir/home/devel/pico2/pico-sdk/src/common/pico_time/time.c.o
 .debug_abbrev  0x00002467      0x4f9 CMakeFiles/lcd_1602_i2c.dir/home/devel/pico2/pico-sdk/src/rp2_common/hardware_timer/timer.c.o
 .debug_abbrev  0x00002960      0x367 CMakeFiles/lcd_1602_i2c.dir/home/devel/pico2/pico-sdk/src/rp2_common/hardware_uart/uart.c.o
 .debug_abbrev  0x00002cc7      0x4d5 CMakeFiles/lcd_1602_i2c.dir/home/devel/pico2/pico-sdk/src/rp2_common/hardware_clocks/clocks.c.o
 .debug_abbrev  0x0000319c      0x1a8 CMakeFiles/lcd_1602_i2c.dir/home/devel/pico2/pico-sdk/src/rp2_common/hardware_pll/pll.c.o
 .debug_abbrev  0x00003344      0x146 CMakeFiles/lcd_1602_i2c.dir/home/devel/pico2/pico-sdk/src/rp2_common/hardware_ticks/ticks.c.o
 .debug_abbrev  0x0000348a      0x385 CMakeFiles/lcd_1602_i2c.dir/home/devel/pico2/pico-sdk/src/rp2_common/pico_bootrom/bootrom.c.o
 .debug_abbrev  0x0000380f       0xfb CMakeFiles/lcd_1602_i2c.dir/home/devel/pico2/pico-sdk/src/rp2_common/pico_bootrom/bootrom_lock.c.o
 .debug_abbrev  0x0000390a      0x1de CMakeFiles/lcd_1602_i2c.dir/home/devel/pico2/pico-sdk/src/rp2_common/hardware_boot_lock/boot_lock.c.o
 .debug_abbrev  0x00003ae8      0x109 CMakeFiles/lcd_1602_i2c.dir/home/devel/pico2/pico-sdk/src/rp2_common/hardware_xosc/xosc.c.o
 .debug_abbrev  0x00003bf1      0x182 CMakeFiles/lcd_1602_i2c.dir/home/devel/pico2/pico-sdk/src/rp2_common/pico_runtime/runtime.c.o
 .debug_abbrev  0x00003d73      0x2dd CMakeFiles/lcd_1602_i2c.dir/home/devel/pico2/pico-sdk/src/rp2_common/pico_runtime_init/runtime_init.c.o
 .debug_abbrev  0x00004050      0x2a4 CMakeFiles/lcd_1602_i2c.dir/home/devel/pico2/pico-sdk/src/rp2_common/pico_runtime_init/runtime_init_clocks.c.o
 .debug_abbrev  0x000042f4       0xb8 CMakeFiles/lcd_1602_i2c.dir/home/devel/pico2/pico-sdk/src/rp2_common/pico_standard_binary_info/standard_binary_info.c.o
 .debug_abbrev  0x000043ac      0x545 CMakeFiles/lcd_1602_i2c.dir/home/devel/pico2/pico-sdk/src/rp2_common/pico_printf/printf.c.o
 .debug_abbrev  0x000048f1       0x12 CMakeFiles/lcd_1602_i2c.dir/home/devel/pico2/pico-sdk/src/rp2_common/pico_crt0/crt0.S.o
 .debug_abbrev  0x00004903      0x375 CMakeFiles/lcd_1602_i2c.dir/home/devel/pico2/pico-sdk/src/rp2_common/pico_clib_interface/newlib_interface.c.o
 .debug_abbrev  0x00004c78      0x602 CMakeFiles/lcd_1602_i2c.dir/home/devel/pico2/pico-sdk/src/rp2_common/pico_stdio/stdio.c.o
 .debug_abbrev  0x0000527a      0x493 CMakeFiles/lcd_1602_i2c.dir/home/devel/pico2/pico-sdk/src/rp2_common/pico_stdio_uart/stdio_uart.c.o
 .debug_abbrev  0x0000570d      0x499 CMakeFiles/lcd_1602_i2c.dir/home/devel/pico2/pico-sdk/src/rp2_common/hardware_i2c/i2c.c.o
 .debug_abbrev  0x00005ba6       0x28 /usr/lib/gcc/arm-none-eabi/12.2.1/../../../arm-none-eabi/lib/thumb/v8-m.main+fp/softfp/libg.a(lib_a-memcpy.o)
 .debug_abbrev  0x00005bce       0x78 /usr/lib/gcc/arm-none-eabi/12.2.1/../../../arm-none-eabi/lib/thumb/v8-m.main+fp/softfp/libg.a(lib_a-strlen-stub.o)

.debug_loclists
                0x00000000    0x1041f
 .debug_loclists
                0x00000000      0xa60 CMakeFiles/lcd_1602_i2c.dir/lcd_1602_i2c.c.o
 .debug_loclists
                0x00000a60     0x1834 CMakeFiles/lcd_1602_i2c.dir/home/devel/pico2/pico-sdk/src/rp2_common/hardware_gpio/gpio.c.o
 .debug_loclists
                0x00002294      0x3fd CMakeFiles/lcd_1602_i2c.dir/home/devel/pico2/pico-sdk/src/common/hardware_claim/claim.c.o
 .debug_loclists
                0x00002691       0xe8 CMakeFiles/lcd_1602_i2c.dir/home/devel/pico2/pico-sdk/src/rp2_common/hardware_sync/sync.c.o
 .debug_loclists
                0x00002779       0xa2 CMakeFiles/lcd_1602_i2c.dir/home/devel/pico2/pico-sdk/src/rp2_common/hardware_sync_spin_lock/sync_spin_lock.c.o
 .debug_loclists
                0x0000281b      0xfc9 CMakeFiles/lcd_1602_i2c.dir/home/devel/pico2/pico-sdk/src/rp2_common/hardware_irq/irq.c.o
 .debug_loclists
                0x000037e4       0x17 CMakeFiles/lcd_1602_i2c.dir/home/devel/pico2/pico-sdk/src/common/pico_sync/lock_core.c.o
 .debug_loclists
                0x000037fb      0xa9d CMakeFiles/lcd_1602_i2c.dir/home/devel/pico2/pico-sdk/src/common/pico_sync/mutex.c.o
 .debug_loclists
                0x00004298     0x298c CMakeFiles/lcd_1602_i2c.dir/home/devel/pico2/pico-sdk/src/common/pico_time/time.c.o
 .debug_loclists
                0x00006c24     0x18b0 CMakeFiles/lcd_1602_i2c.dir/home/devel/pico2/pico-sdk/src/rp2_common/hardware_timer/timer.c.o
 .debug_loclists
                0x000084d4      0xbe1 CMakeFiles/lcd_1602_i2c.dir/home/devel/pico2/pico-sdk/src/rp2_common/hardware_uart/uart.c.o
 .debug_loclists
                0x000090b5     0x1ed2 CMakeFiles/lcd_1602_i2c.dir/home/devel/pico2/pico-sdk/src/rp2_common/hardware_clocks/clocks.c.o
 .debug_loclists
                0x0000af87      0x19f CMakeFiles/lcd_1602_i2c.dir/home/devel/pico2/pico-sdk/src/rp2_common/hardware_pll/pll.c.o
 .debug_loclists
                0x0000b126       0x72 CMakeFiles/lcd_1602_i2c.dir/home/devel/pico2/pico-sdk/src/rp2_common/hardware_ticks/ticks.c.o
 .debug_loclists
                0x0000b198      0x3f8 CMakeFiles/lcd_1602_i2c.dir/home/devel/pico2/pico-sdk/src/rp2_common/pico_bootrom/bootrom.c.o
 .debug_loclists
                0x0000b590       0x28 CMakeFiles/lcd_1602_i2c.dir/home/devel/pico2/pico-sdk/src/rp2_common/pico_bootrom/bootrom_lock.c.o
 .debug_loclists
                0x0000b5b8       0x72 CMakeFiles/lcd_1602_i2c.dir/home/devel/pico2/pico-sdk/src/rp2_common/hardware_boot_lock/boot_lock.c.o
 .debug_loclists
                0x0000b62a       0x4f CMakeFiles/lcd_1602_i2c.dir/home/devel/pico2/pico-sdk/src/rp2_common/hardware_xosc/xosc.c.o
 .debug_loclists
                0x0000b679       0x7e CMakeFiles/lcd_1602_i2c.dir/home/devel/pico2/pico-sdk/src/rp2_common/pico_runtime/runtime.c.o
 .debug_loclists
                0x0000b6f7      0x10a CMakeFiles/lcd_1602_i2c.dir/home/devel/pico2/pico-sdk/src/rp2_common/pico_runtime_init/runtime_init.c.o
 .debug_loclists
                0x0000b801       0x74 CMakeFiles/lcd_1602_i2c.dir/home/devel/pico2/pico-sdk/src/rp2_common/pico_runtime_init/runtime_init_clocks.c.o
 .debug_loclists
                0x0000b875     0x286e CMakeFiles/lcd_1602_i2c.dir/home/devel/pico2/pico-sdk/src/rp2_common/pico_printf/printf.c.o
 .debug_loclists
                0x0000e0e3      0x378 CMakeFiles/lcd_1602_i2c.dir/home/devel/pico2/pico-sdk/src/rp2_common/pico_clib_interface/newlib_interface.c.o
 .debug_loclists
                0x0000e45b      0xa57 CMakeFiles/lcd_1602_i2c.dir/home/devel/pico2/pico-sdk/src/rp2_common/pico_stdio/stdio.c.o
 .debug_loclists
                0x0000eeb2      0x7e7 CMakeFiles/lcd_1602_i2c.dir/home/devel/pico2/pico-sdk/src/rp2_common/pico_stdio_uart/stdio_uart.c.o
 .debug_loclists
                0x0000f699      0xd63 CMakeFiles/lcd_1602_i2c.dir/home/devel/pico2/pico-sdk/src/rp2_common/hardware_i2c/i2c.c.o
 .debug_loclists
                0x000103fc       0x23 /usr/lib/gcc/arm-none-eabi/12.2.1/../../../arm-none-eabi/lib/thumb/v8-m.main+fp/softfp/libg.a(lib_a-strlen-stub.o)

.debug_aranges  0x00000000      0xbf0
 .debug_aranges
                0x00000000       0x58 CMakeFiles/lcd_1602_i2c.dir/lcd_1602_i2c.c.o
 .debug_aranges
                0x00000058      0x120 CMakeFiles/lcd_1602_i2c.dir/home/devel/pico2/pico-sdk/src/rp2_common/hardware_gpio/gpio.c.o
 .debug_aranges
                0x00000178       0x28 CMakeFiles/lcd_1602_i2c.dir/home/devel/pico2/pico-sdk/src/rp2_common/pico_platform_panic/panic.c.o
 .debug_aranges
                0x000001a0       0x48 CMakeFiles/lcd_1602_i2c.dir/home/devel/pico2/pico-sdk/src/common/hardware_claim/claim.c.o
 .debug_aranges
                0x000001e8       0x48 CMakeFiles/lcd_1602_i2c.dir/home/devel/pico2/pico-sdk/src/rp2_common/hardware_sync/sync.c.o
 .debug_aranges
                0x00000230       0x30 CMakeFiles/lcd_1602_i2c.dir/home/devel/pico2/pico-sdk/src/rp2_common/hardware_sync_spin_lock/sync_spin_lock.c.o
 .debug_aranges
                0x00000260       0xb0 CMakeFiles/lcd_1602_i2c.dir/home/devel/pico2/pico-sdk/src/rp2_common/hardware_irq/irq.c.o
 .debug_aranges
                0x00000310       0x20 CMakeFiles/lcd_1602_i2c.dir/home/devel/pico2/pico-sdk/src/common/pico_sync/lock_core.c.o
 .debug_aranges
                0x00000330       0x98 CMakeFiles/lcd_1602_i2c.dir/home/devel/pico2/pico-sdk/src/common/pico_sync/mutex.c.o
 .debug_aranges
                0x000003c8       0xe0 CMakeFiles/lcd_1602_i2c.dir/home/devel/pico2/pico-sdk/src/common/pico_time/time.c.o
 .debug_aranges
                0x000004a8       0xf0 CMakeFiles/lcd_1602_i2c.dir/home/devel/pico2/pico-sdk/src/rp2_common/hardware_timer/timer.c.o
 .debug_aranges
                0x00000598       0x58 CMakeFiles/lcd_1602_i2c.dir/home/devel/pico2/pico-sdk/src/rp2_common/hardware_uart/uart.c.o
 .debug_aranges
                0x000005f0       0x90 CMakeFiles/lcd_1602_i2c.dir/home/devel/pico2/pico-sdk/src/rp2_common/hardware_clocks/clocks.c.o
 .debug_aranges
                0x00000680       0x28 CMakeFiles/lcd_1602_i2c.dir/home/devel/pico2/pico-sdk/src/rp2_common/hardware_pll/pll.c.o
 .debug_aranges
                0x000006a8       0x30 CMakeFiles/lcd_1602_i2c.dir/home/devel/pico2/pico-sdk/src/rp2_common/hardware_ticks/ticks.c.o
 .debug_aranges
                0x000006d8       0x58 CMakeFiles/lcd_1602_i2c.dir/home/devel/pico2/pico-sdk/src/rp2_common/pico_bootrom/bootrom.c.o
 .debug_aranges
                0x00000730       0x20 CMakeFiles/lcd_1602_i2c.dir/home/devel/pico2/pico-sdk/src/rp2_common/pico_bootrom/bootrom_lock.c.o
 .debug_aranges
                0x00000750       0x30 CMakeFiles/lcd_1602_i2c.dir/home/devel/pico2/pico-sdk/src/rp2_common/hardware_boot_lock/boot_lock.c.o
 .debug_aranges
                0x00000780       0x30 CMakeFiles/lcd_1602_i2c.dir/home/devel/pico2/pico-sdk/src/rp2_common/hardware_xosc/xosc.c.o
 .debug_aranges
                0x000007b0       0x38 CMakeFiles/lcd_1602_i2c.dir/home/devel/pico2/pico-sdk/src/rp2_common/pico_runtime/runtime.c.o
 .debug_aranges
                0x000007e8       0x58 CMakeFiles/lcd_1602_i2c.dir/home/devel/pico2/pico-sdk/src/rp2_common/pico_runtime_init/runtime_init.c.o
 .debug_aranges
                0x00000840       0x20 CMakeFiles/lcd_1602_i2c.dir/home/devel/pico2/pico-sdk/src/rp2_common/pico_runtime_init/runtime_init_clocks.c.o
 .debug_aranges
                0x00000860       0x18 CMakeFiles/lcd_1602_i2c.dir/home/devel/pico2/pico-sdk/src/rp2_common/pico_standard_binary_info/standard_binary_info.c.o
 .debug_aranges
                0x00000878       0x90 CMakeFiles/lcd_1602_i2c.dir/home/devel/pico2/pico-sdk/src/rp2_common/pico_printf/printf.c.o
 .debug_aranges
                0x00000908       0x28 CMakeFiles/lcd_1602_i2c.dir/home/devel/pico2/pico-sdk/src/rp2_common/pico_crt0/crt0.S.o
 .debug_aranges
                0x00000930       0xa0 CMakeFiles/lcd_1602_i2c.dir/home/devel/pico2/pico-sdk/src/rp2_common/pico_clib_interface/newlib_interface.c.o
 .debug_aranges
                0x000009d0       0xc8 CMakeFiles/lcd_1602_i2c.dir/home/devel/pico2/pico-sdk/src/rp2_common/pico_stdio/stdio.c.o
 .debug_aranges
                0x00000a98       0x80 CMakeFiles/lcd_1602_i2c.dir/home/devel/pico2/pico-sdk/src/rp2_common/pico_stdio_uart/stdio_uart.c.o
 .debug_aranges
                0x00000b18       0x98 CMakeFiles/lcd_1602_i2c.dir/home/devel/pico2/pico-sdk/src/rp2_common/hardware_i2c/i2c.c.o
 .debug_aranges
                0x00000bb0       0x20 /usr/lib/gcc/arm-none-eabi/12.2.1/../../../arm-none-eabi/lib/thumb/v8-m.main+fp/softfp/libg.a(lib_a-memcpy.o)
 .debug_aranges
                0x00000bd0       0x20 /usr/lib/gcc/arm-none-eabi/12.2.1/../../../arm-none-eabi/lib/thumb/v8-m.main+fp/softfp/libg.a(lib_a-strlen-stub.o)

.debug_rnglists
                0x00000000     0x3295
 .debug_rnglists
                0x00000000      0x289 CMakeFiles/lcd_1602_i2c.dir/lcd_1602_i2c.c.o
 .debug_rnglists
                0x00000289      0x651 CMakeFiles/lcd_1602_i2c.dir/home/devel/pico2/pico-sdk/src/rp2_common/hardware_gpio/gpio.c.o
 .debug_rnglists
                0x000008da       0x19 CMakeFiles/lcd_1602_i2c.dir/home/devel/pico2/pico-sdk/src/rp2_common/pico_platform_panic/panic.c.o
 .debug_rnglists
                0x000008f3      0x104 CMakeFiles/lcd_1602_i2c.dir/home/devel/pico2/pico-sdk/src/common/hardware_claim/claim.c.o
 .debug_rnglists
                0x000009f7       0x67 CMakeFiles/lcd_1602_i2c.dir/home/devel/pico2/pico-sdk/src/rp2_common/hardware_sync/sync.c.o
 .debug_rnglists
                0x00000a5e       0x43 CMakeFiles/lcd_1602_i2c.dir/home/devel/pico2/pico-sdk/src/rp2_common/hardware_sync_spin_lock/sync_spin_lock.c.o
 .debug_rnglists
                0x00000aa1      0x3dd CMakeFiles/lcd_1602_i2c.dir/home/devel/pico2/pico-sdk/src/rp2_common/hardware_irq/irq.c.o
 .debug_rnglists
                0x00000e7e       0x13 CMakeFiles/lcd_1602_i2c.dir/home/devel/pico2/pico-sdk/src/common/pico_sync/lock_core.c.o
 .debug_rnglists
                0x00000e91      0x2f3 CMakeFiles/lcd_1602_i2c.dir/home/devel/pico2/pico-sdk/src/common/pico_sync/mutex.c.o
 .debug_rnglists
                0x00001184      0x7d1 CMakeFiles/lcd_1602_i2c.dir/home/devel/pico2/pico-sdk/src/common/pico_time/time.c.o
 .debug_rnglists
                0x00001955      0x49c CMakeFiles/lcd_1602_i2c.dir/home/devel/pico2/pico-sdk/src/rp2_common/hardware_timer/timer.c.o
 .debug_rnglists
                0x00001df1      0x25f CMakeFiles/lcd_1602_i2c.dir/home/devel/pico2/pico-sdk/src/rp2_common/hardware_uart/uart.c.o
 .debug_rnglists
                0x00002050      0x59d CMakeFiles/lcd_1602_i2c.dir/home/devel/pico2/pico-sdk/src/rp2_common/hardware_clocks/clocks.c.o
 .debug_rnglists
                0x000025ed       0x59 CMakeFiles/lcd_1602_i2c.dir/home/devel/pico2/pico-sdk/src/rp2_common/hardware_pll/pll.c.o
 .debug_rnglists
                0x00002646       0x2b CMakeFiles/lcd_1602_i2c.dir/home/devel/pico2/pico-sdk/src/rp2_common/hardware_ticks/ticks.c.o
 .debug_rnglists
                0x00002671       0x9d CMakeFiles/lcd_1602_i2c.dir/home/devel/pico2/pico-sdk/src/rp2_common/pico_bootrom/bootrom.c.o
 .debug_rnglists
                0x0000270e       0x13 CMakeFiles/lcd_1602_i2c.dir/home/devel/pico2/pico-sdk/src/rp2_common/pico_bootrom/bootrom_lock.c.o
 .debug_rnglists
                0x00002721       0x4f CMakeFiles/lcd_1602_i2c.dir/home/devel/pico2/pico-sdk/src/rp2_common/hardware_boot_lock/boot_lock.c.o
 .debug_rnglists
                0x00002770       0x2b CMakeFiles/lcd_1602_i2c.dir/home/devel/pico2/pico-sdk/src/rp2_common/hardware_xosc/xosc.c.o
 .debug_rnglists
                0x0000279b       0x3d CMakeFiles/lcd_1602_i2c.dir/home/devel/pico2/pico-sdk/src/rp2_common/pico_runtime/runtime.c.o
 .debug_rnglists
                0x000027d8       0x70 CMakeFiles/lcd_1602_i2c.dir/home/devel/pico2/pico-sdk/src/rp2_common/pico_runtime_init/runtime_init.c.o
 .debug_rnglists
                0x00002848       0x3a CMakeFiles/lcd_1602_i2c.dir/home/devel/pico2/pico-sdk/src/rp2_common/pico_runtime_init/runtime_init_clocks.c.o
 .debug_rnglists
                0x00002882      0x2b9 CMakeFiles/lcd_1602_i2c.dir/home/devel/pico2/pico-sdk/src/rp2_common/pico_printf/printf.c.o
 .debug_rnglists
                0x00002b3b       0x1b CMakeFiles/lcd_1602_i2c.dir/home/devel/pico2/pico-sdk/src/rp2_common/pico_crt0/crt0.S.o
 .debug_rnglists
                0x00002b56       0xaf CMakeFiles/lcd_1602_i2c.dir/home/devel/pico2/pico-sdk/src/rp2_common/pico_clib_interface/newlib_interface.c.o
 .debug_rnglists
                0x00002c05      0x2ed CMakeFiles/lcd_1602_i2c.dir/home/devel/pico2/pico-sdk/src/rp2_common/pico_stdio/stdio.c.o
 .debug_rnglists
                0x00002ef2      0x1f2 CMakeFiles/lcd_1602_i2c.dir/home/devel/pico2/pico-sdk/src/rp2_common/pico_stdio_uart/stdio_uart.c.o
 .debug_rnglists
                0x000030e4      0x19e CMakeFiles/lcd_1602_i2c.dir/home/devel/pico2/pico-sdk/src/rp2_common/hardware_i2c/i2c.c.o
 .debug_rnglists
                0x00003282       0x13 /usr/lib/gcc/arm-none-eabi/12.2.1/../../../arm-none-eabi/lib/thumb/v8-m.main+fp/softfp/libg.a(lib_a-strlen-stub.o)

.debug_line     0x00000000    0x140c8
 .debug_line    0x00000000     0x10ca CMakeFiles/lcd_1602_i2c.dir/lcd_1602_i2c.c.o
 .debug_line    0x000010ca     0x195d CMakeFiles/lcd_1602_i2c.dir/home/devel/pico2/pico-sdk/src/rp2_common/hardware_gpio/gpio.c.o
 .debug_line    0x00002a27      0x1e7 CMakeFiles/lcd_1602_i2c.dir/home/devel/pico2/pico-sdk/src/rp2_common/pico_platform_panic/panic.c.o
 .debug_line    0x00002c0e      0x76d CMakeFiles/lcd_1602_i2c.dir/home/devel/pico2/pico-sdk/src/common/hardware_claim/claim.c.o
 .debug_line    0x0000337b      0x352 CMakeFiles/lcd_1602_i2c.dir/home/devel/pico2/pico-sdk/src/rp2_common/hardware_sync/sync.c.o
 .debug_line    0x000036cd      0x2e7 CMakeFiles/lcd_1602_i2c.dir/home/devel/pico2/pico-sdk/src/rp2_common/hardware_sync_spin_lock/sync_spin_lock.c.o
 .debug_line    0x000039b4     0x1546 CMakeFiles/lcd_1602_i2c.dir/home/devel/pico2/pico-sdk/src/rp2_common/hardware_irq/irq.c.o
 .debug_line    0x00004efa      0x1c7 CMakeFiles/lcd_1602_i2c.dir/home/devel/pico2/pico-sdk/src/common/pico_sync/lock_core.c.o
 .debug_line    0x000050c1     0x114c CMakeFiles/lcd_1602_i2c.dir/home/devel/pico2/pico-sdk/src/common/pico_sync/mutex.c.o
 .debug_line    0x0000620d     0x2a47 CMakeFiles/lcd_1602_i2c.dir/home/devel/pico2/pico-sdk/src/common/pico_time/time.c.o
 .debug_line    0x00008c54     0x1b78 CMakeFiles/lcd_1602_i2c.dir/home/devel/pico2/pico-sdk/src/rp2_common/hardware_timer/timer.c.o
 .debug_line    0x0000a7cc      0xc6f CMakeFiles/lcd_1602_i2c.dir/home/devel/pico2/pico-sdk/src/rp2_common/hardware_uart/uart.c.o
 .debug_line    0x0000b43b     0x1aa1 CMakeFiles/lcd_1602_i2c.dir/home/devel/pico2/pico-sdk/src/rp2_common/hardware_clocks/clocks.c.o
 .debug_line    0x0000cedc      0x452 CMakeFiles/lcd_1602_i2c.dir/home/devel/pico2/pico-sdk/src/rp2_common/hardware_pll/pll.c.o
 .debug_line    0x0000d32e      0x285 CMakeFiles/lcd_1602_i2c.dir/home/devel/pico2/pico-sdk/src/rp2_common/hardware_ticks/ticks.c.o
 .debug_line    0x0000d5b3      0x586 CMakeFiles/lcd_1602_i2c.dir/home/devel/pico2/pico-sdk/src/rp2_common/pico_bootrom/bootrom.c.o
 .debug_line    0x0000db39      0x2ef CMakeFiles/lcd_1602_i2c.dir/home/devel/pico2/pico-sdk/src/rp2_common/pico_bootrom/bootrom_lock.c.o
 .debug_line    0x0000de28      0x354 CMakeFiles/lcd_1602_i2c.dir/home/devel/pico2/pico-sdk/src/rp2_common/hardware_boot_lock/boot_lock.c.o
 .debug_line    0x0000e17c      0x2b5 CMakeFiles/lcd_1602_i2c.dir/home/devel/pico2/pico-sdk/src/rp2_common/hardware_xosc/xosc.c.o
 .debug_line    0x0000e431      0x254 CMakeFiles/lcd_1602_i2c.dir/home/devel/pico2/pico-sdk/src/rp2_common/pico_runtime/runtime.c.o
 .debug_line    0x0000e685      0x519 CMakeFiles/lcd_1602_i2c.dir/home/devel/pico2/pico-sdk/src/rp2_common/pico_runtime_init/runtime_init.c.o
 .debug_line    0x0000eb9e      0x49d CMakeFiles/lcd_1602_i2c.dir/home/devel/pico2/pico-sdk/src/rp2_common/pico_runtime_init/runtime_init_clocks.c.o
 .debug_line    0x0000f03b      0x160 CMakeFiles/lcd_1602_i2c.dir/home/devel/pico2/pico-sdk/src/rp2_common/pico_standard_binary_info/standard_binary_info.c.o
 .debug_line    0x0000f19b     0x1770 CMakeFiles/lcd_1602_i2c.dir/home/devel/pico2/pico-sdk/src/rp2_common/pico_printf/printf.c.o
 .debug_line    0x0001090b       0xa1 CMakeFiles/lcd_1602_i2c.dir/home/devel/pico2/pico-sdk/src/rp2_common/pico_crt0/crt0.S.o
 .debug_line    0x000109ac      0x722 CMakeFiles/lcd_1602_i2c.dir/home/devel/pico2/pico-sdk/src/rp2_common/pico_clib_interface/newlib_interface.c.o
 .debug_line    0x000110ce     0x11a1 CMakeFiles/lcd_1602_i2c.dir/home/devel/pico2/pico-sdk/src/rp2_common/pico_stdio/stdio.c.o
 .debug_line    0x0001226f      0xd2b CMakeFiles/lcd_1602_i2c.dir/home/devel/pico2/pico-sdk/src/rp2_common/pico_stdio_uart/stdio_uart.c.o
 .debug_line    0x00012f9a      0xf83 CMakeFiles/lcd_1602_i2c.dir/home/devel/pico2/pico-sdk/src/rp2_common/hardware_i2c/i2c.c.o
 .debug_line    0x00013f1d       0xbd /usr/lib/gcc/arm-none-eabi/12.2.1/../../../arm-none-eabi/lib/thumb/v8-m.main+fp/softfp/libg.a(lib_a-memcpy.o)
 .debug_line    0x00013fda       0xee /usr/lib/gcc/arm-none-eabi/12.2.1/../../../arm-none-eabi/lib/thumb/v8-m.main+fp/softfp/libg.a(lib_a-strlen-stub.o)

.debug_str      0x00000000     0x5a30
 .debug_str     0x00000000      0xd60 CMakeFiles/lcd_1602_i2c.dir/lcd_1602_i2c.c.o
                                0xdf9 (size before relaxing)
 .debug_str     0x00000d60      0x72a CMakeFiles/lcd_1602_i2c.dir/home/devel/pico2/pico-sdk/src/rp2_common/hardware_gpio/gpio.c.o
                                0xd00 (size before relaxing)
 .debug_str     0x0000148a       0x92 CMakeFiles/lcd_1602_i2c.dir/home/devel/pico2/pico-sdk/src/rp2_common/pico_platform_panic/panic.c.o
                                0x210 (size before relaxing)
 .debug_str     0x0000151c      0x1bf CMakeFiles/lcd_1602_i2c.dir/home/devel/pico2/pico-sdk/src/common/hardware_claim/claim.c.o
                                0x36d (size before relaxing)
 .debug_str     0x000016db       0xcc CMakeFiles/lcd_1602_i2c.dir/home/devel/pico2/pico-sdk/src/rp2_common/hardware_sync/sync.c.o
                                0x318 (size before relaxing)
 .debug_str     0x000017a7      0x940 CMakeFiles/lcd_1602_i2c.dir/home/devel/pico2/pico-sdk/src/rp2_common/hardware_sync_spin_lock/sync_spin_lock.c.o
                                0xbb9 (size before relaxing)
 .debug_str     0x000020e7      0x48c CMakeFiles/lcd_1602_i2c.dir/home/devel/pico2/pico-sdk/src/rp2_common/hardware_irq/irq.c.o
                                0xbf8 (size before relaxing)
 .debug_str     0x00002573       0x5c CMakeFiles/lcd_1602_i2c.dir/home/devel/pico2/pico-sdk/src/common/pico_sync/lock_core.c.o
                                0x215 (size before relaxing)
 .debug_str     0x000025cf      0x273 CMakeFiles/lcd_1602_i2c.dir/home/devel/pico2/pico-sdk/src/common/pico_sync/mutex.c.o
                                0x8b4 (size before relaxing)
 .debug_str     0x00002842      0x9fa CMakeFiles/lcd_1602_i2c.dir/home/devel/pico2/pico-sdk/src/common/pico_time/time.c.o
                               0x12c1 (size before relaxing)
 .debug_str     0x0000323c      0x1e2 CMakeFiles/lcd_1602_i2c.dir/home/devel/pico2/pico-sdk/src/rp2_common/hardware_timer/timer.c.o
                                0xb77 (size before relaxing)
 .debug_str     0x0000341e      0x514 CMakeFiles/lcd_1602_i2c.dir/home/devel/pico2/pico-sdk/src/rp2_common/hardware_uart/uart.c.o
                                0xe47 (size before relaxing)
 .debug_str     0x00003932      0x40e CMakeFiles/lcd_1602_i2c.dir/home/devel/pico2/pico-sdk/src/rp2_common/hardware_clocks/clocks.c.o
                                0xb31 (size before relaxing)
 .debug_str     0x00003d40       0x75 CMakeFiles/lcd_1602_i2c.dir/home/devel/pico2/pico-sdk/src/rp2_common/hardware_pll/pll.c.o
                                0x48f (size before relaxing)
 .debug_str     0x00003db5       0xfc CMakeFiles/lcd_1602_i2c.dir/home/devel/pico2/pico-sdk/src/rp2_common/hardware_ticks/ticks.c.o
                                0x2bc (size before relaxing)
 .debug_str     0x00003eb1      0x269 CMakeFiles/lcd_1602_i2c.dir/home/devel/pico2/pico-sdk/src/rp2_common/pico_bootrom/bootrom.c.o
                                0x681 (size before relaxing)
 .debug_str     0x0000411a       0xcc CMakeFiles/lcd_1602_i2c.dir/home/devel/pico2/pico-sdk/src/rp2_common/pico_bootrom/bootrom_lock.c.o
                                0x2a4 (size before relaxing)
 .debug_str     0x000041e6       0x94 CMakeFiles/lcd_1602_i2c.dir/home/devel/pico2/pico-sdk/src/rp2_common/hardware_boot_lock/boot_lock.c.o
                                0x282 (size before relaxing)
 .debug_str     0x0000427a       0x75 CMakeFiles/lcd_1602_i2c.dir/home/devel/pico2/pico-sdk/src/rp2_common/hardware_xosc/xosc.c.o
                                0x235 (size before relaxing)
 .debug_str     0x000042ef       0xea CMakeFiles/lcd_1602_i2c.dir/home/devel/pico2/pico-sdk/src/rp2_common/pico_runtime/runtime.c.o
                                0x296 (size before relaxing)
 .debug_str     0x000043d9      0x380 CMakeFiles/lcd_1602_i2c.dir/home/devel/pico2/pico-sdk/src/rp2_common/pico_runtime_init/runtime_init.c.o
                               0x11d0 (size before relaxing)
 .debug_str     0x00004759       0x62 CMakeFiles/lcd_1602_i2c.dir/home/devel/pico2/pico-sdk/src/rp2_common/pico_runtime_init/runtime_init_clocks.c.o
                                0x4d7 (size before relaxing)
 .debug_str     0x000047bb      0x237 CMakeFiles/lcd_1602_i2c.dir/home/devel/pico2/pico-sdk/src/rp2_common/pico_standard_binary_info/standard_binary_info.c.o
                                0x3e6 (size before relaxing)
 .debug_str     0x000049f2      0x25d CMakeFiles/lcd_1602_i2c.dir/home/devel/pico2/pico-sdk/src/rp2_common/pico_printf/printf.c.o
                                0x492 (size before relaxing)
 .debug_str     0x00004c4f       0x47 CMakeFiles/lcd_1602_i2c.dir/home/devel/pico2/pico-sdk/src/rp2_common/pico_crt0/crt0.S.o
                                 0x86 (size before relaxing)
 .debug_str     0x00004c96      0x30a CMakeFiles/lcd_1602_i2c.dir/home/devel/pico2/pico-sdk/src/rp2_common/pico_clib_interface/newlib_interface.c.o
                                0x88e (size before relaxing)
 .debug_str     0x00004fa0      0x2d5 CMakeFiles/lcd_1602_i2c.dir/home/devel/pico2/pico-sdk/src/rp2_common/pico_stdio/stdio.c.o
                                0xfca (size before relaxing)
 .debug_str     0x00005275      0x3a7 CMakeFiles/lcd_1602_i2c.dir/home/devel/pico2/pico-sdk/src/rp2_common/pico_stdio_uart/stdio_uart.c.o
                               0x1163 (size before relaxing)
 .debug_str     0x0000561c      0x2bd CMakeFiles/lcd_1602_i2c.dir/home/devel/pico2/pico-sdk/src/rp2_common/hardware_i2c/i2c.c.o
                               0x1235 (size before relaxing)
 .debug_str     0x000058d9       0xa5 /usr/lib/gcc/arm-none-eabi/12.2.1/../../../arm-none-eabi/lib/thumb/v8-m.main+fp/softfp/libg.a(lib_a-memcpy.o)
                                 0xb8 (size before relaxing)
 .debug_str     0x0000597e       0xb2 /usr/lib/gcc/arm-none-eabi/12.2.1/../../../arm-none-eabi/lib/thumb/v8-m.main+fp/softfp/libg.a(lib_a-strlen-stub.o)
                                0x1b7 (size before relaxing)

.debug_frame    0x00000000     0x21e8
 .debug_frame   0x00000000      0x174 CMakeFiles/lcd_1602_i2c.dir/lcd_1602_i2c.c.o
 .debug_frame   0x00000174      0x39c CMakeFiles/lcd_1602_i2c.dir/home/devel/pico2/pico-sdk/src/rp2_common/hardware_gpio/gpio.c.o
 .debug_frame   0x00000510       0x4c CMakeFiles/lcd_1602_i2c.dir/home/devel/pico2/pico-sdk/src/rp2_common/pico_platform_panic/panic.c.o
 .debug_frame   0x0000055c       0x94 CMakeFiles/lcd_1602_i2c.dir/home/devel/pico2/pico-sdk/src/common/hardware_claim/claim.c.o
 .debug_frame   0x000005f0       0x98 CMakeFiles/lcd_1602_i2c.dir/home/devel/pico2/pico-sdk/src/rp2_common/hardware_sync/sync.c.o
 .debug_frame   0x00000688       0x40 CMakeFiles/lcd_1602_i2c.dir/home/devel/pico2/pico-sdk/src/rp2_common/hardware_sync_spin_lock/sync_spin_lock.c.o
 .debug_frame   0x000006c8      0x1bc CMakeFiles/lcd_1602_i2c.dir/home/devel/pico2/pico-sdk/src/rp2_common/hardware_irq/irq.c.o
 .debug_frame   0x00000884       0x20 CMakeFiles/lcd_1602_i2c.dir/home/devel/pico2/pico-sdk/src/common/pico_sync/lock_core.c.o
 .debug_frame   0x000008a4      0x1d4 CMakeFiles/lcd_1602_i2c.dir/home/devel/pico2/pico-sdk/src/common/pico_sync/mutex.c.o
 .debug_frame   0x00000a78      0x358 CMakeFiles/lcd_1602_i2c.dir/home/devel/pico2/pico-sdk/src/common/pico_time/time.c.o
 .debug_frame   0x00000dd0      0x2d8 CMakeFiles/lcd_1602_i2c.dir/home/devel/pico2/pico-sdk/src/rp2_common/hardware_timer/timer.c.o
 .debug_frame   0x000010a8       0xfc CMakeFiles/lcd_1602_i2c.dir/home/devel/pico2/pico-sdk/src/rp2_common/hardware_uart/uart.c.o
 .debug_frame   0x000011a4      0x1ec CMakeFiles/lcd_1602_i2c.dir/home/devel/pico2/pico-sdk/src/rp2_common/hardware_clocks/clocks.c.o
 .debug_frame   0x00001390       0x44 CMakeFiles/lcd_1602_i2c.dir/home/devel/pico2/pico-sdk/src/rp2_common/hardware_pll/pll.c.o
 .debug_frame   0x000013d4       0x40 CMakeFiles/lcd_1602_i2c.dir/home/devel/pico2/pico-sdk/src/rp2_common/hardware_ticks/ticks.c.o
 .debug_frame   0x00001414       0xfc CMakeFiles/lcd_1602_i2c.dir/home/devel/pico2/pico-sdk/src/rp2_common/pico_bootrom/bootrom.c.o
 .debug_frame   0x00001510       0x20 CMakeFiles/lcd_1602_i2c.dir/home/devel/pico2/pico-sdk/src/rp2_common/pico_bootrom/bootrom_lock.c.o
 .debug_frame   0x00001530       0x40 CMakeFiles/lcd_1602_i2c.dir/home/devel/pico2/pico-sdk/src/rp2_common/hardware_boot_lock/boot_lock.c.o